###############################################################################
#
# IAR ELF Linker V8.40.1.212/W32 for ARM                  12/Dec/2023  13:54:13
# Copyright 2007-2019 IAR Systems AB.
#
#    Output file  =
#        E:\AnyID\Git\CanOpen_CanFestival_Stu\Boot\CanOpen\Build\Exe\Boot.out
#    Map file     =
#        E:\AnyID\Git\CanOpen_CanFestival_Stu\Boot\CanOpen\Build\List\Boot.map
#    Command line =
#        -f C:\Users\Administrator\AppData\Local\Temp\EW9564.tmp
#        (E:\AnyID\Git\CanOpen_CanFestival_Stu\Boot\CanOpen\Build\Obj\AnyID_Boot_Device.o
#        E:\AnyID\Git\CanOpen_CanFestival_Stu\Boot\CanOpen\Build\Obj\AnyID_Boot_EC20.o
#        E:\AnyID\Git\CanOpen_CanFestival_Stu\Boot\CanOpen\Build\Obj\AnyID_Boot_EC20_HL.o
#        E:\AnyID\Git\CanOpen_CanFestival_Stu\Boot\CanOpen\Build\Obj\AnyID_Boot_Flash_HL.o
#        E:\AnyID\Git\CanOpen_CanFestival_Stu\Boot\CanOpen\Build\Obj\AnyID_Boot_FlashM25.o
#        E:\AnyID\Git\CanOpen_CanFestival_Stu\Boot\CanOpen\Build\Obj\AnyID_Boot_FRam.o
#        E:\AnyID\Git\CanOpen_CanFestival_Stu\Boot\CanOpen\Build\Obj\AnyID_Boot_FRam_HL.o
#        E:\AnyID\Git\CanOpen_CanFestival_Stu\Boot\CanOpen\Build\Obj\AnyID_Boot_Gate.o
#        E:\AnyID\Git\CanOpen_CanFestival_Stu\Boot\CanOpen\Build\Obj\AnyID_Boot_Gate_HL.o
#        E:\AnyID\Git\CanOpen_CanFestival_Stu\Boot\CanOpen\Build\Obj\AnyID_Boot_SysCfg.o
#        E:\AnyID\Git\CanOpen_CanFestival_Stu\Boot\CanOpen\Build\Obj\AnyID_Boot_SysTick_HL.o
#        E:\AnyID\Git\CanOpen_CanFestival_Stu\Boot\CanOpen\Build\Obj\AnyID_Boot_Uart.o
#        E:\AnyID\Git\CanOpen_CanFestival_Stu\Boot\CanOpen\Build\Obj\AnyID_FlashM25.o
#        E:\AnyID\Git\CanOpen_CanFestival_Stu\Boot\CanOpen\Build\Obj\AnyID_FRam.o
#        E:\AnyID\Git\CanOpen_CanFestival_Stu\Boot\CanOpen\Build\Obj\AnyID_Stdlib.o
#        E:\AnyID\Git\CanOpen_CanFestival_Stu\Boot\CanOpen\Build\Obj\AnyID_Uart_Receive.o
#        E:\AnyID\Git\CanOpen_CanFestival_Stu\Boot\CanOpen\Build\Obj\main.o
#        E:\AnyID\Git\CanOpen_CanFestival_Stu\Boot\CanOpen\Build\Obj\misc.o
#        E:\AnyID\Git\CanOpen_CanFestival_Stu\Boot\CanOpen\Build\Obj\startup_stm32f10x_hd.o
#        E:\AnyID\Git\CanOpen_CanFestival_Stu\Boot\CanOpen\Build\Obj\stm32f10x_flash.o
#        E:\AnyID\Git\CanOpen_CanFestival_Stu\Boot\CanOpen\Build\Obj\stm32f10x_gpio.o
#        E:\AnyID\Git\CanOpen_CanFestival_Stu\Boot\CanOpen\Build\Obj\stm32f10x_it.o
#        E:\AnyID\Git\CanOpen_CanFestival_Stu\Boot\CanOpen\Build\Obj\stm32f10x_iwdg.o
#        E:\AnyID\Git\CanOpen_CanFestival_Stu\Boot\CanOpen\Build\Obj\stm32f10x_rcc.o
#        E:\AnyID\Git\CanOpen_CanFestival_Stu\Boot\CanOpen\Build\Obj\stm32f10x_spi.o
#        E:\AnyID\Git\CanOpen_CanFestival_Stu\Boot\CanOpen\Build\Obj\stm32f10x_usart.o
#        E:\AnyID\Git\CanOpen_CanFestival_Stu\Boot\CanOpen\Build\Obj\system_stm32f10x.o
#        --redirect _Printf=_PrintfFull --redirect _Scanf=_ScanfFull
#        --no_out_extension -o
#        E:\AnyID\Git\CanOpen_CanFestival_Stu\Boot\CanOpen\Build\Exe\Boot.out
#        --map
#        E:\AnyID\Git\CanOpen_CanFestival_Stu\Boot\CanOpen\Build\List\Boot.map
#        --config
#        E:\AnyID\Git\CanOpen_CanFestival_Stu\Boot\CanOpen\stm32f10x_flash.icf
#        --semihosting --entry __iar_program_start --vfe --text_out locale)
#
###############################################################################

*******************************************************************************
*** RUNTIME MODEL ATTRIBUTES
***

CppFlavor       = *
__SystemLibrary = DLib
__dlib_version  = 6


*******************************************************************************
*** HEAP SELECTION
***

The basic heap was selected because no calls to memory allocation
functions were found in the application outside of system library
functions, and there are calls to deallocation functions in the
application.


*******************************************************************************
*** PLACEMENT SUMMARY
***

"A0":  place at address 0x800'0000 { ro section .intvec };
"P1":  place in [from 0x800'0000 to 0x80f'ffff] { ro };
define block CSTACK with size = 1K, alignment = 8 { };
define block HEAP with size = 512, alignment = 8 { };
"P2":  place in [from 0x2000'0000 to 0x2001'7fff] {
          rw, block CSTACK, block HEAP };
initialize by copy { rw };

  Section            Kind         Address    Size  Object
  -------            ----         -------    ----  ------
"A0":                                       0x130
  .intvec            ro code   0x800'0000   0x130  startup_stm32f10x_hd.o [1]
                             - 0x800'0130   0x130

"P1":                                      0x19d8
  .text              ro code   0x800'0130   0x318  stm32f10x_rcc.o [1]
  .text              ro code   0x800'0448   0x29a  stm32f10x_usart.o [1]
  .text              ro code   0x800'06e2   0x236  AnyID_FRam.o [1]
  .text              ro code   0x800'0918   0x21c  AnyID_Boot_FRam_HL.o [1]
  .text              ro code   0x800'0b34   0x178  stm32f10x_gpio.o [1]
  .text              ro code   0x800'0cac   0x21c  AnyID_Boot_FRam.o [1]
  .text              ro code   0x800'0ec8    0x66  ABImemset.o [3]
  .text              ro code   0x800'0f2e    0x3a  zero_init3.o [3]
  .text              ro code   0x800'0f68    0x48  AnyID_Stdlib.o [1]
  .text              ro code   0x800'0fb0    0xa6  ABImemcpy.o [3]
  .text              ro code   0x800'1056    0x2e  copy_init3.o [3]
  .text              ro code   0x800'1084   0x18c  AnyID_Boot_SysCfg.o [1]
  .text              ro code   0x800'1210    0x2c  stm32f10x_flash.o [1]
  .text              ro code   0x800'123c    0xb8  misc.o [1]
  .text              ro code   0x800'12f4   0x10c  AnyID_Boot_Flash_HL.o [1]
  .text              ro code   0x800'1400    0x20  AnyID_FlashM25.o [1]
  .text              ro code   0x800'1420   0x128  AnyID_Boot_Gate_HL.o [1]
  .text              ro code   0x800'1548    0xa4  AnyID_Boot_SysTick_HL.o [1]
  .text              ro code   0x800'15ec    0x78  stm32f10x_spi.o [1]
  .text              ro code   0x800'1664   0x110  system_stm32f10x.o [1]
  .text              ro code   0x800'1774    0xf0  AnyID_Uart_Receive.o [1]
  .text              ro code   0x800'1864    0x8a  stm32f10x_it.o [1]
  .text              ro code   0x800'18f0    0x28  data_init.o [3]
  .iar.init_table    const     0x800'1918    0x24  - Linker created -
  .text              ro code   0x800'193c    0x1e  cmain.o [3]
  .text              ro code   0x800'195a     0x4  low_level_init.o [2]
  .text              ro code   0x800'195e    0x10  main.o [1]
  .text              ro code   0x800'196e     0x4  exit.o [2]
  .text              ro code   0x800'1974     0xa  cexit.o [3]
  .text              ro code   0x800'1980    0x14  exit.o [4]
  .rodata            const     0x800'1994    0x18  AnyID_Boot_FRam.o [1]
  Initializer bytes  const     0x800'19ac    0x14  <for P2-1>
  .text              ro code   0x800'19c0    0x10  startup_stm32f10x_hd.o [1]
  .text              ro code   0x800'19d0     0xc  cstartup_M.o [3]
  .rodata            const     0x800'19dc     0x8  AnyID_Boot_Flash_HL.o [1]
  .rodata            const     0x800'19e4     0x8  AnyID_Boot_Flash_HL.o [1]
  .rodata            const     0x800'19ec     0x8  AnyID_Boot_FRam_HL.o [1]
  .rodata            const     0x800'19f4     0x8  AnyID_Boot_FRam_HL.o [1]
  .rodata            const     0x800'19fc     0x8  AnyID_Boot_Gate_HL.o [1]
  .rodata            const     0x800'1a04     0x8  AnyID_Boot_Gate_HL.o [1]
  .rodata            const     0x800'1a0c     0x8  AnyID_Boot_Gate_HL.o [1]
  .rodata            const     0x800'1a14     0x8  AnyID_Boot_SysCfg.o [1]
  .rodata            const     0x800'1a1c     0x8  AnyID_Boot_SysCfg.o [1]
  .text              ro code   0x800'1a24     0x4  startup_stm32f10x_hd.o [1]
  .text              ro code   0x800'1a28     0x4  startup_stm32f10x_hd.o [1]
  .text              ro code   0x800'1a2c     0x4  startup_stm32f10x_hd.o [1]
  .text              ro code   0x800'1a30     0x4  startup_stm32f10x_hd.o [1]
  .text              ro code   0x800'1a34     0x4  startup_stm32f10x_hd.o [1]
  .text              ro code   0x800'1a38     0x4  startup_stm32f10x_hd.o [1]
  .text              ro code   0x800'1a3c     0x4  startup_stm32f10x_hd.o [1]
  .text              ro code   0x800'1a40     0x4  startup_stm32f10x_hd.o [1]
  .text              ro code   0x800'1a44     0x4  startup_stm32f10x_hd.o [1]
  .text              ro code   0x800'1a48     0x4  startup_stm32f10x_hd.o [1]
  .text              ro code   0x800'1a4c     0x4  startup_stm32f10x_hd.o [1]
  .text              ro code   0x800'1a50     0x4  startup_stm32f10x_hd.o [1]
  .text              ro code   0x800'1a54     0x4  startup_stm32f10x_hd.o [1]
  .text              ro code   0x800'1a58     0x4  startup_stm32f10x_hd.o [1]
  .text              ro code   0x800'1a5c     0x4  startup_stm32f10x_hd.o [1]
  .text              ro code   0x800'1a60     0x4  startup_stm32f10x_hd.o [1]
  .text              ro code   0x800'1a64     0x4  startup_stm32f10x_hd.o [1]
  .text              ro code   0x800'1a68     0x4  startup_stm32f10x_hd.o [1]
  .text              ro code   0x800'1a6c     0x4  startup_stm32f10x_hd.o [1]
  .text              ro code   0x800'1a70     0x4  startup_stm32f10x_hd.o [1]
  .text              ro code   0x800'1a74     0x4  startup_stm32f10x_hd.o [1]
  .text              ro code   0x800'1a78     0x4  startup_stm32f10x_hd.o [1]
  .text              ro code   0x800'1a7c     0x4  startup_stm32f10x_hd.o [1]
  .text              ro code   0x800'1a80     0x4  startup_stm32f10x_hd.o [1]
  .text              ro code   0x800'1a84     0x4  startup_stm32f10x_hd.o [1]
  .text              ro code   0x800'1a88     0x4  startup_stm32f10x_hd.o [1]
  .text              ro code   0x800'1a8c     0x4  startup_stm32f10x_hd.o [1]
  .text              ro code   0x800'1a90     0x4  startup_stm32f10x_hd.o [1]
  .text              ro code   0x800'1a94     0x4  startup_stm32f10x_hd.o [1]
  .text              ro code   0x800'1a98     0x4  startup_stm32f10x_hd.o [1]
  .text              ro code   0x800'1a9c     0x4  startup_stm32f10x_hd.o [1]
  .text              ro code   0x800'1aa0     0x4  startup_stm32f10x_hd.o [1]
  .text              ro code   0x800'1aa4     0x4  startup_stm32f10x_hd.o [1]
  .text              ro code   0x800'1aa8     0x4  startup_stm32f10x_hd.o [1]
  .text              ro code   0x800'1aac     0x4  startup_stm32f10x_hd.o [1]
  .text              ro code   0x800'1ab0     0x4  startup_stm32f10x_hd.o [1]
  .text              ro code   0x800'1ab4     0x4  startup_stm32f10x_hd.o [1]
  .text              ro code   0x800'1ab8     0x4  startup_stm32f10x_hd.o [1]
  .text              ro code   0x800'1abc     0x4  startup_stm32f10x_hd.o [1]
  .text              ro code   0x800'1ac0     0x4  startup_stm32f10x_hd.o [1]
  .text              ro code   0x800'1ac4     0x4  startup_stm32f10x_hd.o [1]
  .text              ro code   0x800'1ac8     0x4  startup_stm32f10x_hd.o [1]
  .text              ro code   0x800'1acc     0x4  startup_stm32f10x_hd.o [1]
  .text              ro code   0x800'1ad0     0x4  startup_stm32f10x_hd.o [1]
  .text              ro code   0x800'1ad4     0x4  startup_stm32f10x_hd.o [1]
  .text              ro code   0x800'1ad8     0x4  startup_stm32f10x_hd.o [1]
  .text              ro code   0x800'1adc     0x4  startup_stm32f10x_hd.o [1]
  .text              ro code   0x800'1ae0     0x4  startup_stm32f10x_hd.o [1]
  .text              ro code   0x800'1ae4     0x4  startup_stm32f10x_hd.o [1]
  .text              ro code   0x800'1ae8     0x4  startup_stm32f10x_hd.o [1]
  .text              ro code   0x800'1aec     0x4  startup_stm32f10x_hd.o [1]
  .text              ro code   0x800'1af0     0x4  startup_stm32f10x_hd.o [1]
  .text              ro code   0x800'1af4     0x4  startup_stm32f10x_hd.o [1]
  .text              ro code   0x800'1af8     0x4  startup_stm32f10x_hd.o [1]
  .text              ro code   0x800'1afc     0x4  startup_stm32f10x_hd.o [1]
  .text              ro code   0x800'1b00     0x4  startup_stm32f10x_hd.o [1]
  .text              ro code   0x800'1b04     0x4  startup_stm32f10x_hd.o [1]
  .rodata            const     0x800'1b08     0x0  zero_init3.o [3]
  .rodata            const     0x800'1b08     0x0  copy_init3.o [3]
                             - 0x800'1b08  0x19d8

"P2", part 1 of 3:                           0x14
  P2-1                        0x2000'0000    0x14  <Init block>
    .data            inited   0x2000'0000    0x10  stm32f10x_rcc.o [1]
    .data            inited   0x2000'0010     0x4  stm32f10x_rcc.o [1]
                            - 0x2000'0014    0x14

"P2", part 2 of 3:                          0x858
  .bss               zero     0x2000'0014   0x80c  AnyID_Boot_Gate.o [1]
  .bss               zero     0x2000'0820    0x38  AnyID_Boot_FRam.o [1]
  .bss               zero     0x2000'0858     0x4  AnyID_Boot_SysCfg.o [1]
  .bss               zero     0x2000'085c     0x4  AnyID_Boot_SysCfg.o [1]
  .bss               zero     0x2000'0860     0x4  AnyID_Boot_SysTick_HL.o [1]
  .bss               zero     0x2000'0864     0x4  AnyID_Boot_SysTick_HL.o [1]
  .bss               zero     0x2000'0868     0x1  stm32f10x_it.o [1]
                            - 0x2000'0869   0x855

"P2", part 3 of 3:                          0x400
  CSTACK                      0x2000'0870   0x400  <Block>
    CSTACK           uninit   0x2000'0870   0x400  <Block tail>
                            - 0x2000'0c70   0x400

Unused ranges:

         From           To      Size
         ----           --      ----
   0x800'1b08   0x80f'ffff  0xf'e4f8
  0x2000'086c  0x2000'086f       0x4
  0x2000'0c70  0x2001'7fff  0x1'7390


*******************************************************************************
*** INIT TABLE
***

          Address      Size
          -------      ----
Zero (__iar_zero_init3)
    1 destination range, total size 0x855:
          0x2000'0014  0x855

Copy (__iar_copy_init3)
    1 source range, total size 0x14:
           0x800'19ac   0x14
    1 destination range, total size 0x14:
          0x2000'0000   0x14



*******************************************************************************
*** MODULE SUMMARY
***

    Module                   ro code  ro data  rw data
    ------                   -------  -------  -------
command line/config:
    --------------------------------------------------
    Total:

E:\AnyID\Git\CanOpen_CanFestival_Stu\Boot\CanOpen\Build\Obj: [1]
    AnyID_Boot_FRam.o            540       24       56
    AnyID_Boot_FRam_HL.o         540       16
    AnyID_Boot_Flash_HL.o        268       16
    AnyID_Boot_Gate.o                            2'060
    AnyID_Boot_Gate_HL.o         296       24
    AnyID_Boot_SysCfg.o          396       16        8
    AnyID_Boot_SysTick_HL.o      164                 8
    AnyID_FRam.o                 566
    AnyID_FlashM25.o              32
    AnyID_Stdlib.o                72
    AnyID_Uart_Receive.o         240
    main.o                        16
    misc.o                       184
    startup_stm32f10x_hd.o       548
    stm32f10x_flash.o             44
    stm32f10x_gpio.o             376
    stm32f10x_it.o               138                 1
    stm32f10x_rcc.o              792       20       20
    stm32f10x_spi.o              120
    stm32f10x_usart.o            666
    system_stm32f10x.o           272
    --------------------------------------------------
    Total:                     6'270      116    2'153

dl7M_tlf.a: [2]
    exit.o                         4
    low_level_init.o               4
    --------------------------------------------------
    Total:                         8

rt7M_tl.a: [3]
    ABImemcpy.o                  166
    ABImemset.o                  102
    cexit.o                       10
    cmain.o                       30
    copy_init3.o                  46
    cstartup_M.o                  12
    data_init.o                   40
    zero_init3.o                  58
    --------------------------------------------------
    Total:                       464

shb_l.a: [4]
    exit.o                        20
    --------------------------------------------------
    Total:                        20

    Gaps                           6
    Linker created                         36    1'024
------------------------------------------------------
    Grand Total:               6'768      152    3'177


*******************************************************************************
*** ENTRY LIST
***

Entry                       Address   Size  Type      Object
-----                       -------   ----  ----      ------
.iar.init_table$$Base    0x800'1918          --   Gb  - Linker created -
.iar.init_table$$Limit   0x800'193c          --   Gb  - Linker created -
?main                    0x800'193d         Code  Gb  cmain.o [3]
ADCPrescTable           0x2000'0010    0x4  Data  Lc  stm32f10x_rcc.o [1]
APBAHBPrescTable        0x2000'0000   0x10  Data  Lc  stm32f10x_rcc.o [1]
BusFault_Handler         0x800'186b    0x2  Code  Gb  stm32f10x_it.o [1]
CSTACK$$Base            0x2000'0870          --   Gb  - Linker created -
CSTACK$$Limit           0x2000'0c70          --   Gb  - Linker created -
DMA1_Channel1_IRQHandler
                         0x800'18ed    0x2  Code  Gb  stm32f10x_it.o [1]
DebugMon_Handler         0x800'1871    0x2  Code  Gb  stm32f10x_it.o [1]
FLASH_CS_COM             0x800'19dc    0x8  Data  Gb  AnyID_Boot_Flash_HL.o [1]
FLASH_PORT_SPI           0x800'19e4    0x8  Data  Gb  AnyID_Boot_Flash_HL.o [1]
FLASH_PrefetchBufferCmd
                         0x800'1223   0x14  Code  Gb  stm32f10x_flash.o [1]
FLASH_SetLatency         0x800'1211   0x12  Code  Gb  stm32f10x_flash.o [1]
FRAM_SCL_PORT            0x800'19f4    0x8  Data  Gb  AnyID_Boot_FRam_HL.o [1]
FRAM_SDA_PORT            0x800'19ec    0x8  Data  Gb  AnyID_Boot_FRam_HL.o [1]
FRam_Delayms             0x800'0957   0x12  Code  Gb  AnyID_Boot_FRam_HL.o [1]
FRam_I2CAck              0x800'09f1   0x30  Code  Gb  AnyID_Boot_FRam_HL.o [1]
FRam_I2CDelay            0x800'0949    0xe  Code  Gb  AnyID_Boot_FRam_HL.o [1]
FRam_I2CNoAck            0x800'0a21   0x30  Code  Gb  AnyID_Boot_FRam_HL.o [1]
FRam_I2CReceiveByte      0x800'0add   0x4e  Code  Gb  AnyID_Boot_FRam_HL.o [1]
FRam_I2CSendByte         0x800'0a93   0x4a  Code  Gb  AnyID_Boot_FRam_HL.o [1]
FRam_I2CStart            0x800'0969   0x58  Code  Gb  AnyID_Boot_FRam_HL.o [1]
FRam_I2CStop             0x800'09c1   0x30  Code  Gb  AnyID_Boot_FRam_HL.o [1]
FRam_I2CWaitAck          0x800'0a51   0x42  Code  Gb  AnyID_Boot_FRam_HL.o [1]
FRam_InitInterface       0x800'0919   0x30  Code  Gb  AnyID_Boot_FRam_HL.o [1]
FRam_ReadBuffer          0x800'06e3   0xe2  Code  Gb  AnyID_FRam.o [1]
FRam_WriteBuffer         0x800'0871   0xa8  Code  Gb  AnyID_FRam.o [1]
FRam_WritePage           0x800'07c5   0xac  Code  Gb  AnyID_FRam.o [1]
Flash_Init               0x800'1401   0x1a  Code  Gb  AnyID_FlashM25.o [1]
Flash_InitInterface      0x800'12f5   0xb8  Code  Gb  AnyID_Boot_Flash_HL.o [1]
Flash_WriteByte          0x800'13ad   0x46  Code  Gb  AnyID_Boot_Flash_HL.o [1]
Fram_ReadBootParamenter
                         0x800'0cad  0x176  Code  Gb  AnyID_Boot_FRam.o [1]
Fram_WriteBackupBootParamenter
                         0x800'0e7d   0x44  Code  Gb  AnyID_Boot_FRam.o [1]
Fram_WriteBootParamenter
                         0x800'0e23   0x5a  Code  Gb  AnyID_Boot_FRam.o [1]
GATE_PORT_CTRL           0x800'1a0c    0x8  Data  Gb  AnyID_Boot_Gate_HL.o [1]
GATE_PORT_RX             0x800'1a04    0x8  Data  Gb  AnyID_Boot_Gate_HL.o [1]
GATE_PORT_TX             0x800'19fc    0x8  Data  Gb  AnyID_Boot_Gate_HL.o [1]
GPIO_Init                0x800'0b35   0xea  Code  Gb  stm32f10x_gpio.o [1]
GPIO_PinRemapConfig      0x800'0c1f   0x84  Code  Gb  stm32f10x_gpio.o [1]
Gate_ConfigInt           0x800'14db   0x2e  Code  Gb  AnyID_Boot_Gate_HL.o [1]
Gate_EnableInt           0x800'1509   0x30  Code  Gb  AnyID_Boot_Gate_HL.o [1]
Gate_InitInterface       0x800'1421   0xba  Code  Gb  AnyID_Boot_Gate_HL.o [1]
HardFault_Handler        0x800'1867    0x2  Code  Gb  stm32f10x_it.o [1]
MemManage_Handler        0x800'1869    0x2  Code  Gb  stm32f10x_it.o [1]
NMI_Handler              0x800'1865    0x2  Code  Gb  stm32f10x_it.o [1]
NVIC_Init                0x800'1247   0x66  Code  Gb  misc.o [1]
NVIC_PriorityGroupConfig
                         0x800'123d    0xa  Code  Gb  misc.o [1]
NVIC_SetVectorTable      0x800'12ad    0xc  Code  Gb  misc.o [1]
PendSV_Handler           0x800'1873    0x2  Code  Gb  stm32f10x_it.o [1]
RCC_ADCCLKConfig         0x800'025d   0x10  Code  Gb  stm32f10x_rcc.o [1]
RCC_APB1PeriphClockCmd   0x800'0361   0x1c  Code  Gb  stm32f10x_rcc.o [1]
RCC_APB1PeriphResetCmd   0x800'0399   0x1c  Code  Gb  stm32f10x_rcc.o [1]
RCC_APB2PeriphClockCmd   0x800'0345   0x1c  Code  Gb  stm32f10x_rcc.o [1]
RCC_APB2PeriphResetCmd   0x800'037d   0x1c  Code  Gb  stm32f10x_rcc.o [1]
RCC_DeInit               0x800'0131   0x40  Code  Gb  stm32f10x_rcc.o [1]
RCC_GetClocksFreq        0x800'026d   0xd8  Code  Gb  stm32f10x_rcc.o [1]
RCC_GetFlagStatus        0x800'03b5   0x46  Code  Gb  stm32f10x_rcc.o [1]
RCC_GetSYSCLKSource      0x800'021b    0xa  Code  Gb  stm32f10x_rcc.o [1]
RCC_HCLKConfig           0x800'0225   0x10  Code  Gb  stm32f10x_rcc.o [1]
RCC_HSEConfig            0x800'0171   0x3a  Code  Gb  stm32f10x_rcc.o [1]
RCC_PCLK1Config          0x800'0235   0x10  Code  Gb  stm32f10x_rcc.o [1]
RCC_PCLK2Config          0x800'0245   0x12  Code  Gb  stm32f10x_rcc.o [1]
RCC_PLLCmd               0x800'0201    0xa  Code  Gb  stm32f10x_rcc.o [1]
RCC_PLLConfig            0x800'01e9   0x18  Code  Gb  stm32f10x_rcc.o [1]
RCC_SYSCLKConfig         0x800'020b   0x10  Code  Gb  stm32f10x_rcc.o [1]
RCC_USBCLKConfig         0x800'0257    0x6  Code  Gb  stm32f10x_rcc.o [1]
RCC_WaitForHSEStartUp    0x800'01ab   0x3e  Code  Gb  stm32f10x_rcc.o [1]
Region$$Table$$Base      0x800'1918          --   Gb  - Linker created -
Region$$Table$$Limit     0x800'193c          --   Gb  - Linker created -
SPI_Cmd                  0x800'162b   0x1e  Code  Gb  stm32f10x_spi.o [1]
SPI_I2S_GetFlagStatus    0x800'1651   0x14  Code  Gb  stm32f10x_spi.o [1]
SPI_I2S_ReceiveData      0x800'164d    0x4  Code  Gb  stm32f10x_spi.o [1]
SPI_I2S_SendData         0x800'1649    0x4  Code  Gb  stm32f10x_spi.o [1]
SPI_Init                 0x800'15ed   0x3e  Code  Gb  stm32f10x_spi.o [1]
STick_InitSysTick        0x800'15a5   0x26  Code  Gb  AnyID_Boot_SysTick_HL.o [1]
SVC_Handler              0x800'186f    0x2  Code  Gb  stm32f10x_it.o [1]
SYS_DATALED_COM          0x800'1a1c    0x8  Data  Gb  AnyID_Boot_SysCfg.o [1]
SYS_RUNLED_COM           0x800'1a14    0x8  Data  Gb  AnyID_Boot_SysCfg.o [1]
SetSysClock              0x800'16a1    0x8  Code  Lc  system_stm32f10x.o [1]
SetSysClockTo72          0x800'16a9   0xb0  Code  Lc  system_stm32f10x.o [1]
SysTick_CLKSourceConfig
                         0x800'12b9   0x1c  Code  Gb  misc.o [1]
SysTick_Config           0x800'1575   0x30  Code  Lc  AnyID_Boot_SysTick_HL.o [1]
SysTick_Handler          0x800'1875   0x28  Code  Gb  stm32f10x_it.o [1]
Sys_BootTask             0x800'11f9    0x2  Code  Gb  AnyID_Boot_SysCfg.o [1]
Sys_CfgClock             0x800'1085   0x76  Code  Gb  AnyID_Boot_SysCfg.o [1]
Sys_CfgNVIC              0x800'1117   0x16  Code  Gb  AnyID_Boot_SysCfg.o [1]
Sys_CfgPeriphClk         0x800'10fb   0x1c  Code  Gb  AnyID_Boot_SysCfg.o [1]
Sys_CtrlIOInit           0x800'112d   0x38  Code  Gb  AnyID_Boot_SysCfg.o [1]
Sys_Init                 0x800'1165   0x52  Code  Gb  AnyID_Boot_SysCfg.o [1]
Sys_LedTask              0x800'11b7   0x42  Code  Gb  AnyID_Boot_SysCfg.o [1]
Sys_LedTask::ledTimes   0x2000'085c    0x4  Data  Lc  AnyID_Boot_SysCfg.o [1]
SystemInit               0x800'1665   0x3c  Code  Gb  system_stm32f10x.o [1]
UART4_IRQHandler         0x800'189f   0x36  Code  Gb  stm32f10x_it.o [1]
UART5_IRQHandler         0x800'189d    0x2  Code  Gb  stm32f10x_it.o [1]
USART_ClearITPendingBit
                         0x800'06bd   0x26  Code  Gb  stm32f10x_usart.o [1]
USART_Cmd                0x800'05c5   0x1e  Code  Gb  stm32f10x_usart.o [1]
USART_DeInit             0x800'0449   0x90  Code  Gb  stm32f10x_usart.o [1]
USART_GetITStatus        0x800'0653   0x6a  Code  Gb  stm32f10x_usart.o [1]
USART_ITConfig           0x800'05e3   0x70  Code  Gb  stm32f10x_usart.o [1]
USART_Init               0x800'04d9   0xd6  Code  Gb  stm32f10x_usart.o [1]
Uart_ReceiveFrame        0x800'1775   0xf0  Code  Gb  AnyID_Uart_Receive.o [1]
UsageFault_Handler       0x800'186d    0x2  Code  Gb  stm32f10x_it.o [1]
__NVIC_SetPriority       0x800'1549   0x2c  Code  Lc  AnyID_Boot_SysTick_HL.o [1]
__aeabi_memcpy           0x800'0fb1         Code  Gb  ABImemcpy.o [3]
__aeabi_memcpy4          0x800'0fd1         Code  Gb  ABImemcpy.o [3]
__aeabi_memcpy8          0x800'0fd1         Code  Gb  ABImemcpy.o [3]
__aeabi_memset           0x800'0ec9         Code  Gb  ABImemset.o [3]
__cmain                  0x800'193d         Code  Gb  cmain.o [3]
__exit                   0x800'1981   0x14  Code  Gb  exit.o [4]
__iar_Memset             0x800'0ec9         Code  Gb  ABImemset.o [3]
__iar_Memset_word        0x800'0ed1         Code  Gb  ABImemset.o [3]
__iar_copy_init3         0x800'1057   0x2e  Code  Gb  copy_init3.o [3]
__iar_data_init3         0x800'18f1   0x28  Code  Gb  data_init.o [3]
__iar_program_start      0x800'19d1         Code  Gb  cstartup_M.o [3]
__iar_zero_init3         0x800'0f2f   0x3a  Code  Gb  zero_init3.o [3]
__low_level_init         0x800'195b    0x4  Code  Gb  low_level_init.o [2]
__vector_table           0x800'0000         Data  Gb  startup_stm32f10x_hd.o [1]
_call_main               0x800'1949         Code  Gb  cmain.o [3]
_exit                    0x800'1975         Code  Gb  cexit.o [3]
_main                    0x800'1957         Code  Gb  cmain.o [3]
a_GetCrc                 0x800'0f69   0x48  Code  Gb  AnyID_Stdlib.o [1]
exit                     0x800'196f    0x4  Code  Gb  exit.o [2]
g_nGateRxByte           0x2000'0868    0x1  Data  Gb  stm32f10x_it.o [1]
g_nSysDelay             0x2000'0864    0x4  Data  Gb  AnyID_Boot_SysTick_HL.o [1]
g_nSysState             0x2000'0858    0x4  Data  Gb  AnyID_Boot_SysCfg.o [1]
g_nSysTick              0x2000'0860    0x4  Data  Gb  AnyID_Boot_SysTick_HL.o [1]
g_sFramBootParamenter   0x2000'0820   0x38  Data  Gb  AnyID_Boot_FRam.o [1]
g_sGateRcvFrame         0x2000'0014  0x80c  Data  Gb  AnyID_Boot_Gate.o [1]
main                     0x800'195f   0x10  Code  Gb  main.o [1]


[1] = E:\AnyID\Git\CanOpen_CanFestival_Stu\Boot\CanOpen\Build\Obj
[2] = dl7M_tlf.a
[3] = rt7M_tl.a
[4] = shb_l.a

  6'768 bytes of readonly  code memory
    152 bytes of readonly  data memory
  3'177 bytes of readwrite data memory

Errors: none
Warnings: none
