###############################################################################
#
# IAR ELF Linker V8.40.1.212/W32 for ARM                  09/Nov/2023  18:41:47
# Copyright 2007-2019 IAR Systems AB.
#
#    Output file  =
#        E:\AnyID\Git\CanOpen_CanFestival_Stu\CanOpen\Build\Exe\CanOpen.out
#    Map file     =
#        E:\AnyID\Git\CanOpen_CanFestival_Stu\CanOpen\Build\List\CanOpen.map
#    Command line =
#        -f C:\Users\Administrator\AppData\Local\Temp\EWFABC.tmp
#        (E:\AnyID\Git\CanOpen_CanFestival_Stu\CanOpen\Build\Obj\AnyID_CanOpen_Can_HL.o
#        E:\AnyID\Git\CanOpen_CanFestival_Stu\CanOpen\Build\Obj\AnyID_CanOpen_Client.o
#        E:\AnyID\Git\CanOpen_CanFestival_Stu\CanOpen\Build\Obj\AnyID_CanOpen_Device.o
#        E:\AnyID\Git\CanOpen_CanFestival_Stu\CanOpen\Build\Obj\AnyID_CanOpen_FRam.o
#        E:\AnyID\Git\CanOpen_CanFestival_Stu\CanOpen\Build\Obj\AnyID_CanOpen_FRam_HL.o
#        E:\AnyID\Git\CanOpen_CanFestival_Stu\CanOpen\Build\Obj\AnyID_CanOpen_Periph_HL.o
#        E:\AnyID\Git\CanOpen_CanFestival_Stu\CanOpen\Build\Obj\AnyID_CanOpen_RTC.o
#        E:\AnyID\Git\CanOpen_CanFestival_Stu\CanOpen\Build\Obj\AnyID_CanOpen_SysCfg.o
#        E:\AnyID\Git\CanOpen_CanFestival_Stu\CanOpen\Build\Obj\AnyID_CanOpen_SysTick_HL.o
#        E:\AnyID\Git\CanOpen_CanFestival_Stu\CanOpen\Build\Obj\AnyID_CanOpen_Tim_HL.o
#        E:\AnyID\Git\CanOpen_CanFestival_Stu\CanOpen\Build\Obj\AnyID_CanOpen_WDG_HL.o
#        E:\AnyID\Git\CanOpen_CanFestival_Stu\CanOpen\Build\Obj\AnyID_FRam.o
#        E:\AnyID\Git\CanOpen_CanFestival_Stu\CanOpen\Build\Obj\AnyID_Stdlib.o
#        E:\AnyID\Git\CanOpen_CanFestival_Stu\CanOpen\Build\Obj\AnyID_Uart_Receive.o
#        E:\AnyID\Git\CanOpen_CanFestival_Stu\CanOpen\Build\Obj\dcf.o
#        E:\AnyID\Git\CanOpen_CanFestival_Stu\CanOpen\Build\Obj\emcy.o
#        E:\AnyID\Git\CanOpen_CanFestival_Stu\CanOpen\Build\Obj\lifegrd.o
#        E:\AnyID\Git\CanOpen_CanFestival_Stu\CanOpen\Build\Obj\lss.o
#        E:\AnyID\Git\CanOpen_CanFestival_Stu\CanOpen\Build\Obj\main.o
#        E:\AnyID\Git\CanOpen_CanFestival_Stu\CanOpen\Build\Obj\misc.o
#        E:\AnyID\Git\CanOpen_CanFestival_Stu\CanOpen\Build\Obj\nmtMaster.o
#        E:\AnyID\Git\CanOpen_CanFestival_Stu\CanOpen\Build\Obj\nmtSlave.o
#        E:\AnyID\Git\CanOpen_CanFestival_Stu\CanOpen\Build\Obj\objacces.o
#        E:\AnyID\Git\CanOpen_CanFestival_Stu\CanOpen\Build\Obj\pdo.o
#        E:\AnyID\Git\CanOpen_CanFestival_Stu\CanOpen\Build\Obj\sdo.o
#        E:\AnyID\Git\CanOpen_CanFestival_Stu\CanOpen\Build\Obj\startup_stm32f10x_hd.o
#        E:\AnyID\Git\CanOpen_CanFestival_Stu\CanOpen\Build\Obj\states.o
#        E:\AnyID\Git\CanOpen_CanFestival_Stu\CanOpen\Build\Obj\stm32f10x_adc.o
#        E:\AnyID\Git\CanOpen_CanFestival_Stu\CanOpen\Build\Obj\stm32f10x_bkp.o
#        E:\AnyID\Git\CanOpen_CanFestival_Stu\CanOpen\Build\Obj\stm32f10x_can.o
#        E:\AnyID\Git\CanOpen_CanFestival_Stu\CanOpen\Build\Obj\stm32f10x_dma.o
#        E:\AnyID\Git\CanOpen_CanFestival_Stu\CanOpen\Build\Obj\stm32f10x_exti.o
#        E:\AnyID\Git\CanOpen_CanFestival_Stu\CanOpen\Build\Obj\stm32f10x_flash.o
#        E:\AnyID\Git\CanOpen_CanFestival_Stu\CanOpen\Build\Obj\stm32f10x_gpio.o
#        E:\AnyID\Git\CanOpen_CanFestival_Stu\CanOpen\Build\Obj\stm32f10x_it.o
#        E:\AnyID\Git\CanOpen_CanFestival_Stu\CanOpen\Build\Obj\stm32f10x_iwdg.o
#        E:\AnyID\Git\CanOpen_CanFestival_Stu\CanOpen\Build\Obj\stm32f10x_pwr.o
#        E:\AnyID\Git\CanOpen_CanFestival_Stu\CanOpen\Build\Obj\stm32f10x_rcc.o
#        E:\AnyID\Git\CanOpen_CanFestival_Stu\CanOpen\Build\Obj\stm32f10x_rtc.o
#        E:\AnyID\Git\CanOpen_CanFestival_Stu\CanOpen\Build\Obj\stm32f10x_spi.o
#        E:\AnyID\Git\CanOpen_CanFestival_Stu\CanOpen\Build\Obj\stm32f10x_tim.o
#        E:\AnyID\Git\CanOpen_CanFestival_Stu\CanOpen\Build\Obj\stm32f10x_usart.o
#        E:\AnyID\Git\CanOpen_CanFestival_Stu\CanOpen\Build\Obj\sync.o
#        E:\AnyID\Git\CanOpen_CanFestival_Stu\CanOpen\Build\Obj\system_stm32f10x.o
#        E:\AnyID\Git\CanOpen_CanFestival_Stu\CanOpen\Build\Obj\timer.o
#        --redirect _Printf=_PrintfFull --redirect _Scanf=_ScanfFull
#        --no_out_extension -o
#        E:\AnyID\Git\CanOpen_CanFestival_Stu\CanOpen\Build\Exe\CanOpen.out
#        --map
#        E:\AnyID\Git\CanOpen_CanFestival_Stu\CanOpen\Build\List\CanOpen.map
#        --config
#        E:\AnyID\Git\CanOpen_CanFestival_Stu\CanOpen\stm32f10x_flash.icf
#        --semihosting --entry __iar_program_start --vfe --text_out locale)
#
###############################################################################

*******************************************************************************
*** RUNTIME MODEL ATTRIBUTES
***

CppFlavor       = *
__Heap_Handler  = DLMalloc
__SystemLibrary = DLib
__dlib_version  = 6


*******************************************************************************
*** HEAP SELECTION
***

The advanced heap was selected because the application calls memory
allocation functions outside of system library functions, and there
are calls to deallocation functions in the application.


*******************************************************************************
*** PLACEMENT SUMMARY
***

"A0":  place at address 0x800'0000 { ro section .intvec };
"P1":  place in [from 0x800'0000 to 0x80f'ffff] { ro };
define block CSTACK with size = 4K, alignment = 8 { };
define block HEAP with size = 4K, alignment = 8 { };
"P2":  place in [from 0x2000'0000 to 0x2001'7fff] {
          rw, block CSTACK, block HEAP };
initialize by copy { rw };

  Section            Kind         Address    Size  Object
  -------            ----         -------    ----  ------
"A0":                                       0x130
  .intvec            ro code   0x800'0000   0x130  startup_stm32f10x_hd.o [1]
                             - 0x800'0130   0x130

"P1":                                      0x68b5
  .text              ro code   0x800'0130  0x1ce4  dlmalloc.o [2]
  .text              ro code   0x800'1e14     0x6  abort.o [2]
  .text              ro code   0x800'1e1a    0x3a  zero_init3.o [3]
  .text              ro code   0x800'1e54    0x2c  xgetmemchunk.o [2]
  .text              ro code   0x800'1e80    0xa6  ABImemcpy.o [3]
  .rodata            const     0x800'1f26     0x2  AnyID_CanOpen_Client.o [1]
  .text              ro code   0x800'1f28    0x14  exit.o [4]
  .text              ro code   0x800'1f3c  0x1b54  sdo.o [1]
  .text              ro code   0x800'3a90   0x278  objacces.o [1]
  .text              ro code   0x800'3d08     0x8  heaptramp0.o [2]
  .text              ro code   0x800'3d10   0x174  timer.o [1]
  .text              ro code   0x800'3e84   0x1d8  AnyID_CanOpen_Can_HL.o [1]
  .text              ro code   0x800'405c    0xb4  AnyID_CanOpen_Tim_HL.o [1]
  .text              ro code   0x800'4110    0x3a  ABImemset48.o [3]
  .rodata            const     0x800'414a     0x1  AnyID_CanOpen_Client.o [1]
  .text              ro code   0x800'414c   0x10c  stm32f10x_gpio.o [1]
  .text              ro code   0x800'4258   0x38a  stm32f10x_can.o [1]
  .text              ro code   0x800'45e4    0xac  misc.o [1]
  .text              ro code   0x800'4690   0x3ec  states.o [1]
  .text              ro code   0x800'4a7c    0xf0  stm32f10x_tim.o [1]
  .text              ro code   0x800'4b6c    0xfa  sync.o [1]
  .text              ro code   0x800'4c68    0x76  emcy.o [1]
  .text              ro code   0x800'4ce0   0x7e6  pdo.o [1]
  .text              ro code   0x800'54c8   0x366  lifegrd.o [1]
  .text              ro code   0x800'582e    0xe8  nmtSlave.o [1]
  .text              ro code   0x800'5916    0x48  nmtMaster.o [1]
  .text              ro code   0x800'5960    0x68  memcmp.o [3]
  .text              ro code   0x800'59c8   0x228  stm32f10x_rcc.o [1]
  .text              ro code   0x800'5bf0   0x1b0  AnyID_CanOpen_FRam_HL.o [1]
  .text              ro code   0x800'5da0   0x1ac  AnyID_FRam.o [1]
  .text              ro code   0x800'5f4c   0x164  AnyID_CanOpen_SysCfg.o [1]
  .text              ro code   0x800'60b0    0x28  stm32f10x_flash.o [1]
  .text              ro code   0x800'60d8   0x10c  AnyID_CanOpen_Device.o [1]
  .text              ro code   0x800'61e4    0x78  AnyID_CanOpen_SysTick_HL.o [1]
  .text              ro code   0x800'625c    0xa8  AnyID_CanOpen_Periph_HL.o [1]
  .text              ro code   0x800'6304    0x40  AnyID_Stdlib.o [1]
  .text              ro code   0x800'6344    0xec  AnyID_CanOpen_FRam.o [1]
  .text              ro code   0x800'6430    0xec  system_stm32f10x.o [1]
  .text              ro code   0x800'651c    0x88  stm32f10x_rtc.o [1]
  .text              ro code   0x800'65a4    0x78  lz77_init_single.o [3]
  .text              ro code   0x800'661c    0x74  stm32f10x_it.o [1]
  .text              ro code   0x800'6690    0x54  AnyID_CanOpen_Client.o [1]
  .rodata            const     0x800'66e4    0x28  AnyID_CanOpen_Client.o [1]
  .text              ro code   0x800'670c    0x28  data_init.o [3]
  .iar.init_table    const     0x800'6734    0x20  - Linker created -
  .text              ro code   0x800'6754    0x1e  cmain.o [3]
  .text              ro code   0x800'6772     0x4  low_level_init.o [2]
  .text              ro code   0x800'6776    0x10  main.o [1]
  .text              ro code   0x800'6786     0x4  exit.o [2]
  .text              ro code   0x800'678c     0xa  cexit.o [3]
  .text              ro code   0x800'6798    0x10  startup_stm32f10x_hd.o [1]
  .rodata            const     0x800'67a8     0xc  AnyID_CanOpen_Client.o [1]
  .rodata            const     0x800'67b4     0xc  AnyID_CanOpen_Client.o [1]
  .text              ro code   0x800'67c0     0xc  cstartup_M.o [3]
  .text              ro code   0x800'67cc     0x4  startup_stm32f10x_hd.o [1]
  .text              ro code   0x800'67d0     0x4  startup_stm32f10x_hd.o [1]
  .text              ro code   0x800'67d4     0x4  startup_stm32f10x_hd.o [1]
  .text              ro code   0x800'67d8     0x4  startup_stm32f10x_hd.o [1]
  .text              ro code   0x800'67dc     0x4  startup_stm32f10x_hd.o [1]
  .text              ro code   0x800'67e0     0x4  startup_stm32f10x_hd.o [1]
  .text              ro code   0x800'67e4     0x4  startup_stm32f10x_hd.o [1]
  .text              ro code   0x800'67e8     0x4  startup_stm32f10x_hd.o [1]
  .text              ro code   0x800'67ec     0x4  startup_stm32f10x_hd.o [1]
  .text              ro code   0x800'67f0     0x4  startup_stm32f10x_hd.o [1]
  .text              ro code   0x800'67f4     0x4  startup_stm32f10x_hd.o [1]
  .text              ro code   0x800'67f8     0x4  startup_stm32f10x_hd.o [1]
  .text              ro code   0x800'67fc     0x4  startup_stm32f10x_hd.o [1]
  .text              ro code   0x800'6800     0x4  startup_stm32f10x_hd.o [1]
  .text              ro code   0x800'6804     0x4  startup_stm32f10x_hd.o [1]
  .text              ro code   0x800'6808     0x4  startup_stm32f10x_hd.o [1]
  .text              ro code   0x800'680c     0x4  startup_stm32f10x_hd.o [1]
  .text              ro code   0x800'6810     0x4  startup_stm32f10x_hd.o [1]
  .text              ro code   0x800'6814     0x4  startup_stm32f10x_hd.o [1]
  .text              ro code   0x800'6818     0x4  startup_stm32f10x_hd.o [1]
  .text              ro code   0x800'681c     0x4  startup_stm32f10x_hd.o [1]
  .text              ro code   0x800'6820     0x4  startup_stm32f10x_hd.o [1]
  .text              ro code   0x800'6824     0x4  startup_stm32f10x_hd.o [1]
  .text              ro code   0x800'6828     0x4  startup_stm32f10x_hd.o [1]
  .text              ro code   0x800'682c     0x4  startup_stm32f10x_hd.o [1]
  .text              ro code   0x800'6830     0x4  startup_stm32f10x_hd.o [1]
  .text              ro code   0x800'6834     0x4  startup_stm32f10x_hd.o [1]
  .text              ro code   0x800'6838     0x4  startup_stm32f10x_hd.o [1]
  .text              ro code   0x800'683c     0x4  startup_stm32f10x_hd.o [1]
  .text              ro code   0x800'6840     0x4  startup_stm32f10x_hd.o [1]
  .text              ro code   0x800'6844     0x4  startup_stm32f10x_hd.o [1]
  .text              ro code   0x800'6848     0x4  startup_stm32f10x_hd.o [1]
  .text              ro code   0x800'684c     0x4  startup_stm32f10x_hd.o [1]
  .text              ro code   0x800'6850     0x4  startup_stm32f10x_hd.o [1]
  .text              ro code   0x800'6854     0x4  startup_stm32f10x_hd.o [1]
  .text              ro code   0x800'6858     0x4  startup_stm32f10x_hd.o [1]
  .text              ro code   0x800'685c     0x4  startup_stm32f10x_hd.o [1]
  .text              ro code   0x800'6860     0x4  startup_stm32f10x_hd.o [1]
  .text              ro code   0x800'6864     0x4  startup_stm32f10x_hd.o [1]
  .text              ro code   0x800'6868     0x4  startup_stm32f10x_hd.o [1]
  .text              ro code   0x800'686c     0x4  startup_stm32f10x_hd.o [1]
  .text              ro code   0x800'6870     0x4  startup_stm32f10x_hd.o [1]
  .text              ro code   0x800'6874     0x4  startup_stm32f10x_hd.o [1]
  .text              ro code   0x800'6878     0x4  startup_stm32f10x_hd.o [1]
  .text              ro code   0x800'687c     0x4  startup_stm32f10x_hd.o [1]
  .text              ro code   0x800'6880     0x4  startup_stm32f10x_hd.o [1]
  .text              ro code   0x800'6884     0x4  startup_stm32f10x_hd.o [1]
  .text              ro code   0x800'6888     0x4  startup_stm32f10x_hd.o [1]
  .text              ro code   0x800'688c     0x4  startup_stm32f10x_hd.o [1]
  .text              ro code   0x800'6890     0x4  startup_stm32f10x_hd.o [1]
  .text              ro code   0x800'6894     0x4  startup_stm32f10x_hd.o [1]
  .text              ro code   0x800'6898     0x4  startup_stm32f10x_hd.o [1]
  .text              ro code   0x800'689c     0x4  startup_stm32f10x_hd.o [1]
  .text              ro code   0x800'68a0     0x4  startup_stm32f10x_hd.o [1]
  .text              ro code   0x800'68a4     0x4  startup_stm32f10x_hd.o [1]
  .text              ro code   0x800'68a8     0x4  startup_stm32f10x_hd.o [1]
  .text              ro code   0x800'68ac     0x4  startup_stm32f10x_hd.o [1]
  .rodata            const     0x800'68b0     0x0  zero_init3.o [3]
  .rodata            const     0x800'68b0     0x0  lz77_init_single.o [3]
  Initializer bytes  const     0x800'68b0   0x135  <for P2-1>
                             - 0x800'69e5  0x68b5

"P2", part 1 of 3:                          0x3d5
  P2-1                        0x2000'0000   0x3d5  <Init block>
    .data            inited   0x2000'0000     0x4  AnyID_CanOpen_Client.o [1]
    .data            inited   0x2000'0004     0x4  AnyID_CanOpen_Client.o [1]
    .data            inited   0x2000'0008    0x30  AnyID_CanOpen_Client.o [1]
    .data            inited   0x2000'0038     0x4  AnyID_CanOpen_Client.o [1]
    .data            inited   0x2000'003c    0x48  AnyID_CanOpen_Client.o [1]
    .data            inited   0x2000'0084     0x8  AnyID_CanOpen_Client.o [1]
    .data            inited   0x2000'008c    0x24  AnyID_CanOpen_Client.o [1]
    .data            inited   0x2000'00b0    0x24  AnyID_CanOpen_Client.o [1]
    .data            inited   0x2000'00d4     0x4  AnyID_CanOpen_Client.o [1]
    .data            inited   0x2000'00d8    0x14  AnyID_CanOpen_Client.o [1]
    .data            inited   0x2000'00ec   0x2a8  AnyID_CanOpen_Client.o [1]
    .data            inited   0x2000'0394     0xc  AnyID_CanOpen_RTC.o [1]
    .data            inited   0x2000'03a0     0x8  AnyID_CanOpen_SysCfg.o [1]
    .data            inited   0x2000'03a8    0x14  stm32f10x_rcc.o [1]
    .data            inited   0x2000'03bc     0x8  timer.o [1]
    .data            inited   0x2000'03c4     0x2  AnyID_CanOpen_Client.o [1]
    .data            inited   0x2000'03c6     0x2  AnyID_CanOpen_Client.o [1]
    .data            inited   0x2000'03c8     0x2  AnyID_CanOpen_Client.o [1]
    .data            inited   0x2000'03ca     0x2  AnyID_CanOpen_Client.o [1]
    .data            inited   0x2000'03cc     0x1  AnyID_CanOpen_Client.o [1]
    .data            inited   0x2000'03cd     0x1  AnyID_CanOpen_Client.o [1]
    .data            inited   0x2000'03ce     0x1  AnyID_CanOpen_Client.o [1]
    .data            inited   0x2000'03cf     0x1  AnyID_CanOpen_Client.o [1]
    .data            inited   0x2000'03d0     0x1  AnyID_CanOpen_Client.o [1]
    .data            inited   0x2000'03d1     0x1  AnyID_CanOpen_Client.o [1]
    .data            inited   0x2000'03d2     0x1  AnyID_CanOpen_Client.o [1]
    .data            inited   0x2000'03d3     0x1  AnyID_CanOpen_Client.o [1]
    .data            inited   0x2000'03d4     0x1  AnyID_CanOpen_Client.o [1]
                            - 0x2000'03d5   0x3d5

"P2", part 2 of 3:                          0x398
  .bss               zero     0x2000'03d8   0x1d8  dlmalloc.o [2]
  .bss               zero     0x2000'05b0    0xc0  timer.o [1]
  .bss               zero     0x2000'0670    0x38  AnyID_CanOpen_FRam.o [1]
  .bss               zero     0x2000'06a8    0x30  AnyID_CanOpen_Can_HL.o [1]
  .bss               zero     0x2000'06d8    0x20  AnyID_CanOpen_Client.o [1]
  .bss               zero     0x2000'06f8    0x18  AnyID_CanOpen_Client.o [1]
  .bss               zero     0x2000'0710    0x18  dlmalloc.o [2]
  .bss               zero     0x2000'0728    0x14  AnyID_CanOpen_SysCfg.o [1]
  .bss               zero     0x2000'073c    0x10  AnyID_CanOpen_Device.o [1]
  .bss               zero     0x2000'074c     0x8  AnyID_CanOpen_SysTick_HL.o [1]
  .bss               zero     0x2000'0754     0x4  AnyID_CanOpen_Client.o [1]
  .bss               zero     0x2000'0758     0x4  AnyID_CanOpen_Client.o [1]
  .bss               zero     0x2000'075c     0x4  AnyID_CanOpen_Client.o [1]
  .bss               zero     0x2000'0760     0x4  AnyID_CanOpen_Tim_HL.o [1]
  .bss               zero     0x2000'0764     0x4  xgetmemchunk.o [2]
  .bss               zero     0x2000'0768     0x2  AnyID_CanOpen_Client.o [1]
  .bss               zero     0x2000'076a     0x2  AnyID_CanOpen_Client.o [1]
  .bss               zero     0x2000'076c     0x1  AnyID_CanOpen_Client.o [1]
  .bss               zero     0x2000'076d     0x1  AnyID_CanOpen_Client.o [1]
  .bss               zero     0x2000'076e     0x1  AnyID_CanOpen_Client.o [1]
  .bss               zero     0x2000'076f     0x1  AnyID_CanOpen_Client.o [1]
                            - 0x2000'0770   0x398

"P2", part 3 of 3:                         0x2000
  CSTACK                      0x2000'0770  0x1000  <Block>
    CSTACK           uninit   0x2000'0770  0x1000  <Block tail>
  HEAP                        0x2000'1770  0x1000  <Block>
    HEAP             uninit   0x2000'1770  0x1000  <Block tail>
                            - 0x2000'2770  0x2000

Unused ranges:

         From           To      Size
         ----           --      ----
   0x800'69e5   0x80f'ffff  0xf'961b
  0x2000'03d5  0x2000'03d7       0x3
  0x2000'2770  0x2001'7fff  0x1'5890


*******************************************************************************
*** INIT TABLE
***

          Address      Size
          -------      ----
Zero (__iar_zero_init3)
    1 destination range, total size 0x398:
          0x2000'03d8  0x398

Copy/lz77 (__iar_lz77_init_single3)
    1 source range, total size 0x135 (31% of destination):
           0x800'68b0  0x135
    1 destination range, total size 0x3d5:
          0x2000'0000  0x3d5



*******************************************************************************
*** MODULE SUMMARY
***

    Module                      ro code  ro data  rw data
    ------                      -------  -------  -------
command line/config:
    -----------------------------------------------------
    Total:

E:\AnyID\Git\CanOpen_CanFestival_Stu\CanOpen\Build\Obj: [1]
    AnyID_CanOpen_Can_HL.o          472                48
    AnyID_CanOpen_Client.o           84      361    1'009
    AnyID_CanOpen_Device.o          268                16
    AnyID_CanOpen_FRam.o            236                56
    AnyID_CanOpen_FRam_HL.o         432
    AnyID_CanOpen_Periph_HL.o       168
    AnyID_CanOpen_RTC.o                        4       12
    AnyID_CanOpen_SysCfg.o          356        2       28
    AnyID_CanOpen_SysTick_HL.o      120                 8
    AnyID_CanOpen_Tim_HL.o          180                 4
    AnyID_FRam.o                    428
    AnyID_Stdlib.o                   64
    emcy.o                          118
    lifegrd.o                       870
    main.o                           16
    misc.o                          172
    nmtMaster.o                      72
    nmtSlave.o                      232
    objacces.o                      632
    pdo.o                         2'022
    sdo.o                         6'996
    startup_stm32f10x_hd.o          548
    states.o                      1'004
    stm32f10x_can.o                 906
    stm32f10x_flash.o                40
    stm32f10x_gpio.o                268
    stm32f10x_it.o                  116
    stm32f10x_rcc.o                 552        7       20
    stm32f10x_rtc.o                 136
    stm32f10x_tim.o                 240
    sync.o                          250
    system_stm32f10x.o              236
    timer.o                         372        2      200
    -----------------------------------------------------
    Total:                       18'606      376    1'401

dl7M_tlf.a: [2]
    abort.o                           6
    dlmalloc.o                    7'396               496
    exit.o                            4
    heaptramp0.o                      8
    low_level_init.o                  4
    xgetmemchunk.o                   44                 4
    -----------------------------------------------------
    Total:                        7'462               500

rt7M_tl.a: [3]
    ABImemcpy.o                     166
    ABImemset48.o                    58
    cexit.o                          10
    cmain.o                          30
    cstartup_M.o                     12
    data_init.o                      40
    lz77_init_single.o              120
    memcmp.o                        104
    zero_init3.o                     58
    -----------------------------------------------------
    Total:                          598

shb_l.a: [4]
    exit.o                           20
    -----------------------------------------------------
    Total:                           20

    Gaps                             15
    Linker created                            32    8'192
---------------------------------------------------------
    Grand Total:                 26'701      408   10'093


*******************************************************************************
*** ENTRY LIST
***

Entry                       Address    Size  Type      Object
-----                       -------    ----  ----      ------
.iar.init_table$$Base    0x800'6734           --   Gb  - Linker created -
.iar.init_table$$Limit   0x800'6754           --   Gb  - Linker created -
?main                    0x800'6755          Code  Gb  cmain.o [3]
ADCPrescTable           0x2000'03b8     0x4  Data  Lc  stm32f10x_rcc.o [1]
APBAHBPrescTable        0x2000'03a8    0x10  Data  Lc  stm32f10x_rcc.o [1]
BusFault_Handler         0x800'6623     0x2  Code  Gb  stm32f10x_it.o [1]
CAN_FIFORelease          0x800'454f    0x10  Code  Gb  stm32f10x_can.o [1]
CAN_FilterInit           0x800'4355    0xb6  Code  Gb  stm32f10x_can.o [1]
CAN_ITConfig             0x800'4415    0x14  Code  Gb  stm32f10x_can.o [1]
CAN_Init                 0x800'4259    0xfc  Code  Gb  stm32f10x_can.o [1]
CAN_MessagePending       0x800'455f    0x1c  Code  Gb  stm32f10x_can.o [1]
CAN_Receive              0x800'457b    0x68  Code  Gb  stm32f10x_can.o [1]
CAN_Transmit             0x800'4429    0xac  Code  Gb  stm32f10x_can.o [1]
CAN_TransmitStatus       0x800'44d5    0x7a  Code  Gb  stm32f10x_can.o [1]
CSTACK$$Base            0x2000'0770           --   Gb  - Linker created -
CSTACK$$Limit           0x2000'1770           --   Gb  - Linker created -
Can_InitInterface        0x800'3e85   0x10a  Code  Gb  AnyID_CanOpen_Can_HL.o [1]
Can_Receive_Msg          0x800'3ffd    0x4e  Code  Gb  AnyID_CanOpen_Can_HL.o [1]
ConsumerHeartbeatAlarm   0x800'54c9    0x2e  Code  Gb  lifegrd.o [1]
ControlWordAxis1        0x2000'03d2     0x1  Data  Gb  AnyID_CanOpen_Client.o [1]
ControlWordAxis2        0x2000'03c6     0x2  Data  Gb  AnyID_CanOpen_Client.o [1]
CopyBits                 0x800'501b    0xc2  Code  Gb  pdo.o [1]
DebugMon_Handler         0x800'6629     0x2  Code  Gb  stm32f10x_it.o [1]
DelAlarm                 0x800'3dab    0x32  Code  Gb  timer.o [1]
Device_CanPeriphInit     0x800'61bf    0x1e  Code  Gb  AnyID_CanOpen_Device.o [1]
Device_ReadDeviceParamenter
                         0x800'60d9    0xb8  Code  Gb  AnyID_CanOpen_Device.o [1]
Device_WriteDeviceParamenter
                         0x800'6191    0x2e  Code  Gb  AnyID_CanOpen_Device.o [1]
FLASH_PrefetchBufferCmd
                         0x800'60c1    0x14  Code  Gb  stm32f10x_flash.o [1]
FLASH_SetLatency         0x800'60b1    0x10  Code  Gb  stm32f10x_flash.o [1]
FRam_Delayms             0x800'5c35    0x12  Code  Gb  AnyID_CanOpen_FRam_HL.o [1]
FRam_I2CAck              0x800'5c9d    0x26  Code  Gb  AnyID_CanOpen_FRam_HL.o [1]
FRam_I2CDelay            0x800'5c29     0xc  Code  Gb  AnyID_CanOpen_FRam_HL.o [1]
FRam_I2CNoAck            0x800'5cc3    0x26  Code  Gb  AnyID_CanOpen_FRam_HL.o [1]
FRam_I2CReceiveByte      0x800'5d55    0x3e  Code  Gb  AnyID_CanOpen_FRam_HL.o [1]
FRam_I2CSendByte         0x800'5d1b    0x3a  Code  Gb  AnyID_CanOpen_FRam_HL.o [1]
FRam_I2CStart            0x800'5c47    0x30  Code  Gb  AnyID_CanOpen_FRam_HL.o [1]
FRam_I2CStop             0x800'5c77    0x26  Code  Gb  AnyID_CanOpen_FRam_HL.o [1]
FRam_I2CWaitAck          0x800'5ce9    0x32  Code  Gb  AnyID_CanOpen_FRam_HL.o [1]
FRam_InitInterface       0x800'5bf1    0x38  Code  Gb  AnyID_CanOpen_FRam_HL.o [1]
FRam_ReadBuffer          0x800'5da1    0xb4  Code  Gb  AnyID_FRam.o [1]
FRam_WriteBuffer         0x800'5edd    0x70  Code  Gb  AnyID_FRam.o [1]
FRam_WritePage           0x800'5e55    0x88  Code  Gb  AnyID_FRam.o [1]
Fram_ReadBootParamenter
                         0x800'6345    0xac  Code  Gb  AnyID_CanOpen_FRam.o [1]
Fram_WriteBootParamenter
                         0x800'63f1    0x3a  Code  Gb  AnyID_CanOpen_FRam.o [1]
GPIO_Init                0x800'414d    0x9c  Code  Gb  stm32f10x_gpio.o [1]
GPIO_PinRemapConfig      0x800'41e9    0x6a  Code  Gb  stm32f10x_gpio.o [1]
GuardTimeAlarm           0x800'5633    0x74  Code  Gb  lifegrd.o [1]
HEAP$$Base              0x2000'1770           --   Gb  - Linker created -
HEAP$$Limit             0x2000'2770           --   Gb  - Linker created -
HardFault_Handler        0x800'661f     0x2  Code  Gb  stm32f10x_it.o [1]
MemManage_Handler        0x800'6621     0x2  Code  Gb  stm32f10x_it.o [1]
NMI_Handler              0x800'661d     0x2  Code  Gb  stm32f10x_it.o [1]
NVIC_Init                0x800'45ef    0x5a  Code  Gb  misc.o [1]
NVIC_PriorityGroupConfig
                         0x800'45e5     0xa  Code  Gb  misc.o [1]
NVIC_SetVectorTable      0x800'4649     0xc  Code  Gb  misc.o [1]
ObjDict_Data            0x2000'00ec   0x2a8  Data  Gb  AnyID_CanOpen_Client.o [1]
ObjDict_Index1200       0x2000'0008    0x30  Data  Gb  AnyID_CanOpen_Client.o [1]
ObjDict_Index1800       0x2000'003c    0x48  Data  Gb  AnyID_CanOpen_Client.o [1]
ObjDict_Index1800_callbacks
                        0x2000'06f8    0x18  Data  Gb  AnyID_CanOpen_Client.o [1]
ObjDict_Index1A00       0x2000'008c    0x24  Data  Gb  AnyID_CanOpen_Client.o [1]
ObjDict_Index2000       0x2000'00b0    0x24  Data  Gb  AnyID_CanOpen_Client.o [1]
ObjDict_ObjdictSize      0x800'1f26     0x2  Data  Gb  AnyID_CanOpen_Client.o [1]
ObjDict_PDO_status      0x2000'00d8    0x14  Data  Gb  AnyID_CanOpen_Client.o [1]
ObjDict_bDeviceNodeId   0x2000'03d3     0x1  Data  Gb  AnyID_CanOpen_Client.o [1]
ObjDict_firstIndex       0x800'67a8     0xc  Data  Gb  AnyID_CanOpen_Client.o [1]
ObjDict_heartBeatTimers
                        0x2000'076a     0x2  Data  Gb  AnyID_CanOpen_Client.o [1]
ObjDict_highestSubIndex_obj1003
                        0x2000'076e     0x1  Data  Gb  AnyID_CanOpen_Client.o [1]
ObjDict_highestSubIndex_obj1016
                        0x2000'076d     0x1  Data  Gb  AnyID_CanOpen_Client.o [1]
ObjDict_highestSubIndex_obj1200
                        0x2000'03cc     0x1  Data  Gb  AnyID_CanOpen_Client.o [1]
ObjDict_highestSubIndex_obj1800
                        0x2000'03ce     0x1  Data  Gb  AnyID_CanOpen_Client.o [1]
ObjDict_highestSubIndex_obj1A00
                        0x2000'03d0     0x1  Data  Gb  AnyID_CanOpen_Client.o [1]
ObjDict_highestSubIndex_obj2000
                        0x2000'03d1     0x1  Data  Gb  AnyID_CanOpen_Client.o [1]
ObjDict_iam_a_slave      0x800'414a     0x1  Data  Gb  AnyID_CanOpen_Client.o [1]
ObjDict_lastIndex        0x800'67b4     0xc  Data  Gb  AnyID_CanOpen_Client.o [1]
ObjDict_obj1001         0x2000'076f     0x1  Data  Gb  AnyID_CanOpen_Client.o [1]
ObjDict_obj1003         0x2000'06d8    0x20  Data  Gb  AnyID_CanOpen_Client.o [1]
ObjDict_obj1005         0x2000'0758     0x4  Data  Gb  AnyID_CanOpen_Client.o [1]
ObjDict_obj1006         0x2000'075c     0x4  Data  Gb  AnyID_CanOpen_Client.o [1]
ObjDict_obj100C         0x2000'03ca     0x2  Data  Gb  AnyID_CanOpen_Client.o [1]
ObjDict_obj100D         0x2000'03d4     0x1  Data  Gb  AnyID_CanOpen_Client.o [1]
ObjDict_obj1014         0x2000'00d4     0x4  Data  Gb  AnyID_CanOpen_Client.o [1]
ObjDict_obj1016         0x2000'0754     0x4  Data  Gb  AnyID_CanOpen_Client.o [1]
ObjDict_obj1017         0x2000'03c8     0x2  Data  Gb  AnyID_CanOpen_Client.o [1]
ObjDict_obj1200_COB_ID_Client_to_Server_Transmit_SDO
                        0x2000'0000     0x4  Data  Gb  AnyID_CanOpen_Client.o [1]
ObjDict_obj1200_COB_ID_Server_to_Client_Receive_SDO
                        0x2000'0004     0x4  Data  Gb  AnyID_CanOpen_Client.o [1]
ObjDict_obj1200_Node_ID_of_the_SDO_Server
                        0x2000'03cd     0x1  Data  Gb  AnyID_CanOpen_Client.o [1]
ObjDict_obj1800_COB_ID_used_by_PDO
                        0x2000'0038     0x4  Data  Gb  AnyID_CanOpen_Client.o [1]
ObjDict_obj1800_Compatibility_Entry
                        0x2000'076c     0x1  Data  Gb  AnyID_CanOpen_Client.o [1]
ObjDict_obj1800_Event_Timer
                        0x2000'0768     0x2  Data  Gb  AnyID_CanOpen_Client.o [1]
ObjDict_obj1800_Inhibit_Time
                        0x2000'03c4     0x2  Data  Gb  AnyID_CanOpen_Client.o [1]
ObjDict_obj1800_Transmission_Type
                        0x2000'03cf     0x1  Data  Gb  AnyID_CanOpen_Client.o [1]
ObjDict_obj1A00         0x2000'0084     0x8  Data  Gb  AnyID_CanOpen_Client.o [1]
ObjDict_objdict          0x800'66e4    0x28  Data  Gb  AnyID_CanOpen_Client.o [1]
ObjDict_scanIndexOD      0x800'6691    0x44  Code  Gb  AnyID_CanOpen_Client.o [1]
ObjDict_valueRangeTest   0x800'66e1     0x4  Code  Gb  AnyID_CanOpen_Client.o [1]
OnCOB_ID_SyncUpdate      0x800'4b6f     0xa  Code  Gb  sync.o [1]
OnHeartbeatProducerUpdate
                         0x800'56b9    0x12  Code  Gb  lifegrd.o [1]
OnNodeGuardUpdate        0x800'56a7    0x12  Code  Gb  lifegrd.o [1]
OnNumberOfErrorsUpdate   0x800'4c69    0x32  Code  Gb  emcy.o [1]
PDOEventTimerAlarm       0x800'5201    0x22  Code  Gb  pdo.o [1]
PDOInhibitTimerAlarm     0x800'5225    0x22  Code  Gb  pdo.o [1]
PDOInit                  0x800'540d    0x54  Code  Gb  pdo.o [1]
PDOStop                  0x800'5465    0x62  Code  Gb  pdo.o [1]
PendSV_Handler           0x800'662b     0x2  Code  Gb  stm32f10x_it.o [1]
Periph_GetAddr           0x800'625d    0x4c  Code  Gb  AnyID_CanOpen_Periph_HL.o [1]
Periph_GetKeyValue       0x800'62a9    0x4e  Code  Gb  AnyID_CanOpen_Periph_HL.o [1]
ProducerHeartbeatAlarm   0x800'55f1    0x42  Code  Gb  lifegrd.o [1]
RCC_ADCCLKConfig         0x800'5ac1     0xe  Code  Gb  stm32f10x_rcc.o [1]
RCC_AHBPeriphClockCmd    0x800'5b59    0x16  Code  Gb  stm32f10x_rcc.o [1]
RCC_APB1PeriphClockCmd   0x800'5b85    0x16  Code  Gb  stm32f10x_rcc.o [1]
RCC_APB2PeriphClockCmd   0x800'5b6f    0x16  Code  Gb  stm32f10x_rcc.o [1]
RCC_DeInit               0x800'59c9    0x32  Code  Gb  stm32f10x_rcc.o [1]
RCC_GetClocksFreq        0x800'5acf    0x8a  Code  Gb  stm32f10x_rcc.o [1]
RCC_GetFlagStatus        0x800'5b9b    0x24  Code  Gb  stm32f10x_rcc.o [1]
RCC_GetSYSCLKSource      0x800'5a85     0xa  Code  Gb  stm32f10x_rcc.o [1]
RCC_HCLKConfig           0x800'5a8f     0xe  Code  Gb  stm32f10x_rcc.o [1]
RCC_HSEConfig            0x800'59fb    0x34  Code  Gb  stm32f10x_rcc.o [1]
RCC_PCLK1Config          0x800'5a9d     0xe  Code  Gb  stm32f10x_rcc.o [1]
RCC_PCLK2Config          0x800'5aab    0x10  Code  Gb  stm32f10x_rcc.o [1]
RCC_PLLCmd               0x800'5a71     0x6  Code  Gb  stm32f10x_rcc.o [1]
RCC_PLLConfig            0x800'5a61    0x10  Code  Gb  stm32f10x_rcc.o [1]
RCC_SYSCLKConfig         0x800'5a77     0xe  Code  Gb  stm32f10x_rcc.o [1]
RCC_USBCLKConfig         0x800'5abb     0x6  Code  Gb  stm32f10x_rcc.o [1]
RCC_WaitForHSEStartUp    0x800'5a2f    0x32  Code  Gb  stm32f10x_rcc.o [1]
RTC_ClearFlag            0x800'656d     0xc  Code  Gb  stm32f10x_rtc.o [1]
RTC_EnterConfigMode      0x800'651d     0xc  Code  Gb  stm32f10x_rtc.o [1]
RTC_ExitConfigMode       0x800'6529     0xe  Code  Gb  stm32f10x_rtc.o [1]
RTC_GetITStatus          0x800'6579    0x1e  Code  Gb  stm32f10x_rtc.o [1]
RTC_IRQHandler           0x800'6651    0x2e  Code  Gb  stm32f10x_it.o [1]
RTC_SetCounter           0x800'6537    0x18  Code  Gb  stm32f10x_rtc.o [1]
RTC_WaitForLastTask      0x800'654f     0xa  Code  Gb  stm32f10x_rtc.o [1]
RTC_WaitForSynchro       0x800'6559    0x14  Code  Gb  stm32f10x_rtc.o [1]
Region$$Table$$Base      0x800'6734           --   Gb  - Linker created -
Region$$Table$$Limit     0x800'6754           --   Gb  - Linker created -
RegisterSetODentryCallBack
                         0x800'3cd9    0x2e  Code  Gb  objacces.o [1]
SDOTimeoutAlarm          0x800'1f3d    0x80  Code  Gb  sdo.o [1]
SDOlineToObjdict         0x800'1fdb    0x52  Code  Gb  sdo.o [1]
SDOtoLine                0x800'2105    0x7e  Code  Gb  sdo.o [1]
STick_InitSysTick        0x800'6227    0x20  Code  Gb  AnyID_CanOpen_SysTick_HL.o [1]
SVC_Handler              0x800'6627     0x2  Code  Gb  stm32f10x_it.o [1]
SetAlarm                 0x800'3d11    0x9a  Code  Gb  timer.o [1]
SetSysClock              0x800'6465     0x2  Code  Lc  system_stm32f10x.o [1]
SetSysClockTo72          0x800'6467    0xa6  Code  Lc  system_stm32f10x.o [1]
SyncAlarm                0x800'4b6d     0x2  Code  Gb  sync.o [1]
SysTick_CLKSourceConfig
                         0x800'4655    0x18  Code  Gb  misc.o [1]
SysTick_Config           0x800'61ff    0x28  Code  Lc  AnyID_CanOpen_SysTick_HL.o [1]
SysTick_Handler          0x800'662d    0x24  Code  Gb  stm32f10x_it.o [1]
Sys_CfgClock             0x800'5f4d    0x70  Code  Gb  AnyID_CanOpen_SysCfg.o [1]
Sys_CfgNVIC              0x800'5fe1    0x18  Code  Gb  AnyID_CanOpen_SysCfg.o [1]
Sys_CfgPeriphClk         0x800'5fbd    0x24  Code  Gb  AnyID_CanOpen_SysCfg.o [1]
Sys_CtrlIOInit           0x800'5ff9    0x30  Code  Gb  AnyID_CanOpen_SysCfg.o [1]
Sys_Init                 0x800'6029    0x3e  Code  Gb  AnyID_CanOpen_SysCfg.o [1]
Sys_LedTask              0x800'6067    0x20  Code  Gb  AnyID_CanOpen_SysCfg.o [1]
Sys_PdoTask              0x800'6087     0xc  Code  Gb  AnyID_CanOpen_SysCfg.o [1]
SystemInit               0x800'6431    0x32  Code  Gb  system_stm32f10x.o [1]
TIM1_UP_IRQHandler       0x800'40dd    0x28  Code  Gb  AnyID_CanOpen_Tim_HL.o [1]
TIM_ClearITPendingBit    0x800'4b67     0x6  Code  Gb  stm32f10x_tim.o [1]
TIM_Cmd                  0x800'4b21    0x1a  Code  Gb  stm32f10x_tim.o [1]
TIM_GetITStatus          0x800'4b4f    0x18  Code  Gb  stm32f10x_tim.o [1]
TIM_ITConfig             0x800'4b3b    0x14  Code  Gb  stm32f10x_tim.o [1]
TIM_TimeBaseInit         0x800'4a7d    0x7a  Code  Gb  stm32f10x_tim.o [1]
TPDO_Communication_Parameter_Callback
                         0x800'53a5    0x68  Code  Gb  pdo.o [1]
Tim_InitInterface        0x800'405d    0x6c  Code  Gb  AnyID_CanOpen_Tim_HL.o [1]
TimeDispatch             0x800'3ddd    0xa0  Code  Gb  timer.o [1]
USB_LP_CAN1_RX0_IRQHandler
                         0x800'668d     0x4  Code  Gb  stm32f10x_it.o [1]
UsageFault_Handler       0x800'6625     0x2  Code  Gb  stm32f10x_it.o [1]
_RxPDO_EventTimers_Handler
                         0x800'5247     0x2  Code  Gb  pdo.o [1]
__NVIC_SetPriority       0x800'61e5    0x1a  Code  Lc  AnyID_CanOpen_SysTick_HL.o [1]
__aeabi_memcpy           0x800'1e81          Code  Gb  ABImemcpy.o [3]
__aeabi_memcpy4          0x800'1ea1          Code  Gb  ABImemcpy.o [3]
__aeabi_memcpy8          0x800'1ea1          Code  Gb  ABImemcpy.o [3]
__aeabi_memset4          0x800'4111          Code  Gb  ABImemset48.o [3]
__aeabi_memset8          0x800'4111          Code  Gb  ABImemset48.o [3]
__cmain                  0x800'6755          Code  Gb  cmain.o [3]
__data_GetMemChunk       0x800'1e55    0x2c  Code  Gb  xgetmemchunk.o [2]
__data_GetMemChunk::start
                        0x2000'0764     0x4  Data  Lc  xgetmemchunk.o [2]
__exit                   0x800'1f29    0x14  Code  Gb  exit.o [4]
__iar_Memset4_word       0x800'4119          Code  Gb  ABImemset48.o [3]
__iar_Memset8_word       0x800'4119          Code  Gb  ABImemset48.o [3]
__iar_data_init3         0x800'670d    0x28  Code  Gb  data_init.o [3]
__iar_dlfree             0x800'154f   0x51e  Code  Gb  dlmalloc.o [2]
__iar_dlmalloc           0x800'0661   0xeee  Code  Gb  dlmalloc.o [2]
__iar_dlrealloc          0x800'1d89    0x7e  Code  Gb  dlmalloc.o [2]
__iar_lz77_init_single3
                         0x800'65a5    0x78  Code  Gb  lz77_init_single.o [3]
__iar_program_start      0x800'67c1          Code  Gb  cstartup_M.o [3]
__iar_zero_init3         0x800'1e1b    0x3a  Code  Gb  zero_init3.o [3]
__low_level_init         0x800'6773     0x4  Code  Gb  low_level_init.o [2]
__vector_table           0x800'0000          Data  Gb  startup_stm32f10x_hd.o [1]
_call_main               0x800'6761          Code  Gb  cmain.o [3]
_exit                    0x800'678d          Code  Gb  cexit.o [3]
_getODentry              0x800'3a95    0xda  Code  Gb  objacces.o [1]
_gm_                    0x2000'03d8   0x1d8  Data  Lc  dlmalloc.o [2]
_heartbeatError          0x800'5827     0x2  Code  Gb  lifegrd.o [1]
_initialisation          0x800'4a25     0x2  Code  Gb  states.o [1]
_main                    0x800'676f          Code  Gb  cmain.o [3]
_nodeguardError          0x800'582d     0x2  Code  Gb  lifegrd.o [1]
_operational             0x800'4a39     0x2  Code  Gb  states.o [1]
_post_SlaveBootup        0x800'5829     0x2  Code  Gb  lifegrd.o [1]
_post_SlaveStateChange   0x800'582b     0x2  Code  Gb  lifegrd.o [1]
_post_TPDO               0x800'4c65     0x2  Code  Gb  sync.o [1]
_post_emcy               0x800'4cdd     0x2  Code  Gb  emcy.o [1]
_post_sync               0x800'4c63     0x2  Code  Gb  sync.o [1]
_preOperational          0x800'4a27    0x12  Code  Gb  states.o [1]
_sendPDOevent            0x800'5249   0x15c  Code  Gb  pdo.o [1]
_setODentry              0x800'3b6f   0x140  Code  Gb  objacces.o [1]
_stopped                 0x800'4a3b     0x2  Code  Gb  states.o [1]
_storeODSubIndex         0x800'3d07     0x2  Code  Gb  objacces.o [1]
a_GetCrc                 0x800'6305    0x40  Code  Gb  AnyID_Stdlib.o [1]
abort                    0x800'1e15     0x6  Code  Gb  abort.o [2]
accessDictionaryError    0x800'3a91     0x4  Code  Gb  objacces.o [1]
buildPDO                 0x800'4ce1    0xe4  Code  Gb  pdo.o [1]
canDispatch              0x800'4691    0x78  Code  Gb  states.o [1]
canSend                  0x800'3f8f    0x6e  Code  Gb  AnyID_CanOpen_Can_HL.o [1]
dispose_chunk            0x800'01b9   0x4a6  Code  Lc  dlmalloc.o [2]
emergencyInit            0x800'4c9b    0x1a  Code  Gb  emcy.o [1]
emergencyStop            0x800'4cb9     0x2  Code  Gb  emcy.o [1]
exit                     0x800'6787     0x4  Code  Gb  exit.o [2]
failedSDO                0x800'2183    0x90  Code  Gb  sdo.o [1]
free                     0x800'3d09     0x4  Code  Gb  heaptramp0.o [2]
g_nLedDelayTime         0x2000'03a4     0x4  Data  Gb  AnyID_CanOpen_SysCfg.o [1]
g_nSysDelay             0x2000'0750     0x4  Data  Gb  AnyID_CanOpen_SysTick_HL.o [1]
g_nSysState             0x2000'03a0     0x4  Data  Gb  AnyID_CanOpen_SysCfg.o [1]
g_nSysTick              0x2000'074c     0x4  Data  Gb  AnyID_CanOpen_SysTick_HL.o [1]
g_sCanFrame             0x2000'06a8    0x30  Data  Gb  AnyID_CanOpen_Can_HL.o [1]
g_sDeviceParams         0x2000'073c    0x10  Data  Gb  AnyID_CanOpen_Device.o [1]
g_sFramBootParamenter   0x2000'0670    0x38  Data  Gb  AnyID_CanOpen_FRam.o [1]
g_sRtcTime              0x2000'0394     0xc  Data  Gb  AnyID_CanOpen_RTC.o [1]
g_sSysclockFrep         0x2000'0728    0x14  Data  Gb  AnyID_CanOpen_SysCfg.o [1]
getElapsedTime           0x800'40d5     0x8  Code  Gb  AnyID_CanOpen_Tim_HL.o [1]
getNodeId                0x800'48e7     0x6  Code  Gb  states.o [1]
getSDOfreeLine           0x800'22fd    0x2e  Code  Gb  sdo.o [1]
getSDOlineOnUse          0x800'232b    0x44  Code  Gb  sdo.o [1]
getSDOlineRestBytes      0x800'236f    0x1c  Code  Gb  sdo.o [1]
heartbeatInit            0x800'56cb    0x6c  Code  Gb  lifegrd.o [1]
heartbeatStop            0x800'57c1    0x34  Code  Gb  lifegrd.o [1]
initSDOline              0x800'224d    0x9e  Code  Gb  sdo.o [1]
init_mparams             0x800'014b    0x2c  Code  Lc  dlmalloc.o [2]
init_top                 0x800'0177    0x34  Code  Lc  dlmalloc.o [2]
last_time_set           0x2000'0760     0x4  Data  Lc  AnyID_CanOpen_Tim_HL.o [1]
last_timer_raw          0x2000'03bc     0x2  Data  Gb  timer.o [1]
lifeGuardInit            0x800'5807    0x10  Code  Gb  lifegrd.o [1]
lifeGuardStop            0x800'5817    0x10  Code  Gb  lifegrd.o [1]
lineToSDO                0x800'20af    0x56  Code  Gb  sdo.o [1]
main                     0x800'6777    0x10  Code  Gb  main.o [1]
masterSendNMTnodeguard   0x800'593d    0x22  Code  Gb  nmtMaster.o [1]
masterSendNMTstateChange
                         0x800'5917    0x26  Code  Gb  nmtMaster.o [1]
memcmp                   0x800'5961          Code  Gb  memcmp.o [3]
mparams                 0x2000'0710    0x18  Data  Lc  dlmalloc.o [2]
nodeguardInit            0x800'5737    0x74  Code  Gb  lifegrd.o [1]
nodeguardStop            0x800'57f5    0x12  Code  Gb  lifegrd.o [1]
objdictToSDOline         0x800'202d    0x82  Code  Gb  sdo.o [1]
proceedEMCY              0x800'4cbb    0x22  Code  Gb  emcy.o [1]
proceedNMTstateChange    0x800'582f    0xbc  Code  Gb  nmtSlave.o [1]
proceedNODE_GUARD        0x800'54f7    0xfa  Code  Gb  lifegrd.o [1]
proceedPDO               0x800'4dc5   0x256  Code  Gb  pdo.o [1]
proceedSDO               0x800'2455  0x162c  Code  Gb  sdo.o [1]
proceedSYNC              0x800'4c37    0x2c  Code  Gb  sync.o [1]
realloc                  0x800'3d0d     0x4  Code  Gb  heaptramp0.o [2]
resetSDO                 0x800'1fbd    0x1e  Code  Gb  sdo.o [1]
resetSDOline             0x800'2213    0x3a  Code  Gb  sdo.o [1]
scanIndexOD              0x800'3cc5    0x14  Code  Gb  objacces.o [1]
segment_holding          0x800'0131    0x1a  Code  Lc  dlmalloc.o [2]
sendOnePDOevent          0x800'5105    0xfa  Code  Gb  pdo.o [1]
sendPdo                  0x800'50dd    0x28  Code  Lc  pdo.o [1]
sendSDO                  0x800'2397    0x7e  Code  Gb  sdo.o [1]
sendSDOabort             0x800'2415    0x3e  Code  Gb  sdo.o [1]
sendSYNC                 0x800'4c23    0x14  Code  Gb  sync.o [1]
sendSYNCMessage          0x800'4c05    0x1e  Code  Gb  sync.o [1]
setNodeId                0x800'48ed   0x138  Code  Gb  states.o [1]
setSDOlineRestBytes      0x800'238b     0xc  Code  Gb  sdo.o [1]
setState                 0x800'483d    0xaa  Code  Gb  states.o [1]
setTimer                 0x800'40c9     0xc  Code  Gb  AnyID_CanOpen_Tim_HL.o [1]
slaveSendBootUp          0x800'58eb    0x2c  Code  Gb  nmtSlave.o [1]
startSYNC                0x800'4b79    0x58  Code  Gb  sync.o [1]
stopSYNC                 0x800'4bd9    0x2c  Code  Gb  sync.o [1]
switchCommunicationState
                         0x800'4709   0x130  Code  Gb  states.o [1]
timers                  0x2000'05b0    0xc0  Data  Gb  timer.o [1]
total_sleep_time        0x2000'03c0     0x4  Data  Gb  timer.o [1]
try_realloc_chunk        0x800'1a71   0x318  Code  Lc  dlmalloc.o [2]


[1] = E:\AnyID\Git\CanOpen_CanFestival_Stu\CanOpen\Build\Obj
[2] = dl7M_tlf.a
[3] = rt7M_tl.a
[4] = shb_l.a

  26'701 bytes of readonly  code memory
     408 bytes of readonly  data memory
  10'093 bytes of readwrite data memory

Errors: none
Warnings: none
