###############################################################################
#
# IAR ELF Linker V8.40.1.212/W32 for ARM                  26/Dec/2023  16:26:51
# Copyright 2007-2019 IAR Systems AB.
#
#    Output file  =
#        E:\AnyID\Git\CanOpen_CanFestival_Stu\CanOpen\Build\Exe\CanOpen.out
#    Map file     =
#        E:\AnyID\Git\CanOpen_CanFestival_Stu\CanOpen\Build\List\CanOpen.map
#    Command line =
#        -f C:\Users\Administrator\AppData\Local\Temp\EW3554.tmp
#        (E:\AnyID\Git\CanOpen_CanFestival_Stu\CanOpen\Build\Obj\AnyID_CanOpen_Can_HL.o
#        E:\AnyID\Git\CanOpen_CanFestival_Stu\CanOpen\Build\Obj\AnyID_CanOpen_Device.o
#        E:\AnyID\Git\CanOpen_CanFestival_Stu\CanOpen\Build\Obj\AnyID_CanOpen_FRam.o
#        E:\AnyID\Git\CanOpen_CanFestival_Stu\CanOpen\Build\Obj\AnyID_CanOpen_FRam_HL.o
#        E:\AnyID\Git\CanOpen_CanFestival_Stu\CanOpen\Build\Obj\AnyID_CanOpen_Periph_HL.o
#        E:\AnyID\Git\CanOpen_CanFestival_Stu\CanOpen\Build\Obj\AnyID_CanOpen_RS485.o
#        E:\AnyID\Git\CanOpen_CanFestival_Stu\CanOpen\Build\Obj\AnyID_CanOpen_RS485_HL.o
#        E:\AnyID\Git\CanOpen_CanFestival_Stu\CanOpen\Build\Obj\AnyID_CanOpen_RTC.o
#        E:\AnyID\Git\CanOpen_CanFestival_Stu\CanOpen\Build\Obj\AnyId_Canopen_Slave.o
#        E:\AnyID\Git\CanOpen_CanFestival_Stu\CanOpen\Build\Obj\AnyID_CanOpen_SysCfg.o
#        E:\AnyID\Git\CanOpen_CanFestival_Stu\CanOpen\Build\Obj\AnyID_CanOpen_SysTick_HL.o
#        E:\AnyID\Git\CanOpen_CanFestival_Stu\CanOpen\Build\Obj\AnyID_CanOpen_Tim_HL.o
#        E:\AnyID\Git\CanOpen_CanFestival_Stu\CanOpen\Build\Obj\AnyID_CanOpen_Uart_Receive.o
#        E:\AnyID\Git\CanOpen_CanFestival_Stu\CanOpen\Build\Obj\AnyID_CanOpen_WDG_HL.o
#        E:\AnyID\Git\CanOpen_CanFestival_Stu\CanOpen\Build\Obj\AnyID_FRam.o
#        E:\AnyID\Git\CanOpen_CanFestival_Stu\CanOpen\Build\Obj\AnyID_Stdlib.o
#        E:\AnyID\Git\CanOpen_CanFestival_Stu\CanOpen\Build\Obj\dcf.o
#        E:\AnyID\Git\CanOpen_CanFestival_Stu\CanOpen\Build\Obj\emcy.o
#        E:\AnyID\Git\CanOpen_CanFestival_Stu\CanOpen\Build\Obj\lifegrd.o
#        E:\AnyID\Git\CanOpen_CanFestival_Stu\CanOpen\Build\Obj\lss.o
#        E:\AnyID\Git\CanOpen_CanFestival_Stu\CanOpen\Build\Obj\main.o
#        E:\AnyID\Git\CanOpen_CanFestival_Stu\CanOpen\Build\Obj\misc.o
#        E:\AnyID\Git\CanOpen_CanFestival_Stu\CanOpen\Build\Obj\nmtMaster.o
#        E:\AnyID\Git\CanOpen_CanFestival_Stu\CanOpen\Build\Obj\nmtSlave.o
#        E:\AnyID\Git\CanOpen_CanFestival_Stu\CanOpen\Build\Obj\objacces.o
#        E:\AnyID\Git\CanOpen_CanFestival_Stu\CanOpen\Build\Obj\pdo.o
#        E:\AnyID\Git\CanOpen_CanFestival_Stu\CanOpen\Build\Obj\sdo.o
#        E:\AnyID\Git\CanOpen_CanFestival_Stu\CanOpen\Build\Obj\startup_stm32f10x_hd.o
#        E:\AnyID\Git\CanOpen_CanFestival_Stu\CanOpen\Build\Obj\states.o
#        E:\AnyID\Git\CanOpen_CanFestival_Stu\CanOpen\Build\Obj\stm32f10x_adc.o
#        E:\AnyID\Git\CanOpen_CanFestival_Stu\CanOpen\Build\Obj\stm32f10x_bkp.o
#        E:\AnyID\Git\CanOpen_CanFestival_Stu\CanOpen\Build\Obj\stm32f10x_can.o
#        E:\AnyID\Git\CanOpen_CanFestival_Stu\CanOpen\Build\Obj\stm32f10x_dma.o
#        E:\AnyID\Git\CanOpen_CanFestival_Stu\CanOpen\Build\Obj\stm32f10x_exti.o
#        E:\AnyID\Git\CanOpen_CanFestival_Stu\CanOpen\Build\Obj\stm32f10x_flash.o
#        E:\AnyID\Git\CanOpen_CanFestival_Stu\CanOpen\Build\Obj\stm32f10x_gpio.o
#        E:\AnyID\Git\CanOpen_CanFestival_Stu\CanOpen\Build\Obj\stm32f10x_it.o
#        E:\AnyID\Git\CanOpen_CanFestival_Stu\CanOpen\Build\Obj\stm32f10x_iwdg.o
#        E:\AnyID\Git\CanOpen_CanFestival_Stu\CanOpen\Build\Obj\stm32f10x_pwr.o
#        E:\AnyID\Git\CanOpen_CanFestival_Stu\CanOpen\Build\Obj\stm32f10x_rcc.o
#        E:\AnyID\Git\CanOpen_CanFestival_Stu\CanOpen\Build\Obj\stm32f10x_rtc.o
#        E:\AnyID\Git\CanOpen_CanFestival_Stu\CanOpen\Build\Obj\stm32f10x_spi.o
#        E:\AnyID\Git\CanOpen_CanFestival_Stu\CanOpen\Build\Obj\stm32f10x_tim.o
#        E:\AnyID\Git\CanOpen_CanFestival_Stu\CanOpen\Build\Obj\stm32f10x_usart.o
#        E:\AnyID\Git\CanOpen_CanFestival_Stu\CanOpen\Build\Obj\sync.o
#        E:\AnyID\Git\CanOpen_CanFestival_Stu\CanOpen\Build\Obj\system_stm32f10x.o
#        E:\AnyID\Git\CanOpen_CanFestival_Stu\CanOpen\Build\Obj\timer.o
#        --redirect _Printf=_PrintfFull --redirect _Scanf=_ScanfFull
#        --no_out_extension -o
#        E:\AnyID\Git\CanOpen_CanFestival_Stu\CanOpen\Build\Exe\CanOpen.out
#        --map
#        E:\AnyID\Git\CanOpen_CanFestival_Stu\CanOpen\Build\List\CanOpen.map
#        --config
#        E:\AnyID\Git\CanOpen_CanFestival_Stu\CanOpen\stm32f10x_flash.icf
#        --semihosting --entry __iar_program_start --vfe --text_out locale)
#
###############################################################################

*******************************************************************************
*** RUNTIME MODEL ATTRIBUTES
***

CppFlavor       = *
__Heap_Handler  = DLMalloc
__SystemLibrary = DLib
__dlib_version  = 6


*******************************************************************************
*** HEAP SELECTION
***

The advanced heap was selected because the application calls memory
allocation functions outside of system library functions, and there
are calls to deallocation functions in the application.


*******************************************************************************
*** PLACEMENT SUMMARY
***

"A0":  place at address 0x800'0000 { ro section .intvec };
"P1":  place in [from 0x800'0000 to 0x80f'ffff] { ro };
define block CSTACK with size = 4K, alignment = 8 { };
define block HEAP with size = 4K, alignment = 8 { };
"P2":  place in [from 0x2000'0000 to 0x2001'7fff] {
          rw, block CSTACK, block HEAP };
initialize by copy { rw };

  Section            Kind         Address      Size  Object
  -------            ----         -------      ----  ------
"A0":                                         0x130
  .intvec            ro code   0x800'0000     0x130  startup_stm32f10x_hd.o [1]
                             - 0x800'0130     0x130

"P1", part 1 of 2:                            0x551
  .text              ro code   0x800'0130      0x66  ABImemset.o [4]
  Initializer bytes  const     0x800'0196     0x4eb  <for P2-1>
                             - 0x800'0681     0x551

Absolute sections:                             0x32
  .rodata            const     0x800'5000      0x32  AnyID_CanOpen_Device.o [1]
                             - 0x800'5032      0x32

"P1", part 2 of 2:                         0x1'07ac
  .text              ro code   0x800'5034    0x5678  sdo.o [1]
  .text              ro code   0x800'a6ac      0x3a  zero_init3.o [4]
  .text              ro code   0x800'a6e8      0x40  sprintf.o [2]
  .text              ro code   0x800'a728     0x1b4  AnyID_CanOpen_RS485_HL.o [1]
  .text              ro code   0x800'a8dc     0x6f2  objacces.o [1]
  .text              ro code   0x800'afce      0x1e  xencoding_8859_1.o [2]
  .text              ro code   0x800'afec    0x1ce4  dlmalloc.o [2]
  .text              ro code   0x800'ccd0      0xa6  ABImemcpy.o [4]
  .text              ro code   0x800'cd76       0x8  heaptramp0.o [2]
  .text              ro code   0x800'cd7e       0xa  xsprout.o [2]
  .text              ro code   0x800'cd88     0x228  timer.o [1]
  .text              ro code   0x800'cfb0     0x244  AnyID_CanOpen_Can_HL.o [1]
  .text              ro code   0x800'd1f4    0x10c6  xprintffull.o [2]
  .rodata            const     0x800'e2ba       0x2  AnyId_Canopen_Slave.o [1]
  .text              ro code   0x800'e2bc     0x29a  stm32f10x_usart.o [1]
  .rodata            const     0x800'e556       0x2  xlocale_c.o [2]
  .text              ro code   0x800'e558     0x178  stm32f10x_gpio.o [1]
  .text              ro code   0x800'e6d0      0xb8  misc.o [1]
  .text              ro code   0x800'e788      0x36  strlen.o [4]
  .text              ro code   0x800'e7be       0x6  abort.o [2]
  .text              ro code   0x800'e7c4      0x2c  xgetmemchunk.o [2]
  .text              ro code   0x800'e7f0      0xac  AnyID_CanOpen_Tim_HL.o [1]
  .text              ro code   0x800'e89c     0x520  stm32f10x_can.o [1]
  .text              ro code   0x800'edbc     0x81a  states.o [1]
  .rodata            const     0x800'f5d6       0x2  xlocale_c.o [2]
  .text              ro code   0x800'f5d8      0x7c  xlocale_c.o [2]
  .text              ro code   0x800'f654      0x16  strchr.o [4]
  .rodata            const     0x800'f66a       0x1  AnyId_Canopen_Slave.o [1]
  .rodata            const     0x800'f66b       0x1  xlocale_c.o [2]
  .text              ro code   0x800'f66c      0x40  xfail_s.o [2]
  .text              ro code   0x800'f6ac      0x58  memchr.o [4]
  .text              ro code   0x800'f704      0x70  frexp.o [3]
  .text              ro code   0x800'f774      0x2e  DblCmpLe.o [3]
  .text              ro code   0x800'f7a4      0x2e  DblCmpGe.o [3]
  .text              ro code   0x800'f7d4     0x13a  ldexp.o [3]
  .text              ro code   0x800'f910      0x3a  DblToS32.o [3]
  .text              ro code   0x800'f94c      0x22  S32ToDbl.o [3]
  .text              ro code   0x800'f970      0xe2  DblSub.o [3]
  .text              ro code   0x800'fa54     0x246  DblDiv.o [3]
  .text              ro code   0x800'fc9c      0x28  DblToU32.o [3]
  .text              ro code   0x800'fcc4      0x1a  U32ToDbl.o [3]
  .text              ro code   0x800'fce0     0x1a2  DblMul.o [3]
  .text              ro code   0x800'fe82       0xa  xmbcurmax.o [2]
  .text              ro code   0x800'fe8c     0x230  I64DivMod.o [4]
  .text              ro code   0x801'00bc     0x330  stm32f10x_rcc.o [1]
  .text              ro code   0x801'03ec      0x14  exit.o [5]
  .text              ro code   0x801'0400     0x112  stm32f10x_tim.o [1]
  .text              ro code   0x801'0514     0x1ac  sync.o [1]
  .text              ro code   0x801'06c0     0x10e  emcy.o [1]
  .text              ro code   0x801'07d0    0x12d4  pdo.o [1]
  .text              ro code   0x801'1aa4     0x644  lifegrd.o [1]
  .text              ro code   0x801'20e8     0x190  nmtSlave.o [1]
  .text              ro code   0x801'2278     0x124  nmtMaster.o [1]
  .text              ro code   0x801'239c     0x16a  DblAdd.o [3]
  .text              ro code   0x801'2508       0x2  I64DivZer.o [4]
  .text              ro code   0x801'250c      0x68  memcmp.o [4]
  .text              ro code   0x801'2574     0x2cc  AnyID_CanOpen_SysCfg.o [1]
  .text              ro code   0x801'2840      0x2c  stm32f10x_flash.o [1]
  .text              ro code   0x801'286c     0x228  AnyID_CanOpen_FRam_HL.o [1]
  .text              ro code   0x801'2a94     0x188  AnyID_CanOpen_Device.o [1]
  .text              ro code   0x801'2c1c     0x168  AnyID_CanOpen_Periph_HL.o [1]
  .text              ro code   0x801'2d84      0x18  AnyID_CanOpen_RS485.o [1]
  .text              ro code   0x801'2d9c      0xa4  AnyID_CanOpen_SysTick_HL.o [1]
  .text              ro code   0x801'2e40     0x236  AnyID_FRam.o [1]
  .text              ro code   0x801'3078      0x48  AnyID_Stdlib.o [1]
  .text              ro code   0x801'30c0     0x13c  AnyID_CanOpen_FRam.o [1]
  .text              ro code   0x801'31fc     0x1f4  AnyId_Canopen_Slave.o [1]
  .rodata            const     0x801'33f0     0x118  AnyId_Canopen_Slave.o [1]
  .text              ro code   0x801'3508     0x110  system_stm32f10x.o [1]
  .text              ro code   0x801'3618      0xec  AnyID_CanOpen_Uart_Receive.o [1]
  .text              ro code   0x801'3704      0xec  stm32f10x_it.o [1]
  .text              ro code   0x801'37f0      0x94  stm32f10x_rtc.o [1]
  .text              ro code   0x801'3884      0x78  lz77_init_single.o [4]
  .rodata            const     0x801'38fc      0x50  sdo.o [1]
  .rodata            const     0x801'394c      0x50  sdo.o [1]
  .rodata            const     0x801'399c      0x50  sdo.o [1]
  .rodata            const     0x801'39ec      0x50  sdo.o [1]
  .rodata            const     0x801'3a3c      0x4c  sdo.o [1]
  .rodata            const     0x801'3a88      0x4c  sdo.o [1]
  .rodata            const     0x801'3ad4      0x4c  sdo.o [1]
  .rodata            const     0x801'3b20      0x4c  sdo.o [1]
  .rodata            const     0x801'3b6c      0x48  sdo.o [1]
  .rodata            const     0x801'3bb4      0x48  sdo.o [1]
  .rodata            const     0x801'3bfc      0x48  sdo.o [1]
  .rodata            const     0x801'3c44      0x48  sdo.o [1]
  .rodata            const     0x801'3c8c      0x48  sdo.o [1]
  .rodata            const     0x801'3cd4      0x48  sdo.o [1]
  .rodata            const     0x801'3d1c      0x48  sdo.o [1]
  .rodata            const     0x801'3d64      0x48  sdo.o [1]
  .rodata            const     0x801'3dac      0x44  pdo.o [1]
  .rodata            const     0x801'3df0      0x44  sdo.o [1]
  .rodata            const     0x801'3e34      0x44  sdo.o [1]
  .rodata            const     0x801'3e78      0x44  sdo.o [1]
  .rodata            const     0x801'3ebc      0x44  sdo.o [1]
  .rodata            const     0x801'3f00      0x44  sdo.o [1]
  .rodata            const     0x801'3f44      0x44  sdo.o [1]
  .rodata            const     0x801'3f88      0x44  sdo.o [1]
  .rodata            const     0x801'3fcc      0x44  sdo.o [1]
  .rodata            const     0x801'4010      0x40  sdo.o [1]
  .rodata            const     0x801'4050      0x40  sdo.o [1]
  .rodata            const     0x801'4090      0x40  sdo.o [1]
  .rodata            const     0x801'40d0      0x40  sdo.o [1]
  .rodata            const     0x801'4110      0x40  sdo.o [1]
  .rodata            const     0x801'4150      0x40  sdo.o [1]
  .rodata            const     0x801'4190      0x40  sdo.o [1]
  .rodata            const     0x801'41d0      0x40  sdo.o [1]
  .rodata            const     0x801'4210      0x40  sdo.o [1]
  .rodata            const     0x801'4250      0x40  sdo.o [1]
  .rodata            const     0x801'4290      0x40  sdo.o [1]
  .rodata            const     0x801'42d0      0x3c  pdo.o [1]
  .rodata            const     0x801'430c      0x3c  sdo.o [1]
  .rodata            const     0x801'4348      0x3c  sdo.o [1]
  .rodata            const     0x801'4384      0x3c  sdo.o [1]
  .rodata            const     0x801'43c0      0x3c  sdo.o [1]
  .rodata            const     0x801'43fc      0x3c  sdo.o [1]
  .rodata            const     0x801'4438      0x3c  sdo.o [1]
  .rodata            const     0x801'4474      0x3c  sdo.o [1]
  .rodata            const     0x801'44b0      0x3c  sdo.o [1]
  .rodata            const     0x801'44ec      0x38  sdo.o [1]
  .rodata            const     0x801'4524      0x38  sdo.o [1]
  .rodata            const     0x801'455c      0x38  sdo.o [1]
  .rodata            const     0x801'4594      0x38  sdo.o [1]
  .rodata            const     0x801'45cc      0x38  sdo.o [1]
  .rodata            const     0x801'4604      0x34  sdo.o [1]
  .rodata            const     0x801'4638      0x34  sdo.o [1]
  .rodata            const     0x801'466c      0x34  sdo.o [1]
  .rodata            const     0x801'46a0      0x34  sdo.o [1]
  .rodata            const     0x801'46d4      0x30  objacces.o [1]
  .rodata            const     0x801'4704      0x30  objacces.o [1]
  .rodata            const     0x801'4734      0x30  pdo.o [1]
  .rodata            const     0x801'4764      0x30  sdo.o [1]
  .rodata            const     0x801'4794      0x30  sdo.o [1]
  .rodata            const     0x801'47c4      0x30  sdo.o [1]
  .rodata            const     0x801'47f4      0x30  sdo.o [1]
  .rodata            const     0x801'4824      0x30  sdo.o [1]
  .rodata            const     0x801'4854      0x30  sdo.o [1]
  .rodata            const     0x801'4884      0x30  sdo.o [1]
  .rodata            const     0x801'48b4      0x30  sdo.o [1]
  .rodata            const     0x801'48e4      0x2c  lifegrd.o [1]
  .rodata            const     0x801'4910      0x2c  objacces.o [1]
  .rodata            const     0x801'493c      0x2c  objacces.o [1]
  .rodata            const     0x801'4968      0x2c  sdo.o [1]
  .rodata            const     0x801'4994      0x2c  sdo.o [1]
  .rodata            const     0x801'49c0      0x2c  sdo.o [1]
  .rodata            const     0x801'49ec      0x2c  sdo.o [1]
  .rodata            const     0x801'4a18      0x2c  sdo.o [1]
  .rodata            const     0x801'4a44      0x2c  sdo.o [1]
  .rodata            const     0x801'4a70      0x2c  sdo.o [1]
  .rodata            const     0x801'4a9c      0x2c  sdo.o [1]
  .rodata            const     0x801'4ac8      0x28  objacces.o [1]
  .rodata            const     0x801'4af0      0x28  pdo.o [1]
  .rodata            const     0x801'4b18      0x28  sdo.o [1]
  .rodata            const     0x801'4b40      0x28  sdo.o [1]
  .rodata            const     0x801'4b68      0x28  sdo.o [1]
  .text              ro code   0x801'4b90      0x28  data_init.o [4]
  .rodata            const     0x801'4bb8      0x24  lifegrd.o [1]
  .rodata            const     0x801'4bdc      0x24  pdo.o [1]
  .rodata            const     0x801'4c00      0x24  pdo.o [1]
  .rodata            const     0x801'4c24      0x24  pdo.o [1]
  .rodata            const     0x801'4c48      0x24  pdo.o [1]
  .rodata            const     0x801'4c6c      0x24  pdo.o [1]
  .rodata            const     0x801'4c90      0x24  pdo.o [1]
  .rodata            const     0x801'4cb4      0x24  sdo.o [1]
  .rodata            const     0x801'4cd8      0x24  sdo.o [1]
  .rodata            const     0x801'4cfc      0x24  sdo.o [1]
  .rodata            const     0x801'4d20      0x24  sdo.o [1]
  .iar.init_table    const     0x801'4d44      0x20  - Linker created -
  .rodata            const     0x801'4d64      0x20  lifegrd.o [1]
  .rodata            const     0x801'4d84      0x20  lifegrd.o [1]
  .rodata            const     0x801'4da4      0x20  lifegrd.o [1]
  .rodata            const     0x801'4dc4      0x20  objacces.o [1]
  .rodata            const     0x801'4de4      0x20  pdo.o [1]
  .rodata            const     0x801'4e04      0x20  pdo.o [1]
  .rodata            const     0x801'4e24      0x20  pdo.o [1]
  .rodata            const     0x801'4e44      0x20  sdo.o [1]
  .rodata            const     0x801'4e64      0x20  sdo.o [1]
  .rodata            const     0x801'4e84      0x20  sdo.o [1]
  .rodata            const     0x801'4ea4      0x20  sdo.o [1]
  .rodata            const     0x801'4ec4      0x20  sdo.o [1]
  .rodata            const     0x801'4ee4      0x20  sdo.o [1]
  .rodata            const     0x801'4f04      0x20  sdo.o [1]
  .rodata            const     0x801'4f24      0x20  sdo.o [1]
  .text              ro code   0x801'4f44      0x1e  cmain.o [4]
  .text              ro code   0x801'4f62       0x4  low_level_init.o [2]
  .text              ro code   0x801'4f66      0x14  main.o [1]
  .text              ro code   0x801'4f7a       0x4  exit.o [2]
  .text              ro code   0x801'4f80       0xa  cexit.o [4]
  .rodata            const     0x801'4f8c      0x1c  emcy.o [1]
  .rodata            const     0x801'4fa8      0x1c  emcy.o [1]
  .rodata            const     0x801'4fc4      0x1c  nmtMaster.o [1]
  .rodata            const     0x801'4fe0      0x1c  nmtSlave.o [1]
  .rodata            const     0x801'4ffc      0x1c  pdo.o [1]
  .rodata            const     0x801'5018      0x1c  pdo.o [1]
  .rodata            const     0x801'5034      0x1c  pdo.o [1]
  .rodata            const     0x801'5050      0x1c  pdo.o [1]
  .rodata            const     0x801'506c      0x1c  sdo.o [1]
  .rodata            const     0x801'5088      0x1c  sdo.o [1]
  .rodata            const     0x801'50a4      0x1c  sdo.o [1]
  .rodata            const     0x801'50c0      0x1c  sdo.o [1]
  .rodata            const     0x801'50dc      0x1c  sdo.o [1]
  .rodata            const     0x801'50f8      0x1c  sdo.o [1]
  .rodata            const     0x801'5114      0x1c  sync.o [1]
  .rodata            const     0x801'5130      0x18  lifegrd.o [1]
  .rodata            const     0x801'5148      0x18  lifegrd.o [1]
  .rodata            const     0x801'5160      0x18  objacces.o [1]
  .rodata            const     0x801'5178      0x18  objacces.o [1]
  .rodata            const     0x801'5190      0x18  pdo.o [1]
  .rodata            const     0x801'51a8      0x18  pdo.o [1]
  .rodata            const     0x801'51c0      0x18  pdo.o [1]
  .rodata            const     0x801'51d8      0x18  pdo.o [1]
  .rodata            const     0x801'51f0      0x18  sdo.o [1]
  .rodata            const     0x801'5208      0x18  sdo.o [1]
  .rodata            const     0x801'5220      0x18  sdo.o [1]
  .rodata            const     0x801'5238      0x18  sdo.o [1]
  .rodata            const     0x801'5250      0x18  sdo.o [1]
  .rodata            const     0x801'5268      0x18  sdo.o [1]
  .rodata            const     0x801'5280      0x14  nmtSlave.o [1]
  .rodata            const     0x801'5294      0x14  objacces.o [1]
  .rodata            const     0x801'52a8      0x14  objacces.o [1]
  .rodata            const     0x801'52bc      0x14  objacces.o [1]
  .rodata            const     0x801'52d0      0x14  pdo.o [1]
  .rodata            const     0x801'52e4      0x14  pdo.o [1]
  .rodata            const     0x801'52f8      0x14  pdo.o [1]
  .rodata            const     0x801'530c      0x14  pdo.o [1]
  .rodata            const     0x801'5320      0x14  pdo.o [1]
  .rodata            const     0x801'5334      0x14  sdo.o [1]
  .rodata            const     0x801'5348      0x14  sdo.o [1]
  .rodata            const     0x801'535c      0x14  sdo.o [1]
  .rodata            const     0x801'5370      0x14  sdo.o [1]
  .rodata            const     0x801'5384      0x14  sdo.o [1]
  .rodata            const     0x801'5398      0x14  sdo.o [1]
  .rodata            const     0x801'53ac      0x14  sdo.o [1]
  .rodata            const     0x801'53c0      0x14  sdo.o [1]
  .rodata            const     0x801'53d4      0x14  sdo.o [1]
  .rodata            const     0x801'53e8      0x14  states.o [1]
  .rodata            const     0x801'53fc      0x14  states.o [1]
  .rodata            const     0x801'5410      0x14  states.o [1]
  .rodata            const     0x801'5424      0x14  states.o [1]
  .rodata            const     0x801'5438      0x14  states.o [1]
  .rodata            const     0x801'544c      0x14  timer.o [1]
  .rodata            const     0x801'5460      0x10  emcy.o [1]
  .rodata            const     0x801'5470      0x10  lifegrd.o [1]
  .rodata            const     0x801'5480      0x10  nmtMaster.o [1]
  .rodata            const     0x801'5490      0x10  nmtMaster.o [1]
  .rodata            const     0x801'54a0      0x10  nmtMaster.o [1]
  .rodata            const     0x801'54b0      0x10  nmtSlave.o [1]
  .rodata            const     0x801'54c0      0x10  objacces.o [1]
  .rodata            const     0x801'54d0      0x10  objacces.o [1]
  .rodata            const     0x801'54e0      0x10  pdo.o [1]
  .rodata            const     0x801'54f0      0x10  pdo.o [1]
  .rodata            const     0x801'5500      0x10  pdo.o [1]
  .rodata            const     0x801'5510      0x10  sdo.o [1]
  .rodata            const     0x801'5520      0x10  sdo.o [1]
  .rodata            const     0x801'5530      0x10  sdo.o [1]
  .rodata            const     0x801'5540      0x10  sdo.o [1]
  .rodata            const     0x801'5550      0x10  states.o [1]
  .rodata            const     0x801'5560      0x10  states.o [1]
  .rodata            const     0x801'5570      0x10  states.o [1]
  .rodata            const     0x801'5580      0x10  states.o [1]
  .rodata            const     0x801'5590      0x10  states.o [1]
  .rodata            const     0x801'55a0      0x10  sync.o [1]
  .rodata            const     0x801'55b0      0x10  timer.o [1]
  .text              ro code   0x801'55c0      0x10  startup_stm32f10x_hd.o [1]
  .rodata            const     0x801'55d0       0xc  AnyId_Canopen_Slave.o [1]
  .rodata            const     0x801'55dc       0xc  AnyId_Canopen_Slave.o [1]
  .rodata            const     0x801'55e8       0xc  lifegrd.o [1]
  .rodata            const     0x801'55f4       0xc  sdo.o [1]
  .rodata            const     0x801'5600       0xc  states.o [1]
  .rodata            const     0x801'560c       0xc  states.o [1]
  .rodata            const     0x801'5618       0xc  states.o [1]
  .rodata            const     0x801'5624       0xc  states.o [1]
  .rodata            const     0x801'5630       0xc  sync.o [1]
  .text              ro code   0x801'563c       0xc  cstartup_M.o [4]
  .rodata            const     0x801'5648       0x8  AnyID_CanOpen_Can_HL.o [1]
  .rodata            const     0x801'5650       0x8  AnyID_CanOpen_Can_HL.o [1]
  .rodata            const     0x801'5658       0x8  AnyID_CanOpen_FRam_HL.o [1]
  .rodata            const     0x801'5660       0x8  AnyID_CanOpen_FRam_HL.o [1]
  .rodata            const     0x801'5668       0x8  AnyID_CanOpen_Periph_HL.o [1]
  .rodata            const     0x801'5670       0x8  AnyID_CanOpen_Periph_HL.o [1]
  .rodata            const     0x801'5678       0x8  AnyID_CanOpen_Periph_HL.o [1]
  .rodata            const     0x801'5680       0x8  AnyID_CanOpen_Periph_HL.o [1]
  .rodata            const     0x801'5688       0x8  AnyID_CanOpen_Periph_HL.o [1]
  .rodata            const     0x801'5690       0x8  AnyID_CanOpen_Periph_HL.o [1]
  .rodata            const     0x801'5698       0x8  AnyID_CanOpen_Periph_HL.o [1]
  .rodata            const     0x801'56a0       0x8  AnyID_CanOpen_Periph_HL.o [1]
  .rodata            const     0x801'56a8       0x8  AnyID_CanOpen_Periph_HL.o [1]
  .rodata            const     0x801'56b0       0x8  AnyID_CanOpen_RS485_HL.o [1]
  .rodata            const     0x801'56b8       0x8  AnyID_CanOpen_RS485_HL.o [1]
  .rodata            const     0x801'56c0       0x8  AnyID_CanOpen_RS485_HL.o [1]
  .rodata            const     0x801'56c8       0x8  AnyID_CanOpen_SysCfg.o [1]
  .rodata            const     0x801'56d0       0x8  sdo.o [1]
  .rodata            const     0x801'56d8       0x8  states.o [1]
  .rodata            const     0x801'56e0       0x8  states.o [1]
  .rodata            const     0x801'56e8       0x8  states.o [1]
  .rodata            const     0x801'56f0       0x8  states.o [1]
  .rodata            const     0x801'56f8       0x8  states.o [1]
  .text              ro code   0x801'5700       0x4  startup_stm32f10x_hd.o [1]
  .text              ro code   0x801'5704       0x4  startup_stm32f10x_hd.o [1]
  .text              ro code   0x801'5708       0x4  startup_stm32f10x_hd.o [1]
  .text              ro code   0x801'570c       0x4  startup_stm32f10x_hd.o [1]
  .text              ro code   0x801'5710       0x4  startup_stm32f10x_hd.o [1]
  .text              ro code   0x801'5714       0x4  startup_stm32f10x_hd.o [1]
  .text              ro code   0x801'5718       0x4  startup_stm32f10x_hd.o [1]
  .text              ro code   0x801'571c       0x4  startup_stm32f10x_hd.o [1]
  .text              ro code   0x801'5720       0x4  startup_stm32f10x_hd.o [1]
  .text              ro code   0x801'5724       0x4  startup_stm32f10x_hd.o [1]
  .text              ro code   0x801'5728       0x4  startup_stm32f10x_hd.o [1]
  .text              ro code   0x801'572c       0x4  startup_stm32f10x_hd.o [1]
  .text              ro code   0x801'5730       0x4  startup_stm32f10x_hd.o [1]
  .text              ro code   0x801'5734       0x4  startup_stm32f10x_hd.o [1]
  .text              ro code   0x801'5738       0x4  startup_stm32f10x_hd.o [1]
  .text              ro code   0x801'573c       0x4  startup_stm32f10x_hd.o [1]
  .text              ro code   0x801'5740       0x4  startup_stm32f10x_hd.o [1]
  .text              ro code   0x801'5744       0x4  startup_stm32f10x_hd.o [1]
  .text              ro code   0x801'5748       0x4  startup_stm32f10x_hd.o [1]
  .text              ro code   0x801'574c       0x4  startup_stm32f10x_hd.o [1]
  .text              ro code   0x801'5750       0x4  startup_stm32f10x_hd.o [1]
  .text              ro code   0x801'5754       0x4  startup_stm32f10x_hd.o [1]
  .text              ro code   0x801'5758       0x4  startup_stm32f10x_hd.o [1]
  .text              ro code   0x801'575c       0x4  startup_stm32f10x_hd.o [1]
  .text              ro code   0x801'5760       0x4  startup_stm32f10x_hd.o [1]
  .text              ro code   0x801'5764       0x4  startup_stm32f10x_hd.o [1]
  .text              ro code   0x801'5768       0x4  startup_stm32f10x_hd.o [1]
  .text              ro code   0x801'576c       0x4  startup_stm32f10x_hd.o [1]
  .text              ro code   0x801'5770       0x4  startup_stm32f10x_hd.o [1]
  .text              ro code   0x801'5774       0x4  startup_stm32f10x_hd.o [1]
  .text              ro code   0x801'5778       0x4  startup_stm32f10x_hd.o [1]
  .text              ro code   0x801'577c       0x4  startup_stm32f10x_hd.o [1]
  .text              ro code   0x801'5780       0x4  startup_stm32f10x_hd.o [1]
  .text              ro code   0x801'5784       0x4  startup_stm32f10x_hd.o [1]
  .text              ro code   0x801'5788       0x4  startup_stm32f10x_hd.o [1]
  .text              ro code   0x801'578c       0x4  startup_stm32f10x_hd.o [1]
  .text              ro code   0x801'5790       0x4  startup_stm32f10x_hd.o [1]
  .text              ro code   0x801'5794       0x4  startup_stm32f10x_hd.o [1]
  .text              ro code   0x801'5798       0x4  startup_stm32f10x_hd.o [1]
  .text              ro code   0x801'579c       0x4  startup_stm32f10x_hd.o [1]
  .text              ro code   0x801'57a0       0x4  startup_stm32f10x_hd.o [1]
  .text              ro code   0x801'57a4       0x4  startup_stm32f10x_hd.o [1]
  .text              ro code   0x801'57a8       0x4  startup_stm32f10x_hd.o [1]
  .text              ro code   0x801'57ac       0x4  startup_stm32f10x_hd.o [1]
  .text              ro code   0x801'57b0       0x4  startup_stm32f10x_hd.o [1]
  .text              ro code   0x801'57b4       0x4  startup_stm32f10x_hd.o [1]
  .text              ro code   0x801'57b8       0x4  startup_stm32f10x_hd.o [1]
  .text              ro code   0x801'57bc       0x4  startup_stm32f10x_hd.o [1]
  .text              ro code   0x801'57c0       0x4  startup_stm32f10x_hd.o [1]
  .text              ro code   0x801'57c4       0x4  startup_stm32f10x_hd.o [1]
  .text              ro code   0x801'57c8       0x4  startup_stm32f10x_hd.o [1]
  .text              ro code   0x801'57cc       0x4  startup_stm32f10x_hd.o [1]
  .text              ro code   0x801'57d0       0x4  startup_stm32f10x_hd.o [1]
  .text              ro code   0x801'57d4       0x4  startup_stm32f10x_hd.o [1]
  .text              ro code   0x801'57d8       0x4  startup_stm32f10x_hd.o [1]
  .text              ro code   0x801'57dc       0x4  startup_stm32f10x_hd.o [1]
  .rodata            const     0x801'57e0       0x0  zero_init3.o [4]
  .rodata            const     0x801'57e0       0x0  lz77_init_single.o [4]
                             - 0x801'57e0  0x1'07ac

"P2", part 1 of 3:                           0x1282
  P2-1                        0x2000'0000    0x1282  <Init block>
    .data            inited   0x2000'0000       0xc  AnyID_CanOpen_RTC.o [1]
    .data            inited   0x2000'000c       0xc  AnyId_Canopen_Slave.o [1]
    .data            inited   0x2000'0018       0xc  AnyId_Canopen_Slave.o [1]
    .data            inited   0x2000'0024      0x18  AnyId_Canopen_Slave.o [1]
    .data            inited   0x2000'003c       0xc  AnyId_Canopen_Slave.o [1]
    .data            inited   0x2000'0048       0xc  AnyId_Canopen_Slave.o [1]
    .data            inited   0x2000'0054       0xc  AnyId_Canopen_Slave.o [1]
    .data            inited   0x2000'0060       0xc  AnyId_Canopen_Slave.o [1]
    .data            inited   0x2000'006c     0x600  AnyId_Canopen_Slave.o [1]
    .data            inited   0x2000'066c       0xc  AnyId_Canopen_Slave.o [1]
    .data            inited   0x2000'0678       0x4  AnyId_Canopen_Slave.o [1]
    .data            inited   0x2000'067c       0xc  AnyId_Canopen_Slave.o [1]
    .data            inited   0x2000'0688       0xc  AnyId_Canopen_Slave.o [1]
    .data            inited   0x2000'0694      0x3c  AnyId_Canopen_Slave.o [1]
    .data            inited   0x2000'06d0       0x4  AnyId_Canopen_Slave.o [1]
    .data            inited   0x2000'06d4       0x4  AnyId_Canopen_Slave.o [1]
    .data            inited   0x2000'06d8      0x24  AnyId_Canopen_Slave.o [1]
    .data            inited   0x2000'06fc       0x4  AnyId_Canopen_Slave.o [1]
    .data            inited   0x2000'0700      0x54  AnyId_Canopen_Slave.o [1]
    .data            inited   0x2000'0754       0x4  AnyId_Canopen_Slave.o [1]
    .data            inited   0x2000'0758      0x54  AnyId_Canopen_Slave.o [1]
    .data            inited   0x2000'07ac       0x4  AnyId_Canopen_Slave.o [1]
    .data            inited   0x2000'07b0      0x54  AnyId_Canopen_Slave.o [1]
    .data            inited   0x2000'0804       0x4  AnyId_Canopen_Slave.o [1]
    .data            inited   0x2000'0808      0x54  AnyId_Canopen_Slave.o [1]
    .data            inited   0x2000'085c      0x6c  AnyId_Canopen_Slave.o [1]
    .data            inited   0x2000'08c8      0x6c  AnyId_Canopen_Slave.o [1]
    .data            inited   0x2000'0934      0x6c  AnyId_Canopen_Slave.o [1]
    .data            inited   0x2000'09a0      0x6c  AnyId_Canopen_Slave.o [1]
    .data            inited   0x2000'0a0c       0x4  AnyId_Canopen_Slave.o [1]
    .data            inited   0x2000'0a10      0x54  AnyId_Canopen_Slave.o [1]
    .data            inited   0x2000'0a64       0x4  AnyId_Canopen_Slave.o [1]
    .data            inited   0x2000'0a68      0x54  AnyId_Canopen_Slave.o [1]
    .data            inited   0x2000'0abc       0x4  AnyId_Canopen_Slave.o [1]
    .data            inited   0x2000'0ac0      0x54  AnyId_Canopen_Slave.o [1]
    .data            inited   0x2000'0b14       0x4  AnyId_Canopen_Slave.o [1]
    .data            inited   0x2000'0b18      0x54  AnyId_Canopen_Slave.o [1]
    .data            inited   0x2000'0b6c      0x20  AnyId_Canopen_Slave.o [1]
    .data            inited   0x2000'0b8c      0x6c  AnyId_Canopen_Slave.o [1]
    .data            inited   0x2000'0bf8      0x20  AnyId_Canopen_Slave.o [1]
    .data            inited   0x2000'0c18      0x6c  AnyId_Canopen_Slave.o [1]
    .data            inited   0x2000'0c84      0x20  AnyId_Canopen_Slave.o [1]
    .data            inited   0x2000'0ca4      0x6c  AnyId_Canopen_Slave.o [1]
    .data            inited   0x2000'0d10      0x6c  AnyId_Canopen_Slave.o [1]
    .data            inited   0x2000'0d7c       0xc  AnyId_Canopen_Slave.o [1]
    .data            inited   0x2000'0d88       0xc  AnyId_Canopen_Slave.o [1]
    .data            inited   0x2000'0d94       0xc  AnyId_Canopen_Slave.o [1]
    .data            inited   0x2000'0da0       0xc  AnyId_Canopen_Slave.o [1]
    .data            inited   0x2000'0dac       0xc  AnyId_Canopen_Slave.o [1]
    .data            inited   0x2000'0db8      0x24  AnyId_Canopen_Slave.o [1]
    .data            inited   0x2000'0ddc      0x48  AnyId_Canopen_Slave.o [1]
    .data            inited   0x2000'0e24     0x3a8  AnyId_Canopen_Slave.o [1]
    .data            inited   0x2000'11cc       0x4  AnyID_CanOpen_SysCfg.o [1]
    .data            inited   0x2000'11d0      0x10  stm32f10x_rcc.o [1]
    .data            inited   0x2000'11e0       0x4  stm32f10x_rcc.o [1]
    .data            inited   0x2000'11e4       0x4  timer.o [1]
    .data            inited   0x2000'11e8      0x38  xlocale_c.o [2]
    .data            inited   0x2000'1220      0x48  xlocale_c.o [2]
    .data            inited   0x2000'1268       0x2  AnyId_Canopen_Slave.o [1]
    .data            inited   0x2000'126a       0x2  timer.o [1]
    .data            inited   0x2000'126c       0x1  AnyId_Canopen_Slave.o [1]
    .data            inited   0x2000'126d       0x1  AnyId_Canopen_Slave.o [1]
    .data            inited   0x2000'126e       0x1  AnyId_Canopen_Slave.o [1]
    .data            inited   0x2000'126f       0x1  AnyId_Canopen_Slave.o [1]
    .data            inited   0x2000'1270       0x1  AnyId_Canopen_Slave.o [1]
    .data            inited   0x2000'1271       0x1  AnyId_Canopen_Slave.o [1]
    .data            inited   0x2000'1272       0x1  AnyId_Canopen_Slave.o [1]
    .data            inited   0x2000'1273       0x1  AnyId_Canopen_Slave.o [1]
    .data            inited   0x2000'1274       0x1  AnyId_Canopen_Slave.o [1]
    .data            inited   0x2000'1275       0x1  AnyId_Canopen_Slave.o [1]
    .data            inited   0x2000'1276       0x1  AnyId_Canopen_Slave.o [1]
    .data            inited   0x2000'1277       0x1  AnyId_Canopen_Slave.o [1]
    .data            inited   0x2000'1278       0x1  AnyId_Canopen_Slave.o [1]
    .data            inited   0x2000'1279       0x1  AnyId_Canopen_Slave.o [1]
    .data            inited   0x2000'127a       0x1  AnyId_Canopen_Slave.o [1]
    .data            inited   0x2000'127b       0x1  AnyId_Canopen_Slave.o [1]
    .data            inited   0x2000'127c       0x1  AnyId_Canopen_Slave.o [1]
    .data            inited   0x2000'127d       0x1  AnyId_Canopen_Slave.o [1]
    .data            inited   0x2000'127e       0x1  AnyId_Canopen_Slave.o [1]
    .data            inited   0x2000'127f       0x1  AnyId_Canopen_Slave.o [1]
    .data            inited   0x2000'1280       0x1  AnyId_Canopen_Slave.o [1]
    .data            inited   0x2000'1281       0x1  AnyId_Canopen_Slave.o [1]
                            - 0x2000'1282    0x1282

"P2", part 2 of 3:                            0xcfc
  .bss               zero     0x2000'1284     0x410  AnyID_CanOpen_RS485.o [1]
  .bss               zero     0x2000'1694     0x1d8  dlmalloc.o [2]
  .bss               zero     0x2000'186c     0x100  AnyID_CanOpen_RS485.o [1]
  .bss               zero     0x2000'196c     0x100  AnyId_Canopen_Slave.o [1]
  .bss               zero     0x2000'1a6c      0xc0  timer.o [1]
  .bss               zero     0x2000'1b2c      0x30  AnyID_CanOpen_Can_HL.o [1]
  .bss               zero     0x2000'1b5c      0x2c  AnyID_CanOpen_Device.o [1]
  .bss               zero     0x2000'1b88      0x20  AnyId_Canopen_Slave.o [1]
  .bss               zero     0x2000'1ba8      0x20  AnyId_Canopen_Slave.o [1]
  .bss               zero     0x2000'1bc8      0x20  AnyId_Canopen_Slave.o [1]
  .bss               zero     0x2000'1be8      0x20  AnyId_Canopen_Slave.o [1]
  .bss               zero     0x2000'1c08      0x20  AnyId_Canopen_Slave.o [1]
  .bss               zero     0x2000'1c28      0x1c  AnyId_Canopen_Slave.o [1]
  .bss               zero     0x2000'1c44      0x1c  AnyId_Canopen_Slave.o [1]
  .bss               zero     0x2000'1c60      0x1c  AnyId_Canopen_Slave.o [1]
  .bss               zero     0x2000'1c7c      0x1c  AnyId_Canopen_Slave.o [1]
  .bss               zero     0x2000'1c98      0x18  dlmalloc.o [2]
  .bss               zero     0x2000'1cb0       0xc  AnyId_Canopen_Slave.o [1]
  .bss               zero     0x2000'1cbc       0xc  AnyId_Canopen_Slave.o [1]
  .bss               zero     0x2000'1cc8       0xc  AnyId_Canopen_Slave.o [1]
  .bss               zero     0x2000'1cd4       0x8  AnyID_CanOpen_FRam.o [1]
  .bss               zero     0x2000'1ce0       0x8  AnyId_Canopen_Slave.o [1]
  .bss               zero     0x2000'1ce8       0x8  AnyId_Canopen_Slave.o [1]
  .bss               zero     0x2000'1cf0       0x4  AnyId_Canopen_Slave.o [1]
  .bss               zero     0x2000'1cf4       0x4  AnyId_Canopen_Slave.o [1]
  .bss               zero     0x2000'1cf8       0x4  AnyId_Canopen_Slave.o [1]
  .bss               zero     0x2000'1cfc       0x4  AnyId_Canopen_Slave.o [1]
  .bss               zero     0x2000'1d00       0x4  AnyId_Canopen_Slave.o [1]
  .bss               zero     0x2000'1d04       0x4  AnyId_Canopen_Slave.o [1]
  .bss               zero     0x2000'1d08       0x4  AnyId_Canopen_Slave.o [1]
  .bss               zero     0x2000'1d0c       0x4  AnyId_Canopen_Slave.o [1]
  .bss               zero     0x2000'1d10       0x4  AnyId_Canopen_Slave.o [1]
  .bss               zero     0x2000'1d14       0x4  AnyId_Canopen_Slave.o [1]
  .bss               zero     0x2000'1d18       0x4  AnyId_Canopen_Slave.o [1]
  .bss               zero     0x2000'1d1c       0x4  AnyId_Canopen_Slave.o [1]
  .bss               zero     0x2000'1d20       0x4  AnyId_Canopen_Slave.o [1]
  .bss               zero     0x2000'1d24       0x4  AnyId_Canopen_Slave.o [1]
  .bss               zero     0x2000'1d28       0x4  AnyId_Canopen_Slave.o [1]
  .bss               zero     0x2000'1d2c       0x4  AnyId_Canopen_Slave.o [1]
  .bss               zero     0x2000'1d30       0x4  AnyId_Canopen_Slave.o [1]
  .bss               zero     0x2000'1d34       0x4  AnyId_Canopen_Slave.o [1]
  .bss               zero     0x2000'1d38       0x4  AnyId_Canopen_Slave.o [1]
  .bss               zero     0x2000'1d3c       0x4  AnyId_Canopen_Slave.o [1]
  .bss               zero     0x2000'1d40       0x4  AnyId_Canopen_Slave.o [1]
  .bss               zero     0x2000'1d44       0x4  AnyId_Canopen_Slave.o [1]
  .bss               zero     0x2000'1d48       0x4  AnyId_Canopen_Slave.o [1]
  .bss               zero     0x2000'1d4c       0x4  AnyId_Canopen_Slave.o [1]
  .bss               zero     0x2000'1d50       0x4  AnyId_Canopen_Slave.o [1]
  .bss               zero     0x2000'1d54       0x4  AnyId_Canopen_Slave.o [1]
  .bss               zero     0x2000'1d58       0x4  AnyId_Canopen_Slave.o [1]
  .bss               zero     0x2000'1d5c       0x4  AnyId_Canopen_Slave.o [1]
  .bss               zero     0x2000'1d60       0x4  AnyId_Canopen_Slave.o [1]
  .bss               zero     0x2000'1d64       0x4  AnyId_Canopen_Slave.o [1]
  .bss               zero     0x2000'1d68       0x4  AnyId_Canopen_Slave.o [1]
  .bss               zero     0x2000'1d6c       0x4  AnyId_Canopen_Slave.o [1]
  .bss               zero     0x2000'1d70       0x4  AnyId_Canopen_Slave.o [1]
  .bss               zero     0x2000'1d74       0x4  AnyId_Canopen_Slave.o [1]
  .bss               zero     0x2000'1d78       0x4  AnyId_Canopen_Slave.o [1]
  .bss               zero     0x2000'1d7c       0x4  AnyId_Canopen_Slave.o [1]
  .bss               zero     0x2000'1d80       0x4  AnyId_Canopen_Slave.o [1]
  .bss               zero     0x2000'1d84       0x4  AnyId_Canopen_Slave.o [1]
  .bss               zero     0x2000'1d88       0x4  AnyId_Canopen_Slave.o [1]
  .bss               zero     0x2000'1d8c       0x4  AnyId_Canopen_Slave.o [1]
  .bss               zero     0x2000'1d90       0x4  AnyId_Canopen_Slave.o [1]
  .bss               zero     0x2000'1d94       0x4  AnyId_Canopen_Slave.o [1]
  .bss               zero     0x2000'1d98       0x4  AnyId_Canopen_Slave.o [1]
  .bss               zero     0x2000'1d9c       0x4  AnyId_Canopen_Slave.o [1]
  .bss               zero     0x2000'1da0       0x4  AnyId_Canopen_Slave.o [1]
  .bss               zero     0x2000'1da4       0x4  AnyId_Canopen_Slave.o [1]
  .bss               zero     0x2000'1da8       0x4  AnyId_Canopen_Slave.o [1]
  .bss               zero     0x2000'1dac       0x4  AnyId_Canopen_Slave.o [1]
  .bss               zero     0x2000'1db0       0x4  AnyId_Canopen_Slave.o [1]
  .bss               zero     0x2000'1db4       0x4  AnyId_Canopen_Slave.o [1]
  .bss               zero     0x2000'1db8       0x4  AnyId_Canopen_Slave.o [1]
  .bss               zero     0x2000'1dbc       0x4  AnyId_Canopen_Slave.o [1]
  .bss               zero     0x2000'1dc0       0x4  AnyId_Canopen_Slave.o [1]
  .bss               zero     0x2000'1dc4       0x4  AnyId_Canopen_Slave.o [1]
  .bss               zero     0x2000'1dc8       0x4  AnyId_Canopen_Slave.o [1]
  .bss               zero     0x2000'1dcc       0x4  AnyId_Canopen_Slave.o [1]
  .bss               zero     0x2000'1dd0       0x4  AnyId_Canopen_Slave.o [1]
  .bss               zero     0x2000'1dd4       0x4  AnyId_Canopen_Slave.o [1]
  .bss               zero     0x2000'1dd8       0x4  AnyId_Canopen_Slave.o [1]
  .bss               zero     0x2000'1ddc       0x4  AnyId_Canopen_Slave.o [1]
  .bss               zero     0x2000'1de0       0x4  AnyId_Canopen_Slave.o [1]
  .bss               zero     0x2000'1de4       0x4  AnyId_Canopen_Slave.o [1]
  .bss               zero     0x2000'1de8       0x4  AnyId_Canopen_Slave.o [1]
  .bss               zero     0x2000'1dec       0x4  AnyId_Canopen_Slave.o [1]
  .bss               zero     0x2000'1df0       0x4  AnyId_Canopen_Slave.o [1]
  .bss               zero     0x2000'1df4       0x4  AnyId_Canopen_Slave.o [1]
  .bss               zero     0x2000'1df8       0x4  AnyId_Canopen_Slave.o [1]
  .bss               zero     0x2000'1dfc       0x4  AnyId_Canopen_Slave.o [1]
  .bss               zero     0x2000'1e00       0x4  AnyId_Canopen_Slave.o [1]
  .bss               zero     0x2000'1e04       0x4  AnyId_Canopen_Slave.o [1]
  .bss               zero     0x2000'1e08       0x4  AnyId_Canopen_Slave.o [1]
  .bss               zero     0x2000'1e0c       0x4  AnyId_Canopen_Slave.o [1]
  .bss               zero     0x2000'1e10       0x4  AnyId_Canopen_Slave.o [1]
  .bss               zero     0x2000'1e14       0x4  AnyId_Canopen_Slave.o [1]
  .bss               zero     0x2000'1e18       0x4  AnyId_Canopen_Slave.o [1]
  .bss               zero     0x2000'1e1c       0x4  AnyId_Canopen_Slave.o [1]
  .bss               zero     0x2000'1e20       0x4  AnyId_Canopen_Slave.o [1]
  .bss               zero     0x2000'1e24       0x4  AnyId_Canopen_Slave.o [1]
  .bss               zero     0x2000'1e28       0x4  AnyId_Canopen_Slave.o [1]
  .bss               zero     0x2000'1e2c       0x4  AnyId_Canopen_Slave.o [1]
  .bss               zero     0x2000'1e30       0x4  AnyId_Canopen_Slave.o [1]
  .bss               zero     0x2000'1e34       0x4  AnyId_Canopen_Slave.o [1]
  .bss               zero     0x2000'1e38       0x4  AnyId_Canopen_Slave.o [1]
  .bss               zero     0x2000'1e3c       0x4  AnyId_Canopen_Slave.o [1]
  .bss               zero     0x2000'1e40       0x4  AnyId_Canopen_Slave.o [1]
  .bss               zero     0x2000'1e44       0x4  AnyId_Canopen_Slave.o [1]
  .bss               zero     0x2000'1e48       0x4  AnyId_Canopen_Slave.o [1]
  .bss               zero     0x2000'1e4c       0x4  AnyId_Canopen_Slave.o [1]
  .bss               zero     0x2000'1e50       0x4  AnyId_Canopen_Slave.o [1]
  .bss               zero     0x2000'1e54       0x4  AnyId_Canopen_Slave.o [1]
  .bss               zero     0x2000'1e58       0x4  AnyId_Canopen_Slave.o [1]
  .bss               zero     0x2000'1e5c       0x4  AnyId_Canopen_Slave.o [1]
  .bss               zero     0x2000'1e60       0x4  AnyId_Canopen_Slave.o [1]
  .bss               zero     0x2000'1e64       0x4  AnyId_Canopen_Slave.o [1]
  .bss               zero     0x2000'1e68       0x4  AnyId_Canopen_Slave.o [1]
  .bss               zero     0x2000'1e6c       0x4  AnyId_Canopen_Slave.o [1]
  .bss               zero     0x2000'1e70       0x4  AnyId_Canopen_Slave.o [1]
  .bss               zero     0x2000'1e74       0x4  AnyId_Canopen_Slave.o [1]
  .bss               zero     0x2000'1e78       0x4  AnyId_Canopen_Slave.o [1]
  .bss               zero     0x2000'1e7c       0x4  AnyId_Canopen_Slave.o [1]
  .bss               zero     0x2000'1e80       0x4  AnyId_Canopen_Slave.o [1]
  .bss               zero     0x2000'1e84       0x4  AnyId_Canopen_Slave.o [1]
  .bss               zero     0x2000'1e88       0x4  AnyId_Canopen_Slave.o [1]
  .bss               zero     0x2000'1e8c       0x4  AnyId_Canopen_Slave.o [1]
  .bss               zero     0x2000'1e90       0x4  AnyId_Canopen_Slave.o [1]
  .bss               zero     0x2000'1e94       0x4  AnyId_Canopen_Slave.o [1]
  .bss               zero     0x2000'1e98       0x4  AnyId_Canopen_Slave.o [1]
  .bss               zero     0x2000'1e9c       0x4  AnyId_Canopen_Slave.o [1]
  .bss               zero     0x2000'1ea0       0x4  AnyId_Canopen_Slave.o [1]
  .bss               zero     0x2000'1ea4       0x4  AnyId_Canopen_Slave.o [1]
  .bss               zero     0x2000'1ea8       0x4  AnyId_Canopen_Slave.o [1]
  .bss               zero     0x2000'1eac       0x4  AnyId_Canopen_Slave.o [1]
  .bss               zero     0x2000'1eb0       0x4  AnyId_Canopen_Slave.o [1]
  .bss               zero     0x2000'1eb4       0x4  AnyId_Canopen_Slave.o [1]
  .bss               zero     0x2000'1eb8       0x4  AnyId_Canopen_Slave.o [1]
  .bss               zero     0x2000'1ebc       0x4  AnyId_Canopen_Slave.o [1]
  .bss               zero     0x2000'1ec0       0x4  AnyId_Canopen_Slave.o [1]
  .bss               zero     0x2000'1ec4       0x4  AnyId_Canopen_Slave.o [1]
  .bss               zero     0x2000'1ec8       0x4  AnyId_Canopen_Slave.o [1]
  .bss               zero     0x2000'1ecc       0x4  AnyId_Canopen_Slave.o [1]
  .bss               zero     0x2000'1ed0       0x4  AnyId_Canopen_Slave.o [1]
  .bss               zero     0x2000'1ed4       0x4  AnyId_Canopen_Slave.o [1]
  .bss               zero     0x2000'1ed8       0x4  AnyId_Canopen_Slave.o [1]
  .bss               zero     0x2000'1edc       0x4  AnyId_Canopen_Slave.o [1]
  .bss               zero     0x2000'1ee0       0x4  AnyId_Canopen_Slave.o [1]
  .bss               zero     0x2000'1ee4       0x4  AnyId_Canopen_Slave.o [1]
  .bss               zero     0x2000'1ee8       0x4  AnyId_Canopen_Slave.o [1]
  .bss               zero     0x2000'1eec       0x4  AnyId_Canopen_Slave.o [1]
  .bss               zero     0x2000'1ef0       0x4  AnyId_Canopen_Slave.o [1]
  .bss               zero     0x2000'1ef4       0x4  AnyId_Canopen_Slave.o [1]
  .bss               zero     0x2000'1ef8       0x4  AnyId_Canopen_Slave.o [1]
  .bss               zero     0x2000'1efc       0x4  AnyId_Canopen_Slave.o [1]
  .bss               zero     0x2000'1f00       0x4  AnyId_Canopen_Slave.o [1]
  .bss               zero     0x2000'1f04       0x4  AnyId_Canopen_Slave.o [1]
  .bss               zero     0x2000'1f08       0x4  AnyId_Canopen_Slave.o [1]
  .bss               zero     0x2000'1f0c       0x4  AnyId_Canopen_Slave.o [1]
  .bss               zero     0x2000'1f10       0x4  AnyId_Canopen_Slave.o [1]
  .bss               zero     0x2000'1f14       0x4  AnyId_Canopen_Slave.o [1]
  .bss               zero     0x2000'1f18       0x4  AnyId_Canopen_Slave.o [1]
  .bss               zero     0x2000'1f1c       0x4  AnyId_Canopen_Slave.o [1]
  .bss               zero     0x2000'1f20       0x4  AnyID_CanOpen_SysCfg.o [1]
  .bss               zero     0x2000'1f24       0x4  AnyID_CanOpen_SysCfg.o [1]
  .bss               zero     0x2000'1f28       0x4  AnyID_CanOpen_SysCfg.o [1]
  .bss               zero     0x2000'1f2c       0x4  AnyID_CanOpen_SysTick_HL.o [1]
  .bss               zero     0x2000'1f30       0x4  AnyID_CanOpen_SysTick_HL.o [1]
  .bss               zero     0x2000'1f34       0x4  xfail_s.o [2]
  .bss               zero     0x2000'1f38       0x4  xgetmemchunk.o [2]
  .bss               zero     0x2000'1f3c       0x2  AnyId_Canopen_Slave.o [1]
  .bss               zero     0x2000'1f3e       0x2  AnyId_Canopen_Slave.o [1]
  .bss               zero     0x2000'1f40       0x2  AnyId_Canopen_Slave.o [1]
  .bss               zero     0x2000'1f42       0x2  AnyId_Canopen_Slave.o [1]
  .bss               zero     0x2000'1f44       0x2  AnyId_Canopen_Slave.o [1]
  .bss               zero     0x2000'1f46       0x2  AnyId_Canopen_Slave.o [1]
  .bss               zero     0x2000'1f48       0x2  AnyId_Canopen_Slave.o [1]
  .bss               zero     0x2000'1f4a       0x2  AnyId_Canopen_Slave.o [1]
  .bss               zero     0x2000'1f4c       0x2  AnyId_Canopen_Slave.o [1]
  .bss               zero     0x2000'1f4e       0x2  AnyId_Canopen_Slave.o [1]
  .bss               zero     0x2000'1f50       0x2  AnyId_Canopen_Slave.o [1]
  .bss               zero     0x2000'1f52       0x2  AnyId_Canopen_Slave.o [1]
  .bss               zero     0x2000'1f54       0x2  AnyId_Canopen_Slave.o [1]
  .bss               zero     0x2000'1f56       0x2  AnyId_Canopen_Slave.o [1]
  .bss               zero     0x2000'1f58       0x2  AnyId_Canopen_Slave.o [1]
  .bss               zero     0x2000'1f5a       0x2  AnyId_Canopen_Slave.o [1]
  .bss               zero     0x2000'1f5c       0x2  AnyId_Canopen_Slave.o [1]
  .bss               zero     0x2000'1f5e       0x2  AnyId_Canopen_Slave.o [1]
  .bss               zero     0x2000'1f60       0x2  AnyId_Canopen_Slave.o [1]
  .bss               zero     0x2000'1f62       0x1  AnyId_Canopen_Slave.o [1]
  .bss               zero     0x2000'1f63       0x1  AnyId_Canopen_Slave.o [1]
  .bss               zero     0x2000'1f64       0x1  AnyId_Canopen_Slave.o [1]
  .bss               zero     0x2000'1f65       0x1  AnyId_Canopen_Slave.o [1]
  .bss               zero     0x2000'1f66       0x1  AnyId_Canopen_Slave.o [1]
  .bss               zero     0x2000'1f67       0x1  AnyId_Canopen_Slave.o [1]
  .bss               zero     0x2000'1f68       0x1  AnyId_Canopen_Slave.o [1]
  .bss               zero     0x2000'1f69       0x1  AnyId_Canopen_Slave.o [1]
  .bss               zero     0x2000'1f6a       0x1  AnyId_Canopen_Slave.o [1]
  .bss               zero     0x2000'1f6b       0x1  AnyId_Canopen_Slave.o [1]
  .bss               zero     0x2000'1f6c       0x1  AnyId_Canopen_Slave.o [1]
  .bss               zero     0x2000'1f6d       0x1  AnyId_Canopen_Slave.o [1]
  .bss               zero     0x2000'1f6e       0x1  AnyId_Canopen_Slave.o [1]
  .bss               zero     0x2000'1f6f       0x1  AnyId_Canopen_Slave.o [1]
  .bss               zero     0x2000'1f70       0x1  AnyId_Canopen_Slave.o [1]
  .bss               zero     0x2000'1f71       0x1  AnyId_Canopen_Slave.o [1]
  .bss               zero     0x2000'1f72       0x1  AnyId_Canopen_Slave.o [1]
  .bss               zero     0x2000'1f73       0x1  AnyId_Canopen_Slave.o [1]
  .bss               zero     0x2000'1f74       0x1  AnyId_Canopen_Slave.o [1]
  .bss               zero     0x2000'1f75       0x1  AnyId_Canopen_Slave.o [1]
  .bss               zero     0x2000'1f76       0x1  AnyId_Canopen_Slave.o [1]
  .bss               zero     0x2000'1f77       0x1  AnyId_Canopen_Slave.o [1]
  .bss               zero     0x2000'1f78       0x1  AnyId_Canopen_Slave.o [1]
  .bss               zero     0x2000'1f79       0x1  AnyId_Canopen_Slave.o [1]
  .bss               zero     0x2000'1f7a       0x1  AnyId_Canopen_Slave.o [1]
  .bss               zero     0x2000'1f7b       0x1  AnyId_Canopen_Slave.o [1]
  .bss               zero     0x2000'1f7c       0x1  AnyId_Canopen_Slave.o [1]
  .bss               zero     0x2000'1f7d       0x1  AnyId_Canopen_Slave.o [1]
  .bss               zero     0x2000'1f7e       0x1  AnyId_Canopen_Slave.o [1]
                            - 0x2000'1f7f     0xcfb

"P2", part 3 of 3:                           0x2000
  CSTACK                      0x2000'1f80    0x1000  <Block>
    CSTACK           uninit   0x2000'1f80    0x1000  <Block tail>
  HEAP                        0x2000'2f80    0x1000  <Block>
    HEAP             uninit   0x2000'2f80    0x1000  <Block tail>
                            - 0x2000'3f80    0x2000

Unused ranges:

         From           To      Size
         ----           --      ----
   0x800'0681   0x800'4fff    0x497f
   0x800'5032   0x800'5033       0x2
   0x801'57e0   0x80f'ffff  0xe'a820
  0x2000'1282  0x2000'1283       0x2
  0x2000'3f80  0x2001'7fff  0x1'4080


*******************************************************************************
*** INIT TABLE
***

          Address      Size
          -------      ----
Zero (__iar_zero_init3)
    1 destination range, total size 0xcfb:
          0x2000'1284   0xcfb

Copy/lz77 (__iar_lz77_init_single3)
    1 source range, total size 0x4eb (26% of destination):
           0x800'0196   0x4eb
    1 destination range, total size 0x1282:
          0x2000'0000  0x1282



*******************************************************************************
*** MODULE SUMMARY
***

    Module                        ro code  ro data  rw data  ro data
                                                              (abs)
    ------                        -------  -------  -------  -------
command line/config:
    ----------------------------------------------------------------
    Total:

E:\AnyID\Git\CanOpen_CanFestival_Stu\CanOpen\Build\Obj: [1]
    AnyID_CanOpen_Can_HL.o            580       16       48
    AnyID_CanOpen_Device.o            392                44       50
    AnyID_CanOpen_FRam.o              316                 8
    AnyID_CanOpen_FRam_HL.o           552       16
    AnyID_CanOpen_Periph_HL.o         360       72
    AnyID_CanOpen_RS485.o              24             1'296
    AnyID_CanOpen_RS485_HL.o          436       24
    AnyID_CanOpen_RTC.o                          3       12
    AnyID_CanOpen_SysCfg.o            716        9       16
    AnyID_CanOpen_SysTick_HL.o        164                 8
    AnyID_CanOpen_Tim_HL.o            172
    AnyID_CanOpen_Uart_Receive.o      236
    AnyID_FRam.o                      566
    AnyID_Stdlib.o                     72
    AnyId_Canopen_Slave.o             500    1'520    5'775
    emcy.o                            270       72
    lifegrd.o                       1'604      252
    main.o                             20
    misc.o                            184
    nmtMaster.o                       292       76
    nmtSlave.o                        400       64
    objacces.o                      1'778      396
    pdo.o                           4'820      884
    sdo.o                          22'136    5'248
    startup_stm32f10x_hd.o            544
    states.o                        2'074      268
    stm32f10x_can.o                 1'312
    stm32f10x_flash.o                  44
    stm32f10x_gpio.o                  376
    stm32f10x_it.o                    236
    stm32f10x_rcc.o                   816        6       20
    stm32f10x_rtc.o                   148
    stm32f10x_tim.o                   274
    stm32f10x_usart.o                 666
    sync.o                            428       56
    system_stm32f10x.o                272
    timer.o                           552       38      198
    ----------------------------------------------------------------
    Total:                         44'332    9'020    7'425       50

dl7M_tlf.a: [2]
    abort.o                             6
    dlmalloc.o                      7'396               496
    exit.o                              4
    heaptramp0.o                        8
    low_level_init.o                    4
    sprintf.o                          64
    xencoding_8859_1.o                 30
    xfail_s.o                          64                 4
    xgetmemchunk.o                     44                 4
    xlocale_c.o                       124       39      128
    xmbcurmax.o                        10
    xprintffull.o                   4'294
    xsprout.o                          10
    ----------------------------------------------------------------
    Total:                         12'058       39      632

m7M_tl.a: [3]
    DblAdd.o                          362
    DblCmpGe.o                         46
    DblCmpLe.o                         46
    DblDiv.o                          582
    DblMul.o                          418
    DblSub.o                          226
    DblToS32.o                         58
    DblToU32.o                         40
    S32ToDbl.o                         34
    U32ToDbl.o                         26
    frexp.o                           112
    ldexp.o                           314
    ----------------------------------------------------------------
    Total:                          2'264

rt7M_tl.a: [4]
    ABImemcpy.o                       166
    ABImemset.o                       102
    I64DivMod.o                       560
    I64DivZer.o                         2
    cexit.o                            10
    cmain.o                            30
    cstartup_M.o                       12
    data_init.o                        40
    lz77_init_single.o                120
    memchr.o                           88
    memcmp.o                          104
    strchr.o                           22
    strlen.o                           54
    zero_init3.o                       58
    ----------------------------------------------------------------
    Total:                          1'368

shb_l.a: [5]
    exit.o                             20
    ----------------------------------------------------------------
    Total:                             20

    Gaps                               30        2        4
    Linker created                              32    8'192
--------------------------------------------------------------------
    Grand Total:                   60'072    9'093   16'253       50


*******************************************************************************
*** ENTRY LIST
***

Entry                       Address    Size  Type      Object
-----                       -------    ----  ----      ------
.iar.init_table$$Base    0x801'4d44           --   Gb  - Linker created -
.iar.init_table$$Limit   0x801'4d64           --   Gb  - Linker created -
?main                    0x801'4f45          Code  Gb  cmain.o [4]
ADCPrescTable           0x2000'11e0     0x4  Data  Lc  stm32f10x_rcc.o [1]
APBAHBPrescTable        0x2000'11d0    0x10  Data  Lc  stm32f10x_rcc.o [1]
AnyId_Canopen_Slave_Data
                        0x2000'0e24   0x3a8  Data  Gb  AnyId_Canopen_Slave.o [1]
AnyId_Canopen_Slave_Index1000
                        0x2000'000c     0xc  Data  Gb  AnyId_Canopen_Slave.o [1]
AnyId_Canopen_Slave_Index1001
                        0x2000'0018     0xc  Data  Gb  AnyId_Canopen_Slave.o [1]
AnyId_Canopen_Slave_Index1003
                        0x2000'0024    0x18  Data  Gb  AnyId_Canopen_Slave.o [1]
AnyId_Canopen_Slave_Index1003_callbacks
                        0x2000'1ce8     0x8  Data  Gb  AnyId_Canopen_Slave.o [1]
AnyId_Canopen_Slave_Index1005
                        0x2000'003c     0xc  Data  Gb  AnyId_Canopen_Slave.o [1]
AnyId_Canopen_Slave_Index1005_callbacks
                        0x2000'1cfc     0x4  Data  Gb  AnyId_Canopen_Slave.o [1]
AnyId_Canopen_Slave_Index1008
                        0x2000'0048     0xc  Data  Gb  AnyId_Canopen_Slave.o [1]
AnyId_Canopen_Slave_Index1009
                        0x2000'0054     0xc  Data  Gb  AnyId_Canopen_Slave.o [1]
AnyId_Canopen_Slave_Index100A
                        0x2000'0060     0xc  Data  Gb  AnyId_Canopen_Slave.o [1]
AnyId_Canopen_Slave_Index1011
                        0x2000'006c   0x600  Data  Gb  AnyId_Canopen_Slave.o [1]
AnyId_Canopen_Slave_Index1012
                        0x2000'066c     0xc  Data  Gb  AnyId_Canopen_Slave.o [1]
AnyId_Canopen_Slave_Index1014
                        0x2000'067c     0xc  Data  Gb  AnyId_Canopen_Slave.o [1]
AnyId_Canopen_Slave_Index1017
                        0x2000'0688     0xc  Data  Gb  AnyId_Canopen_Slave.o [1]
AnyId_Canopen_Slave_Index1017_callbacks
                        0x2000'1f08     0x4  Data  Gb  AnyId_Canopen_Slave.o [1]
AnyId_Canopen_Slave_Index1018
                        0x2000'0694    0x3c  Data  Gb  AnyId_Canopen_Slave.o [1]
AnyId_Canopen_Slave_Index1200
                        0x2000'06d8    0x24  Data  Gb  AnyId_Canopen_Slave.o [1]
AnyId_Canopen_Slave_Index1400
                        0x2000'0700    0x54  Data  Gb  AnyId_Canopen_Slave.o [1]
AnyId_Canopen_Slave_Index1401
                        0x2000'0758    0x54  Data  Gb  AnyId_Canopen_Slave.o [1]
AnyId_Canopen_Slave_Index1402
                        0x2000'07b0    0x54  Data  Gb  AnyId_Canopen_Slave.o [1]
AnyId_Canopen_Slave_Index1403
                        0x2000'0808    0x54  Data  Gb  AnyId_Canopen_Slave.o [1]
AnyId_Canopen_Slave_Index1600
                        0x2000'085c    0x6c  Data  Gb  AnyId_Canopen_Slave.o [1]
AnyId_Canopen_Slave_Index1601
                        0x2000'08c8    0x6c  Data  Gb  AnyId_Canopen_Slave.o [1]
AnyId_Canopen_Slave_Index1602
                        0x2000'0934    0x6c  Data  Gb  AnyId_Canopen_Slave.o [1]
AnyId_Canopen_Slave_Index1603
                        0x2000'09a0    0x6c  Data  Gb  AnyId_Canopen_Slave.o [1]
AnyId_Canopen_Slave_Index1800
                        0x2000'0a10    0x54  Data  Gb  AnyId_Canopen_Slave.o [1]
AnyId_Canopen_Slave_Index1800_callbacks
                        0x2000'1c28    0x1c  Data  Gb  AnyId_Canopen_Slave.o [1]
AnyId_Canopen_Slave_Index1801
                        0x2000'0a68    0x54  Data  Gb  AnyId_Canopen_Slave.o [1]
AnyId_Canopen_Slave_Index1801_callbacks
                        0x2000'1c44    0x1c  Data  Gb  AnyId_Canopen_Slave.o [1]
AnyId_Canopen_Slave_Index1802
                        0x2000'0ac0    0x54  Data  Gb  AnyId_Canopen_Slave.o [1]
AnyId_Canopen_Slave_Index1802_callbacks
                        0x2000'1c60    0x1c  Data  Gb  AnyId_Canopen_Slave.o [1]
AnyId_Canopen_Slave_Index1803
                        0x2000'0b18    0x54  Data  Gb  AnyId_Canopen_Slave.o [1]
AnyId_Canopen_Slave_Index1803_callbacks
                        0x2000'1c7c    0x1c  Data  Gb  AnyId_Canopen_Slave.o [1]
AnyId_Canopen_Slave_Index1A00
                        0x2000'0b8c    0x6c  Data  Gb  AnyId_Canopen_Slave.o [1]
AnyId_Canopen_Slave_Index1A01
                        0x2000'0c18    0x6c  Data  Gb  AnyId_Canopen_Slave.o [1]
AnyId_Canopen_Slave_Index1A02
                        0x2000'0ca4    0x6c  Data  Gb  AnyId_Canopen_Slave.o [1]
AnyId_Canopen_Slave_Index1A03
                        0x2000'0d10    0x6c  Data  Gb  AnyId_Canopen_Slave.o [1]
AnyId_Canopen_Slave_Index2000
                        0x2000'0d7c     0xc  Data  Gb  AnyId_Canopen_Slave.o [1]
AnyId_Canopen_Slave_Index2001
                        0x2000'0d88     0xc  Data  Gb  AnyId_Canopen_Slave.o [1]
AnyId_Canopen_Slave_Index2002
                        0x2000'0d94     0xc  Data  Gb  AnyId_Canopen_Slave.o [1]
AnyId_Canopen_Slave_Index2003
                        0x2000'0da0     0xc  Data  Gb  AnyId_Canopen_Slave.o [1]
AnyId_Canopen_Slave_Index2004
                        0x2000'0dac     0xc  Data  Gb  AnyId_Canopen_Slave.o [1]
AnyId_Canopen_Slave_Index2005
                        0x2000'0db8    0x24  Data  Gb  AnyId_Canopen_Slave.o [1]
AnyId_Canopen_Slave_ObjdictSize
                         0x800'e2ba     0x2  Data  Gb  AnyId_Canopen_Slave.o [1]
AnyId_Canopen_Slave_PDO_status
                        0x2000'0ddc    0x48  Data  Gb  AnyId_Canopen_Slave.o [1]
AnyId_Canopen_Slave_bDeviceNodeId
                        0x2000'1f64     0x1  Data  Gb  AnyId_Canopen_Slave.o [1]
AnyId_Canopen_Slave_firstIndex
                         0x801'55d0     0xc  Data  Gb  AnyId_Canopen_Slave.o [1]
AnyId_Canopen_Slave_heartBeatTimers
                        0x2000'1f3c     0x2  Data  Gb  AnyId_Canopen_Slave.o [1]
AnyId_Canopen_Slave_highestSubIndex_obj1003
                        0x2000'1f66     0x1  Data  Gb  AnyId_Canopen_Slave.o [1]
AnyId_Canopen_Slave_highestSubIndex_obj1011
                        0x2000'126c     0x1  Data  Gb  AnyId_Canopen_Slave.o [1]
AnyId_Canopen_Slave_highestSubIndex_obj1016
                        0x2000'1f68     0x1  Data  Gb  AnyId_Canopen_Slave.o [1]
AnyId_Canopen_Slave_highestSubIndex_obj1018
                        0x2000'126d     0x1  Data  Gb  AnyId_Canopen_Slave.o [1]
AnyId_Canopen_Slave_highestSubIndex_obj1200
                        0x2000'126e     0x1  Data  Gb  AnyId_Canopen_Slave.o [1]
AnyId_Canopen_Slave_highestSubIndex_obj1400
                        0x2000'126f     0x1  Data  Gb  AnyId_Canopen_Slave.o [1]
AnyId_Canopen_Slave_highestSubIndex_obj1401
                        0x2000'1270     0x1  Data  Gb  AnyId_Canopen_Slave.o [1]
AnyId_Canopen_Slave_highestSubIndex_obj1402
                        0x2000'1271     0x1  Data  Gb  AnyId_Canopen_Slave.o [1]
AnyId_Canopen_Slave_highestSubIndex_obj1403
                        0x2000'1272     0x1  Data  Gb  AnyId_Canopen_Slave.o [1]
AnyId_Canopen_Slave_highestSubIndex_obj1600
                        0x2000'1273     0x1  Data  Gb  AnyId_Canopen_Slave.o [1]
AnyId_Canopen_Slave_highestSubIndex_obj1601
                        0x2000'1274     0x1  Data  Gb  AnyId_Canopen_Slave.o [1]
AnyId_Canopen_Slave_highestSubIndex_obj1602
                        0x2000'1275     0x1  Data  Gb  AnyId_Canopen_Slave.o [1]
AnyId_Canopen_Slave_highestSubIndex_obj1603
                        0x2000'1276     0x1  Data  Gb  AnyId_Canopen_Slave.o [1]
AnyId_Canopen_Slave_highestSubIndex_obj1800
                        0x2000'1277     0x1  Data  Gb  AnyId_Canopen_Slave.o [1]
AnyId_Canopen_Slave_highestSubIndex_obj1801
                        0x2000'1279     0x1  Data  Gb  AnyId_Canopen_Slave.o [1]
AnyId_Canopen_Slave_highestSubIndex_obj1802
                        0x2000'127b     0x1  Data  Gb  AnyId_Canopen_Slave.o [1]
AnyId_Canopen_Slave_highestSubIndex_obj1803
                        0x2000'127c     0x1  Data  Gb  AnyId_Canopen_Slave.o [1]
AnyId_Canopen_Slave_highestSubIndex_obj1A00
                        0x2000'127d     0x1  Data  Gb  AnyId_Canopen_Slave.o [1]
AnyId_Canopen_Slave_highestSubIndex_obj1A01
                        0x2000'127e     0x1  Data  Gb  AnyId_Canopen_Slave.o [1]
AnyId_Canopen_Slave_highestSubIndex_obj1A02
                        0x2000'127f     0x1  Data  Gb  AnyId_Canopen_Slave.o [1]
AnyId_Canopen_Slave_highestSubIndex_obj1A03
                        0x2000'1280     0x1  Data  Gb  AnyId_Canopen_Slave.o [1]
AnyId_Canopen_Slave_highestSubIndex_obj2005
                        0x2000'1281     0x1  Data  Gb  AnyId_Canopen_Slave.o [1]
AnyId_Canopen_Slave_iam_a_slave
                         0x800'f66a     0x1  Data  Gb  AnyId_Canopen_Slave.o [1]
AnyId_Canopen_Slave_lastIndex
                         0x801'55dc     0xc  Data  Gb  AnyId_Canopen_Slave.o [1]
AnyId_Canopen_Slave_obj1000
                        0x2000'1cf0     0x4  Data  Gb  AnyId_Canopen_Slave.o [1]
AnyId_Canopen_Slave_obj1001
                        0x2000'1f65     0x1  Data  Gb  AnyId_Canopen_Slave.o [1]
AnyId_Canopen_Slave_obj1003
                        0x2000'1cf4     0x4  Data  Gb  AnyId_Canopen_Slave.o [1]
AnyId_Canopen_Slave_obj1005
                        0x2000'1cf8     0x4  Data  Gb  AnyId_Canopen_Slave.o [1]
AnyId_Canopen_Slave_obj1006
                        0x2000'1d00     0x4  Data  Gb  AnyId_Canopen_Slave.o [1]
AnyId_Canopen_Slave_obj1008
                        0x2000'1cb0     0xc  Data  Gb  AnyId_Canopen_Slave.o [1]
AnyId_Canopen_Slave_obj1009
                        0x2000'1cbc     0xc  Data  Gb  AnyId_Canopen_Slave.o [1]
AnyId_Canopen_Slave_obj100A
                        0x2000'1cc8     0xc  Data  Gb  AnyId_Canopen_Slave.o [1]
AnyId_Canopen_Slave_obj100C
                        0x2000'1f3e     0x2  Data  Gb  AnyId_Canopen_Slave.o [1]
AnyId_Canopen_Slave_obj100D
                        0x2000'1f67     0x1  Data  Gb  AnyId_Canopen_Slave.o [1]
AnyId_Canopen_Slave_obj1011_Restore_All_Default_Parameters
                        0x2000'1d04     0x4  Data  Gb  AnyId_Canopen_Slave.o [1]
AnyId_Canopen_Slave_obj1011_Restore_Application_Default_Parameters
                        0x2000'1d0c     0x4  Data  Gb  AnyId_Canopen_Slave.o [1]
AnyId_Canopen_Slave_obj1011_Restore_Communication_Default_Parameters
                        0x2000'1d08     0x4  Data  Gb  AnyId_Canopen_Slave.o [1]
AnyId_Canopen_Slave_obj1011_Restore_Manufacturer_Defined_Default_Parameters_1
                        0x2000'1d10     0x4  Data  Gb  AnyId_Canopen_Slave.o [1]
AnyId_Canopen_Slave_obj1011_Restore_Manufacturer_Defined_Default_Parameters_10
                        0x2000'1d34     0x4  Data  Gb  AnyId_Canopen_Slave.o [1]
AnyId_Canopen_Slave_obj1011_Restore_Manufacturer_Defined_Default_Parameters_100
                        0x2000'1e9c     0x4  Data  Gb  AnyId_Canopen_Slave.o [1]
AnyId_Canopen_Slave_obj1011_Restore_Manufacturer_Defined_Default_Parameters_101
                        0x2000'1ea0     0x4  Data  Gb  AnyId_Canopen_Slave.o [1]
AnyId_Canopen_Slave_obj1011_Restore_Manufacturer_Defined_Default_Parameters_102
                        0x2000'1ea4     0x4  Data  Gb  AnyId_Canopen_Slave.o [1]
AnyId_Canopen_Slave_obj1011_Restore_Manufacturer_Defined_Default_Parameters_103
                        0x2000'1ea8     0x4  Data  Gb  AnyId_Canopen_Slave.o [1]
AnyId_Canopen_Slave_obj1011_Restore_Manufacturer_Defined_Default_Parameters_104
                        0x2000'1eac     0x4  Data  Gb  AnyId_Canopen_Slave.o [1]
AnyId_Canopen_Slave_obj1011_Restore_Manufacturer_Defined_Default_Parameters_105
                        0x2000'1eb0     0x4  Data  Gb  AnyId_Canopen_Slave.o [1]
AnyId_Canopen_Slave_obj1011_Restore_Manufacturer_Defined_Default_Parameters_106
                        0x2000'1eb4     0x4  Data  Gb  AnyId_Canopen_Slave.o [1]
AnyId_Canopen_Slave_obj1011_Restore_Manufacturer_Defined_Default_Parameters_107
                        0x2000'1eb8     0x4  Data  Gb  AnyId_Canopen_Slave.o [1]
AnyId_Canopen_Slave_obj1011_Restore_Manufacturer_Defined_Default_Parameters_108
                        0x2000'1ebc     0x4  Data  Gb  AnyId_Canopen_Slave.o [1]
AnyId_Canopen_Slave_obj1011_Restore_Manufacturer_Defined_Default_Parameters_109
                        0x2000'1ec0     0x4  Data  Gb  AnyId_Canopen_Slave.o [1]
AnyId_Canopen_Slave_obj1011_Restore_Manufacturer_Defined_Default_Parameters_11
                        0x2000'1d38     0x4  Data  Gb  AnyId_Canopen_Slave.o [1]
AnyId_Canopen_Slave_obj1011_Restore_Manufacturer_Defined_Default_Parameters_110
                        0x2000'1ec4     0x4  Data  Gb  AnyId_Canopen_Slave.o [1]
AnyId_Canopen_Slave_obj1011_Restore_Manufacturer_Defined_Default_Parameters_111
                        0x2000'1ec8     0x4  Data  Gb  AnyId_Canopen_Slave.o [1]
AnyId_Canopen_Slave_obj1011_Restore_Manufacturer_Defined_Default_Parameters_112
                        0x2000'1ecc     0x4  Data  Gb  AnyId_Canopen_Slave.o [1]
AnyId_Canopen_Slave_obj1011_Restore_Manufacturer_Defined_Default_Parameters_113
                        0x2000'1ed0     0x4  Data  Gb  AnyId_Canopen_Slave.o [1]
AnyId_Canopen_Slave_obj1011_Restore_Manufacturer_Defined_Default_Parameters_114
                        0x2000'1ed4     0x4  Data  Gb  AnyId_Canopen_Slave.o [1]
AnyId_Canopen_Slave_obj1011_Restore_Manufacturer_Defined_Default_Parameters_115
                        0x2000'1ed8     0x4  Data  Gb  AnyId_Canopen_Slave.o [1]
AnyId_Canopen_Slave_obj1011_Restore_Manufacturer_Defined_Default_Parameters_116
                        0x2000'1edc     0x4  Data  Gb  AnyId_Canopen_Slave.o [1]
AnyId_Canopen_Slave_obj1011_Restore_Manufacturer_Defined_Default_Parameters_117
                        0x2000'1ee0     0x4  Data  Gb  AnyId_Canopen_Slave.o [1]
AnyId_Canopen_Slave_obj1011_Restore_Manufacturer_Defined_Default_Parameters_118
                        0x2000'1ee4     0x4  Data  Gb  AnyId_Canopen_Slave.o [1]
AnyId_Canopen_Slave_obj1011_Restore_Manufacturer_Defined_Default_Parameters_119
                        0x2000'1ee8     0x4  Data  Gb  AnyId_Canopen_Slave.o [1]
AnyId_Canopen_Slave_obj1011_Restore_Manufacturer_Defined_Default_Parameters_12
                        0x2000'1d3c     0x4  Data  Gb  AnyId_Canopen_Slave.o [1]
AnyId_Canopen_Slave_obj1011_Restore_Manufacturer_Defined_Default_Parameters_120
                        0x2000'1eec     0x4  Data  Gb  AnyId_Canopen_Slave.o [1]
AnyId_Canopen_Slave_obj1011_Restore_Manufacturer_Defined_Default_Parameters_121
                        0x2000'1ef0     0x4  Data  Gb  AnyId_Canopen_Slave.o [1]
AnyId_Canopen_Slave_obj1011_Restore_Manufacturer_Defined_Default_Parameters_122
                        0x2000'1ef4     0x4  Data  Gb  AnyId_Canopen_Slave.o [1]
AnyId_Canopen_Slave_obj1011_Restore_Manufacturer_Defined_Default_Parameters_123
                        0x2000'1ef8     0x4  Data  Gb  AnyId_Canopen_Slave.o [1]
AnyId_Canopen_Slave_obj1011_Restore_Manufacturer_Defined_Default_Parameters_124
                        0x2000'1efc     0x4  Data  Gb  AnyId_Canopen_Slave.o [1]
AnyId_Canopen_Slave_obj1011_Restore_Manufacturer_Defined_Default_Parameters_13
                        0x2000'1d40     0x4  Data  Gb  AnyId_Canopen_Slave.o [1]
AnyId_Canopen_Slave_obj1011_Restore_Manufacturer_Defined_Default_Parameters_14
                        0x2000'1d44     0x4  Data  Gb  AnyId_Canopen_Slave.o [1]
AnyId_Canopen_Slave_obj1011_Restore_Manufacturer_Defined_Default_Parameters_15
                        0x2000'1d48     0x4  Data  Gb  AnyId_Canopen_Slave.o [1]
AnyId_Canopen_Slave_obj1011_Restore_Manufacturer_Defined_Default_Parameters_16
                        0x2000'1d4c     0x4  Data  Gb  AnyId_Canopen_Slave.o [1]
AnyId_Canopen_Slave_obj1011_Restore_Manufacturer_Defined_Default_Parameters_17
                        0x2000'1d50     0x4  Data  Gb  AnyId_Canopen_Slave.o [1]
AnyId_Canopen_Slave_obj1011_Restore_Manufacturer_Defined_Default_Parameters_18
                        0x2000'1d54     0x4  Data  Gb  AnyId_Canopen_Slave.o [1]
AnyId_Canopen_Slave_obj1011_Restore_Manufacturer_Defined_Default_Parameters_19
                        0x2000'1d58     0x4  Data  Gb  AnyId_Canopen_Slave.o [1]
AnyId_Canopen_Slave_obj1011_Restore_Manufacturer_Defined_Default_Parameters_2
                        0x2000'1d14     0x4  Data  Gb  AnyId_Canopen_Slave.o [1]
AnyId_Canopen_Slave_obj1011_Restore_Manufacturer_Defined_Default_Parameters_20
                        0x2000'1d5c     0x4  Data  Gb  AnyId_Canopen_Slave.o [1]
AnyId_Canopen_Slave_obj1011_Restore_Manufacturer_Defined_Default_Parameters_21
                        0x2000'1d60     0x4  Data  Gb  AnyId_Canopen_Slave.o [1]
AnyId_Canopen_Slave_obj1011_Restore_Manufacturer_Defined_Default_Parameters_22
                        0x2000'1d64     0x4  Data  Gb  AnyId_Canopen_Slave.o [1]
AnyId_Canopen_Slave_obj1011_Restore_Manufacturer_Defined_Default_Parameters_23
                        0x2000'1d68     0x4  Data  Gb  AnyId_Canopen_Slave.o [1]
AnyId_Canopen_Slave_obj1011_Restore_Manufacturer_Defined_Default_Parameters_24
                        0x2000'1d6c     0x4  Data  Gb  AnyId_Canopen_Slave.o [1]
AnyId_Canopen_Slave_obj1011_Restore_Manufacturer_Defined_Default_Parameters_25
                        0x2000'1d70     0x4  Data  Gb  AnyId_Canopen_Slave.o [1]
AnyId_Canopen_Slave_obj1011_Restore_Manufacturer_Defined_Default_Parameters_26
                        0x2000'1d74     0x4  Data  Gb  AnyId_Canopen_Slave.o [1]
AnyId_Canopen_Slave_obj1011_Restore_Manufacturer_Defined_Default_Parameters_27
                        0x2000'1d78     0x4  Data  Gb  AnyId_Canopen_Slave.o [1]
[...]
Periph_GetKeyValue       0x801'2d03    0x5e  Code  Gb  AnyID_CanOpen_Periph_HL.o [1]
Periph_InitInterface     0x801'2c1d    0x86  Code  Gb  AnyID_CanOpen_Periph_HL.o [1]
ProducerHeartbeatAlarm   0x801'1ce9    0x86  Code  Gb  lifegrd.o [1]
RCC_ADCCLKConfig         0x801'01e9    0x10  Code  Gb  stm32f10x_rcc.o [1]
RCC_AHBPeriphClockCmd    0x801'02d1    0x1c  Code  Gb  stm32f10x_rcc.o [1]
RCC_APB1PeriphClockCmd   0x801'0309    0x1c  Code  Gb  stm32f10x_rcc.o [1]
RCC_APB1PeriphResetCmd   0x801'0341    0x1c  Code  Gb  stm32f10x_rcc.o [1]
RCC_APB2PeriphClockCmd   0x801'02ed    0x1c  Code  Gb  stm32f10x_rcc.o [1]
RCC_APB2PeriphResetCmd   0x801'0325    0x1c  Code  Gb  stm32f10x_rcc.o [1]
RCC_DeInit               0x801'00bd    0x40  Code  Gb  stm32f10x_rcc.o [1]
RCC_GetClocksFreq        0x801'01f9    0xd8  Code  Gb  stm32f10x_rcc.o [1]
RCC_GetFlagStatus        0x801'035d    0x46  Code  Gb  stm32f10x_rcc.o [1]
RCC_GetSYSCLKSource      0x801'01a7     0xa  Code  Gb  stm32f10x_rcc.o [1]
RCC_HCLKConfig           0x801'01b1    0x10  Code  Gb  stm32f10x_rcc.o [1]
RCC_HSEConfig            0x801'00fd    0x3a  Code  Gb  stm32f10x_rcc.o [1]
RCC_PCLK1Config          0x801'01c1    0x10  Code  Gb  stm32f10x_rcc.o [1]
RCC_PCLK2Config          0x801'01d1    0x12  Code  Gb  stm32f10x_rcc.o [1]
RCC_PLLCmd               0x801'018d     0xa  Code  Gb  stm32f10x_rcc.o [1]
RCC_PLLConfig            0x801'0175    0x18  Code  Gb  stm32f10x_rcc.o [1]
RCC_SYSCLKConfig         0x801'0197    0x10  Code  Gb  stm32f10x_rcc.o [1]
RCC_USBCLKConfig         0x801'01e3     0x6  Code  Gb  stm32f10x_rcc.o [1]
RCC_WaitForHSEStartUp    0x801'0137    0x3e  Code  Gb  stm32f10x_rcc.o [1]
RS485_Init               0x801'2d85    0x18  Code  Gb  AnyID_CanOpen_RS485.o [1]
RTC_ClearFlag            0x801'3843     0xa  Code  Gb  stm32f10x_rtc.o [1]
RTC_EnterConfigMode      0x801'37f1     0xc  Code  Gb  stm32f10x_rtc.o [1]
RTC_ExitConfigMode       0x801'37fd     0xe  Code  Gb  stm32f10x_rtc.o [1]
RTC_GetITStatus          0x801'384d    0x26  Code  Gb  stm32f10x_rtc.o [1]
RTC_IRQHandler           0x801'3757    0x2a  Code  Gb  stm32f10x_it.o [1]
RTC_SetCounter           0x801'380b    0x1a  Code  Gb  stm32f10x_rtc.o [1]
RTC_WaitForLastTask      0x801'3825     0xa  Code  Gb  stm32f10x_rtc.o [1]
RTC_WaitForSynchro       0x801'382f    0x14  Code  Gb  stm32f10x_rtc.o [1]
Region$$Table$$Base      0x801'4d44           --   Gb  - Linker created -
Region$$Table$$Limit     0x801'4d64           --   Gb  - Linker created -
RegisterSetODentryCallBack
                         0x800'af8f    0x3e  Code  Gb  objacces.o [1]
SDOTimeoutAlarm          0x800'5035   0x1cc  Code  Gb  sdo.o [1]
SDOlineToObjdict         0x800'521f   0x136  Code  Gb  sdo.o [1]
SDOtoLine                0x800'560b   0x202  Code  Gb  sdo.o [1]
STick_InitSysTick        0x801'2df9    0x26  Code  Gb  AnyID_CanOpen_SysTick_HL.o [1]
SVC_Handler              0x801'370f     0x2  Code  Gb  stm32f10x_it.o [1]
SYS_RUN_LED              0x801'56c8     0x8  Data  Gb  AnyID_CanOpen_SysCfg.o [1]
SetAlarm                 0x800'cd89    0xb6  Code  Gb  timer.o [1]
SetSysClock              0x801'3545     0x8  Code  Lc  system_stm32f10x.o [1]
SetSysClockTo72          0x801'354d    0xb0  Code  Lc  system_stm32f10x.o [1]
SyncAlarm                0x801'0515     0xe  Code  Gb  sync.o [1]
SysTick_CLKSourceConfig
                         0x800'e74d    0x1c  Code  Gb  misc.o [1]
SysTick_Config           0x801'2dc9    0x30  Code  Lc  AnyID_CanOpen_SysTick_HL.o [1]
SysTick_Handler          0x801'3715    0x42  Code  Gb  stm32f10x_it.o [1]
Sys_CfgClock             0x801'2575    0x76  Code  Gb  AnyID_CanOpen_SysCfg.o [1]
Sys_CfgNVIC              0x801'2611    0x16  Code  Gb  AnyID_CanOpen_SysCfg.o [1]
Sys_CfgPeriphClk         0x801'25eb    0x26  Code  Gb  AnyID_CanOpen_SysCfg.o [1]
Sys_CtrlIOInit           0x801'2627    0x34  Code  Gb  AnyID_CanOpen_SysCfg.o [1]
Sys_DefaultInfoInit      0x801'278f    0x62  Code  Gb  AnyID_CanOpen_SysCfg.o [1]
Sys_Init                 0x801'265b    0x4c  Code  Gb  AnyID_CanOpen_SysCfg.o [1]
Sys_LedTask              0x801'26a7    0xb2  Code  Gb  AnyID_CanOpen_SysCfg.o [1]
Sys_LedTask::g_nTempTick
                        0x2000'1f24     0x4  Data  Lc  AnyID_CanOpen_SysCfg.o [1]
Sys_LedTask::j          0x2000'1f28     0x4  Data  Lc  AnyID_CanOpen_SysCfg.o [1]
Sys_PdoTask              0x801'2759    0x14  Code  Gb  AnyID_CanOpen_SysCfg.o [1]
Sys_StateInit            0x801'276f    0x20  Code  Gb  AnyID_CanOpen_SysCfg.o [1]
Sys_UartTask             0x801'276d     0x2  Code  Gb  AnyID_CanOpen_SysCfg.o [1]
SystemInit               0x801'3509    0x3c  Code  Gb  system_stm32f10x.o [1]
TIM1_UP_IRQHandler       0x800'e871    0x1e  Code  Gb  AnyID_CanOpen_Tim_HL.o [1]
TIM_ClearITPendingBit    0x801'0509     0xa  Code  Gb  stm32f10x_tim.o [1]
TIM_Cmd                  0x801'04a5    0x1e  Code  Gb  stm32f10x_tim.o [1]
TIM_GetITStatus          0x801'04db    0x2e  Code  Gb  stm32f10x_tim.o [1]
TIM_ITConfig             0x801'04c3    0x18  Code  Gb  stm32f10x_tim.o [1]
TIM_TimeBaseInit         0x801'0401    0x7c  Code  Gb  stm32f10x_tim.o [1]
TPDO_Communication_Parameter_Callback
                         0x801'18c1    0x9e  Code  Gb  pdo.o [1]
Tim_InitInterface        0x800'e7f1    0x72  Code  Gb  AnyID_CanOpen_Tim_HL.o [1]
TimeDispatch             0x800'cead    0xea  Code  Gb  timer.o [1]
UART_485_CTRL            0x801'56c0     0x8  Data  Gb  AnyID_CanOpen_RS485_HL.o [1]
UART_PORT_RX             0x801'56b8     0x8  Data  Gb  AnyID_CanOpen_RS485_HL.o [1]
UART_PORT_TX             0x801'56b0     0x8  Data  Gb  AnyID_CanOpen_RS485_HL.o [1]
USART3_IRQHandler        0x801'3781    0x4e  Code  Gb  stm32f10x_it.o [1]
USART_ClearITPendingBit
                         0x800'e531    0x26  Code  Gb  stm32f10x_usart.o [1]
USART_Cmd                0x800'e439    0x1e  Code  Gb  stm32f10x_usart.o [1]
USART_DeInit             0x800'e2bd    0x90  Code  Gb  stm32f10x_usart.o [1]
USART_GetITStatus        0x800'e4c7    0x6a  Code  Gb  stm32f10x_usart.o [1]
USART_ITConfig           0x800'e457    0x70  Code  Gb  stm32f10x_usart.o [1]
USART_Init               0x800'e34d    0xd6  Code  Gb  stm32f10x_usart.o [1]
USB_LP_CAN1_RX0_IRQHandler
                         0x801'37e9     0x8  Code  Gb  stm32f10x_it.o [1]
Uart_ConfigInt           0x800'a7d1    0x22  Code  Gb  AnyID_CanOpen_RS485_HL.o [1]
Uart_Delayms             0x800'a823    0x12  Code  Gb  AnyID_CanOpen_RS485_HL.o [1]
Uart_EnableInt           0x800'a7f3    0x30  Code  Gb  AnyID_CanOpen_RS485_HL.o [1]
Uart_InitInterface       0x800'a729    0xa8  Code  Gb  AnyID_CanOpen_RS485_HL.o [1]
Uart_ReceiveFrame        0x801'3619    0xec  Code  Gb  AnyID_CanOpen_Uart_Receive.o [1]
Uart_WriteBuffer         0x800'a847    0x3c  Code  Gb  AnyID_CanOpen_RS485_HL.o [1]
Uart_WriteByte           0x800'a835    0x12  Code  Gb  AnyID_CanOpen_RS485_HL.o [1]
Uart_WriteErrStr         0x800'a899    0x22  Code  Gb  AnyID_CanOpen_RS485_HL.o [1]
Uart_WriteWarStr         0x800'a8bb    0x22  Code  Gb  AnyID_CanOpen_RS485_HL.o [1]
UsageFault_Handler       0x801'370d     0x2  Code  Gb  stm32f10x_it.o [1]
_Encoding_8859_1_Mbrlen
                         0x800'afe1     0x2  Code  Gb  xencoding_8859_1.o [2]
_Encoding_8859_1_Wctomb
                         0x800'afcf    0x12  Code  Gb  xencoding_8859_1.o [2]
_LitobFull               0x800'e107   0x10a  Code  Lc  xprintffull.o [2]
_Locale_lconv           0x2000'11e8    0x38  Data  Lc  xlocale_c.o [2]
_PrintfFull              0x800'd1f5   0xcc4  Code  Gb  xprintffull.o [2]
_PutcharsFull            0x800'e279    0x2e  Code  Lc  xprintffull.o [2]
_PutstrFull              0x800'e047    0xc0  Code  Lc  xprintffull.o [2]
_PuttxtFull              0x800'df3b   0x10c  Code  Lc  xprintffull.o [2]
_RxPDO_EventTimers_Handler
                         0x801'14d7     0x2  Code  Gb  pdo.o [1]
_SProut                  0x800'cd7f     0xa  Code  Gb  xsprout.o [2]
__NVIC_SetPriority       0x801'2d9d    0x2c  Code  Lc  AnyID_CanOpen_SysTick_HL.o [1]
__aeabi_cdcmple          0x800'f775          Code  Gb  DblCmpLe.o [3]
__aeabi_cdrcmple         0x800'f7a5          Code  Gb  DblCmpGe.o [3]
__aeabi_d2iz             0x800'f911          Code  Gb  DblToS32.o [3]
__aeabi_d2uiz            0x800'fc9d          Code  Gb  DblToU32.o [3]
__aeabi_ddiv             0x800'fa55          Code  Gb  DblDiv.o [3]
__aeabi_dmul             0x800'fce1          Code  Gb  DblMul.o [3]
__aeabi_dsub             0x800'f971          Code  Gb  DblSub.o [3]
__aeabi_i2d              0x800'f94d          Code  Gb  S32ToDbl.o [3]
__aeabi_ldiv0            0x801'2509          Code  Gb  I64DivZer.o [4]
__aeabi_memcpy           0x800'ccd1          Code  Gb  ABImemcpy.o [4]
__aeabi_memcpy4          0x800'ccf1          Code  Gb  ABImemcpy.o [4]
__aeabi_memcpy8          0x800'ccf1          Code  Gb  ABImemcpy.o [4]
__aeabi_memset           0x800'0131          Code  Gb  ABImemset.o [4]
__aeabi_ui2d             0x800'fcc5          Code  Gb  U32ToDbl.o [3]
__aeabi_uldivmod         0x800'fe8d          Code  Gb  I64DivMod.o [4]
__cmain                  0x801'4f45          Code  Gb  cmain.o [4]
__data_GetMemChunk       0x800'e7c5    0x2c  Code  Gb  xgetmemchunk.o [2]
__data_GetMemChunk::start
                        0x2000'1f38     0x4  Data  Lc  xgetmemchunk.o [2]
__exit                   0x801'03ed    0x14  Code  Gb  exit.o [5]
__iar_Fail_s             0x800'f66d    0x1c  Code  Gb  xfail_s.o [2]
__iar_Mbcurmax           0x800'fe83     0xa  Code  Gb  xmbcurmax.o [2]
__iar_Memchr             0x800'f6ad          Code  Gb  memchr.o [4]
__iar_Memset             0x800'0131          Code  Gb  ABImemset.o [4]
__iar_Memset_word        0x800'0139          Code  Gb  ABImemset.o [4]
__iar_Strchr             0x800'f655          Code  Gb  strchr.o [4]
__iar_dadd               0x800'f981          Code  Gb  DblSub.o [3]
__iar_data_init3         0x801'4b91    0x28  Code  Gb  data_init.o [4]
__iar_dlfree             0x800'c40b   0x51e  Code  Gb  dlmalloc.o [2]
__iar_dlmalloc           0x800'b51d   0xeee  Code  Gb  dlmalloc.o [2]
__iar_dlrealloc          0x800'cc45    0x7e  Code  Gb  dlmalloc.o [2]
__iar_dsub               0x801'239d          Code  Gb  DblAdd.o [3]
__iar_dsubStart          0x801'23af          Code  Gb  DblAdd.o [3]
__iar_frexp              0x800'f711          Code  Gb  frexp.o [3]
__iar_frexp64            0x800'f705          Code  Gb  frexp.o [3]
__iar_frexpl             0x800'f711          Code  Gb  frexp.o [3]
__iar_globLocale        0x2000'1220    0x48  Data  Lc  xlocale_c.o [2]
__iar_global_Locale      0x800'f5d9     0x4  Code  Gb  xlocale_c.o [2]
__iar_ldexp64            0x800'f7d5          Code  Gb  ldexp.o [3]
__iar_lz77_init_single3
                         0x801'3885    0x78  Code  Gb  lz77_init_single.o [4]
__iar_program_start      0x801'563d          Code  Gb  cstartup_M.o [4]
__iar_scalbln64          0x800'f7d5          Code  Gb  ldexp.o [3]
__iar_scalbn64           0x800'f7d5          Code  Gb  ldexp.o [3]
__iar_zero_init3         0x800'a6ad    0x3a  Code  Gb  zero_init3.o [4]
__low_level_init         0x801'4f63     0x4  Code  Gb  low_level_init.o [2]
__vector_table           0x800'0000          Data  Gb  startup_stm32f10x_hd.o [1]
_call_main               0x801'4f51          Code  Gb  cmain.o [4]
_exit                    0x801'4f81          Code  Gb  cexit.o [4]
_gLocale_mblen           0x800'f641     0x4  Code  Gb  xlocale_c.o [2]
_gLocale_mblenInt        0x800'f605    0x2c  Code  Gb  xlocale_c.o [2]
_gLocale_wctomb          0x800'f645     0x4  Code  Gb  xlocale_c.o [2]
_gLocale_wctombInt       0x800'f63d     0x4  Code  Gb  xlocale_c.o [2]
_getODentry              0x800'ab61   0x1ac  Code  Gb  objacces.o [1]
_gm_                    0x2000'1694   0x1d8  Data  Lc  dlmalloc.o [2]
_heartbeatError          0x801'20e1     0x2  Code  Gb  lifegrd.o [1]
_initialisation          0x800'f5b9     0x2  Code  Gb  states.o [1]
_main                    0x801'4f5f          Code  Gb  cmain.o [4]
_nodeguardError          0x801'20e7     0x2  Code  Gb  lifegrd.o [1]
_operational             0x800'f5d3     0x2  Code  Gb  states.o [1]
_post_SlaveBootup        0x801'20e3     0x2  Code  Gb  lifegrd.o [1]
_post_SlaveStateChange   0x801'20e5     0x2  Code  Gb  lifegrd.o [1]
_post_TPDO               0x801'06bf     0x2  Code  Gb  sync.o [1]
_post_emcy               0x801'07cd     0x2  Code  Gb  emcy.o [1]
_post_sync               0x801'06bd     0x2  Code  Gb  sync.o [1]
_preOperational          0x800'f5bb    0x18  Code  Gb  states.o [1]
_sendPDOevent            0x801'14d9   0x3de  Code  Gb  pdo.o [1]
_setODentry              0x800'ad0d   0x20e  Code  Gb  objacces.o [1]
_stopped                 0x800'f5d5     0x2  Code  Gb  states.o [1]
_storeODSubIndex         0x800'afcd     0x2  Code  Gb  objacces.o [1]
a_GetCrc                 0x801'3079    0x48  Code  Gb  AnyID_Stdlib.o [1]
abort                    0x800'e7bf     0x6  Code  Gb  abort.o [2]
accessDictionaryError    0x800'a8dd   0x284  Code  Gb  objacces.o [1]
addrValue               0x2000'1f63     0x1  Data  Gb  AnyId_Canopen_Slave.o [1]
buildPDO                 0x801'07d1   0x290  Code  Gb  pdo.o [1]
canDispatch              0x800'edbd    0x9c  Code  Gb  states.o [1]
canSend                  0x800'd0ed    0x9c  Code  Gb  AnyID_CanOpen_Can_HL.o [1]
dispose_chunk            0x800'b075   0x4a6  Code  Lc  dlmalloc.o [2]
emergencyInit            0x801'06f7    0x1e  Code  Gb  emcy.o [1]
emergencyStop            0x801'0715     0x2  Code  Gb  emcy.o [1]
exit                     0x801'4f7b     0x4  Code  Gb  exit.o [2]
failedSDO                0x800'580d   0x1e6  Code  Gb  sdo.o [1]
free                     0x800'cd77     0x4  Code  Gb  heaptramp0.o [2]
frexp                    0x800'f705          Code  Gb  frexp.o [3]
frexpl                   0x800'f705          Code  Gb  frexp.o [3]
g_nLedDelayTime         0x2000'1f20     0x4  Data  Gb  AnyID_CanOpen_SysCfg.o [1]
g_nRs485DebugInfo       0x2000'186c   0x100  Data  Gb  AnyID_CanOpen_RS485.o [1]
g_nSysDelay             0x2000'1f30     0x4  Data  Gb  AnyID_CanOpen_SysTick_HL.o [1]
g_nSysState             0x2000'11cc     0x4  Data  Gb  AnyID_CanOpen_SysCfg.o [1]
g_nSysTick              0x2000'1f2c     0x4  Data  Gb  AnyID_CanOpen_SysTick_HL.o [1]
g_sCanFrame             0x2000'1b2c    0x30  Data  Gb  AnyID_CanOpen_Can_HL.o [1]
g_sDeviceParams         0x2000'1b5c    0x2c  Data  Gb  AnyID_CanOpen_Device.o [1]
g_sFramBootParamenter   0x2000'1cd4     0x8  Data  Gb  AnyID_CanOpen_FRam.o [1]
g_sRS485RcvFrame        0x2000'1284   0x410  Data  Gb  AnyID_CanOpen_RS485.o [1]
g_sRtcTime              0x2000'0000     0xc  Data  Gb  AnyID_CanOpen_RTC.o [1]
getElapsedTime           0x800'e869     0x8  Code  Gb  AnyID_CanOpen_Tim_HL.o [1]
getNodeId                0x800'f35b     0x6  Code  Gb  states.o [1]
getSDOfreeLine           0x800'5cf3    0x82  Code  Gb  sdo.o [1]
getSDOlineOnUse          0x800'5d89    0x70  Code  Gb  sdo.o [1]
getSDOlineRestBytes      0x800'5e11    0x3c  Code  Gb  sdo.o [1]
heartbeatInit            0x801'1ea3    0x8e  Code  Gb  lifegrd.o [1]
heartbeatStop            0x801'2069    0x42  Code  Gb  lifegrd.o [1]
initSDOline              0x800'5a8b   0x268  Code  Gb  sdo.o [1]
init_mparams             0x800'b007    0x2c  Code  Lc  dlmalloc.o [2]
init_top                 0x800'b033    0x34  Code  Lc  dlmalloc.o [2]
keyValue                0x2000'1f62     0x1  Data  Gb  AnyId_Canopen_Slave.o [1]
last_timer_raw          0x2000'126a     0x2  Data  Gb  timer.o [1]
ldexp                    0x800'f7d5          Code  Gb  ldexp.o [3]
ldexpl                   0x800'f7d5          Code  Gb  ldexp.o [3]
lifeGuardInit            0x801'20bd    0x12  Code  Gb  lifegrd.o [1]
lifeGuardStop            0x801'20cf    0x12  Code  Gb  lifegrd.o [1]
lineToSDO                0x800'54cd   0x13e  Code  Gb  sdo.o [1]
localeconv               0x800'f649     0x4  Code  Gb  xlocale_c.o [2]
main                     0x801'4f67    0x14  Code  Gb  main.o [1]
masterSendNMTnodeguard   0x801'2321    0x68  Code  Gb  nmtMaster.o [1]
masterSendNMTstateChange
                         0x801'2279    0xa8  Code  Gb  nmtMaster.o [1]
memchr                   0x800'f6ad          Code  Gb  memchr.o [4]
memcmp                   0x801'250d          Code  Gb  memcmp.o [4]
mparams                 0x2000'1c98    0x18  Data  Lc  dlmalloc.o [2]
nodeguardInit            0x801'1f31    0xfc  Code  Gb  lifegrd.o [1]
nodeguardStop            0x801'20ab    0x12  Code  Gb  lifegrd.o [1]
objdictToSDOline         0x800'5355   0x178  Code  Gb  sdo.o [1]
proceedEMCY              0x801'0717    0xa2  Code  Gb  emcy.o [1]
proceedNMTstateChange    0x801'20e9   0x118  Code  Gb  nmtSlave.o [1]
proceedNODE_GUARD        0x801'1adb   0x20e  Code  Gb  lifegrd.o [1]
proceedPDO               0x801'0a61   0x64a  Code  Gb  pdo.o [1]
proceedSDO               0x800'6161  0x44ee  Code  Gb  sdo.o [1]
proceedSYNC              0x801'063d    0x66  Code  Gb  sync.o [1]
realloc                  0x800'cd7b     0x4  Code  Gb  heaptramp0.o [2]
resetSDO                 0x800'5201    0x1e  Code  Gb  sdo.o [1]
resetSDOline             0x800'59f3    0x98  Code  Gb  sdo.o [1]
scalbln                  0x800'f7d5          Code  Gb  ldexp.o [3]
scalblnl                 0x800'f7d5          Code  Gb  ldexp.o [3]
scalbn                   0x800'f7d5          Code  Gb  ldexp.o [3]
scalbnl                  0x800'f7d5          Code  Gb  ldexp.o [3]
scale                    0x800'e211    0x46  Code  Lc  xprintffull.o [2]
scanIndexOD              0x800'af75    0x1a  Code  Gb  objacces.o [1]
sec_hand                0x2000'1f34     0x4  Data  Lc  xfail_s.o [2]
segment_holding          0x800'afed    0x1a  Code  Lc  dlmalloc.o [2]
sendOnePDOevent          0x801'121d   0x228  Code  Gb  pdo.o [1]
sendPdo                  0x801'1183    0x9a  Code  Lc  pdo.o [1]
sendSDO                  0x800'5e65   0x204  Code  Gb  sdo.o [1]
sendSDOabort             0x800'606d    0x92  Code  Gb  sdo.o [1]
sendSYNC                 0x801'0625    0x18  Code  Gb  sync.o [1]
sendSYNCMessage          0x801'05c7    0x5e  Code  Gb  sync.o [1]
setNodeId                0x800'f361   0x204  Code  Gb  states.o [1]
setSDOlineRestBytes      0x800'5e4d    0x18  Code  Gb  sdo.o [1]
setState                 0x800'f27f    0xdc  Code  Gb  states.o [1]
setTimer                 0x800'e863     0x6  Code  Gb  AnyID_CanOpen_Tim_HL.o [1]
slaveSendBootUp          0x801'2201    0x66  Code  Gb  nmtSlave.o [1]
sprintf                  0x800'a6e9    0x40  Code  Gb  sprintf.o [2]
startSYNC                0x801'0535    0x64  Code  Gb  sync.o [1]
stopSYNC                 0x801'0599    0x2e  Code  Gb  sync.o [1]
strchr                   0x800'f655          Code  Gb  strchr.o [4]
strlen                   0x800'e789          Code  Gb  strlen.o [4]
switchCommunicationState
                         0x800'ee59   0x426  Code  Gb  states.o [1]
testbuf                 0x2000'196c   0x100  Data  Gb  AnyId_Canopen_Slave.o [1]
timers                  0x2000'1a6c    0xc0  Data  Gb  timer.o [1]
total_sleep_time        0x2000'11e4     0x4  Data  Gb  timer.o [1]
try_realloc_chunk        0x800'c92d   0x318  Code  Lc  dlmalloc.o [2]
uid                     0x2000'1ce0     0x8  Data  Gb  AnyId_Canopen_Slave.o [1]
value                   0x2000'1f1c     0x4  Data  Gb  AnyId_Canopen_Slave.o [1]
value2                  0x2000'1f60     0x2  Data  Gb  AnyId_Canopen_Slave.o [1]


[1] = E:\AnyID\Git\CanOpen_CanFestival_Stu\CanOpen\Build\Obj
[2] = dl7M_tlf.a
[3] = m7M_tl.a
[4] = rt7M_tl.a
[5] = shb_l.a

  60'072 bytes of readonly  code memory
   9'093 bytes of readonly  data memory (+ 50 absolute)
  16'253 bytes of readwrite data memory

Errors: none
Warnings: none
